// Jest Snapshot v1, https://goo.gl/fbAQLP

exports[`GetArrivalBoardRequest sends a request with minimal parameters correctly 1`] = `
Object {
  "$": Object {
    "xmlns:lt": "http://thalesgroup.com/RTTI/2012-01-13/ldb/types",
    "xmlns:lt2": "http://thalesgroup.com/RTTI/2014-02-20/ldb/types",
    "xmlns:lt3": "http://thalesgroup.com/RTTI/2015-05-14/ldb/types",
    "xmlns:lt4": "http://thalesgroup.com/RTTI/2015-11-27/ldb/types",
    "xmlns:lt5": "http://thalesgroup.com/RTTI/2016-02-16/ldb/types",
    "xmlns:lt6": "http://thalesgroup.com/RTTI/2017-02-02/ldb/types",
    "xmlns:lt7": "http://thalesgroup.com/RTTI/2017-10-01/ldb/types",
  },
  "crs": "ECR",
  "generatedAt": "2019-12-15T13:48:39.1382221+00:00",
  "locationName": "East Croydon",
  "platformAvailable": true,
  "trainServices": Object {
    "service": Array [
      Object {
        "destination": Object {
          "location": Array [
            Object {
              "crs": "VIC",
              "locationName": "London Victoria",
            },
          ],
        },
        "eta": "13:44",
        "length": 8,
        "operator": "Southern",
        "operatorCode": "SN",
        "origin": Object {
          "location": Array [
            Object {
              "crs": "LIT",
              "locationName": "Littlehampton",
            },
          ],
        },
        "platform": 2,
        "serviceID": "PjNtFN3fwL+Pr+qC/oUByw==",
        "serviceType": "train",
        "sta": "13:42",
      },
      Object {
        "destination": Object {
          "location": Array [
            Object {
              "crs": "VIC",
              "locationName": "London Victoria",
            },
          ],
        },
        "eta": "13:49",
        "length": 8,
        "operator": "Southern",
        "operatorCode": "SN",
        "origin": Object {
          "location": Array [
            Object {
              "crs": "BTN",
              "locationName": "Brighton",
            },
          ],
        },
        "platform": 2,
        "serviceID": "F7vfvIZVIMEz8NM4kHKiHA==",
        "serviceType": "train",
        "sta": "13:46",
      },
      Object {
        "destination": Object {
          "location": Array [
            Object {
              "crs": "BDM",
              "locationName": "Bedford",
            },
          ],
        },
        "eta": "On time",
        "length": 12,
        "operator": "Thameslink",
        "operatorCode": "TL",
        "origin": Object {
          "location": Array [
            Object {
              "crs": "BTN",
              "locationName": "Brighton",
            },
          ],
        },
        "platform": 4,
        "serviceID": "htcXQiJjJTVVWgdzHfYscg==",
        "serviceType": "train",
        "sta": "13:50",
      },
      Object {
        "destination": Object {
          "location": Array [
            Object {
              "crs": "VIC",
              "locationName": "London Victoria",
            },
          ],
        },
        "eta": "On time",
        "length": 8,
        "operator": "Southern",
        "operatorCode": "SN",
        "origin": Object {
          "location": Array [
            Object {
              "crs": "EGR",
              "locationName": "East Grinstead",
            },
          ],
        },
        "platform": 2,
        "serviceID": "zHN1qYqF7kZefiS0DIa3bw==",
        "serviceType": "train",
        "sta": "13:53",
      },
      Object {
        "cancelReason": "This train has been cancelled because of earlier engineering works not being finished on time",
        "delayReason": "This train has been delayed by earlier engineering works not being finished on time",
        "destination": Object {
          "location": Array [
            Object {
              "crs": "PMH",
              "locationName": "Portsmouth Harbour",
              "via": "via Horsham ",
            },
            Object {
              "crs": "BOG",
              "locationName": "Bognor Regis",
              "via": "via Horsham ",
            },
          ],
        },
        "eta": "Delayed",
        "length": 12,
        "operator": "Southern",
        "operatorCode": "SN",
        "origin": Object {
          "location": Array [
            Object {
              "crs": "VIC",
              "locationName": "London Victoria",
            },
          ],
        },
        "platform": 6,
        "rsid": "SN670303",
        "serviceID": "fYFNYyHSm4/9gwPfcyvIHA==",
        "serviceType": "train",
        "sta": "13:53",
      },
      Object {
        "destination": Object {
          "location": Array [
            Object {
              "crs": "CAT",
              "locationName": "Caterham",
            },
            Object {
              "crs": "TAT",
              "locationName": "Tattenham Corner",
            },
          ],
        },
        "eta": "On time",
        "length": 10,
        "operator": "Southern",
        "operatorCode": "SN",
        "origin": Object {
          "location": Array [
            Object {
              "crs": "LBG",
              "locationName": "London Bridge",
            },
          ],
        },
        "platform": 6,
        "serviceID": "z26fuyfOxIItCpy1p9dj/w==",
        "serviceType": "train",
        "sta": "13:56",
      },
      Object {
        "destination": Object {
          "location": Array [
            Object {
              "crs": "ECR",
              "locationName": "East Croydon",
            },
          ],
        },
        "eta": "On time",
        "operator": "Southern",
        "operatorCode": "SN",
        "origin": Object {
          "location": Array [
            Object {
              "crs": "LBG",
              "locationName": "London Bridge",
            },
          ],
        },
        "platform": 5,
        "serviceID": "hCthuRaq4OnVdByqGoJVww==",
        "serviceType": "train",
        "sta": "13:59",
      },
      Object {
        "destination": Object {
          "location": Array [
            Object {
              "crs": "LBG",
              "locationName": "London Bridge",
              "via": "via Forest Hill",
            },
          ],
        },
        "eta": "On time",
        "length": 10,
        "operator": "Southern",
        "operatorCode": "SN",
        "origin": Object {
          "location": Array [
            Object {
              "crs": "CAT",
              "locationName": "Caterham",
            },
            Object {
              "crs": "TAT",
              "locationName": "Tattenham Corner",
            },
          ],
        },
        "platform": 4,
        "serviceID": "Cw51+3CKU0TdJjZbIjTj3g==",
        "serviceType": "train",
        "sta": "14:00",
      },
      Object {
        "destination": Object {
          "location": Array [
            Object {
              "crs": "CBG",
              "locationName": "Cambridge",
            },
          ],
        },
        "eta": "On time",
        "length": 12,
        "operator": "Thameslink",
        "operatorCode": "TL",
        "origin": Object {
          "location": Array [
            Object {
              "crs": "GTW",
              "locationName": "Gatwick Airport",
            },
          ],
        },
        "platform": 4,
        "serviceID": "I7lbgYlePQ8N38zoBmRXVQ==",
        "serviceType": "train",
        "sta": "14:03",
      },
      Object {
        "destination": Object {
          "location": Array [
            Object {
              "crs": "LWS",
              "locationName": "Lewes",
            },
          ],
        },
        "eta": "On time",
        "length": 8,
        "operator": "Southern",
        "operatorCode": "SN",
        "origin": Object {
          "location": Array [
            Object {
              "crs": "VIC",
              "locationName": "London Victoria",
            },
          ],
        },
        "platform": 3,
        "rsid": "SN377000",
        "serviceID": "a5ar7XL9XBf2EZuw4mOHpQ==",
        "serviceType": "train",
        "sta": "14:03",
      },
      Object {
        "destination": Object {
          "location": Array [
            Object {
              "crs": "BTN",
              "locationName": "Brighton",
            },
          ],
        },
        "eta": "On time",
        "length": 12,
        "operator": "Thameslink",
        "operatorCode": "TL",
        "origin": Object {
          "location": Array [
            Object {
              "crs": "BDM",
              "locationName": "Bedford",
            },
          ],
        },
        "platform": 6,
        "rsid": "TL017000",
        "serviceID": "AKqlFj5Qc0WnNXf/L80eFw==",
        "serviceType": "train",
        "sta": "14:06",
      },
      Object {
        "cancelReason": "This train has been cancelled because of earlier engineering works not being finished on time",
        "delayReason": "This train has been delayed by earlier engineering works not being finished on time",
        "destination": Object {
          "location": Array [
            Object {
              "crs": "VIC",
              "locationName": "London Victoria",
            },
          ],
        },
        "eta": "14:11",
        "length": 12,
        "operator": "Southern",
        "operatorCode": "SN",
        "origin": Object {
          "location": Array [
            Object {
              "crs": "BAA",
              "locationName": "Barnham",
            },
            Object {
              "crs": "HAV",
              "locationName": "Havant",
            },
          ],
        },
        "platform": 2,
        "serviceID": "MoV6UHw+KZoomovkR+1ugA==",
        "serviceType": "train",
        "sta": "14:06",
      },
      Object {
        "destination": Object {
          "location": Array [
            Object {
              "crs": "EGR",
              "locationName": "East Grinstead",
            },
          ],
        },
        "eta": "On time",
        "length": 10,
        "operator": "Southern",
        "operatorCode": "SN",
        "origin": Object {
          "location": Array [
            Object {
              "crs": "VIC",
              "locationName": "London Victoria",
            },
          ],
        },
        "platform": 4,
        "serviceID": "53QvLeRfp5mbEXL/08Fw4Q==",
        "serviceType": "train",
        "sta": "14:10",
      },
      Object {
        "destination": Object {
          "location": Array [
            Object {
              "crs": "GTW",
              "locationName": "Gatwick Airport",
            },
          ],
        },
        "eta": "On time",
        "length": 12,
        "operator": "Thameslink",
        "operatorCode": "TL",
        "origin": Object {
          "location": Array [
            Object {
              "crs": "CBG",
              "locationName": "Cambridge",
            },
          ],
        },
        "platform": 6,
        "serviceID": "ga6ohzYLm/4kjtMsOoXLkg==",
        "serviceType": "train",
        "sta": "14:12",
      },
      Object {
        "destination": Object {
          "location": Array [
            Object {
              "crs": "VIC",
              "locationName": "London Victoria",
            },
          ],
        },
        "eta": "On time",
        "length": 8,
        "operator": "Southern",
        "operatorCode": "SN",
        "origin": Object {
          "location": Array [
            Object {
              "crs": "LWS",
              "locationName": "Lewes",
            },
          ],
        },
        "platform": 2,
        "rsid": "SN377100",
        "serviceID": "n072C85nYPBDoZTYmrsCwA==",
        "serviceType": "train",
        "sta": "14:13",
      },
      Object {
        "destination": Object {
          "location": Array [
            Object {
              "crs": "BTN",
              "locationName": "Brighton",
            },
          ],
        },
        "eta": "On time",
        "length": 10,
        "operator": "Southern",
        "operatorCode": "SN",
        "origin": Object {
          "location": Array [
            Object {
              "crs": "VIC",
              "locationName": "London Victoria",
            },
          ],
        },
        "platform": 4,
        "rsid": "SN370700",
        "serviceID": "hsmOmQilLAza5MPdqzNTtg==",
        "serviceType": "train",
        "sta": "14:13",
      },
      Object {
        "destination": Object {
          "location": Array [
            Object {
              "crs": "VIC",
              "locationName": "London Victoria",
            },
          ],
        },
        "eta": "On time",
        "length": 10,
        "operator": "Southern",
        "operatorCode": "SN",
        "origin": Object {
          "location": Array [
            Object {
              "crs": "BTN",
              "locationName": "Brighton",
            },
          ],
        },
        "platform": 2,
        "serviceID": "t9OVxydA3WSVPMTtuoMK7w==",
        "serviceType": "train",
        "sta": "14:17",
      },
      Object {
        "destination": Object {
          "location": Array [
            Object {
              "crs": "BDM",
              "locationName": "Bedford",
            },
          ],
        },
        "eta": "On time",
        "length": 12,
        "operator": "Thameslink",
        "operatorCode": "TL",
        "origin": Object {
          "location": Array [
            Object {
              "crs": "BTN",
              "locationName": "Brighton",
            },
          ],
        },
        "platform": 4,
        "serviceID": "1ZoQfiHjyO7K86JUE5Cqbw==",
        "serviceType": "train",
        "sta": "14:20",
      },
      Object {
        "destination": Object {
          "location": Array [
            Object {
              "crs": "REI",
              "locationName": "Reigate",
            },
          ],
        },
        "eta": "On time",
        "length": 4,
        "operator": "Southern",
        "operatorCode": "SN",
        "origin": Object {
          "location": Array [
            Object {
              "crs": "VIC",
              "locationName": "London Victoria",
            },
          ],
        },
        "platform": 6,
        "serviceID": "Bz9T0HAiy7HtanuzsmrjLg==",
        "serviceType": "train",
        "sta": "14:22",
      },
      Object {
        "destination": Object {
          "location": Array [
            Object {
              "crs": "VIC",
              "locationName": "London Victoria",
            },
          ],
        },
        "eta": "On time",
        "length": 10,
        "operator": "Southern",
        "operatorCode": "SN",
        "origin": Object {
          "location": Array [
            Object {
              "crs": "EGR",
              "locationName": "East Grinstead",
            },
          ],
        },
        "platform": 2,
        "serviceID": "Ue761+AcACUng1RC4qQEkw==",
        "serviceType": "train",
        "sta": "14:23",
      },
      Object {
        "destination": Object {
          "location": Array [
            Object {
              "crs": "CAT",
              "locationName": "Caterham",
            },
            Object {
              "crs": "TAT",
              "locationName": "Tattenham Corner",
            },
          ],
        },
        "eta": "On time",
        "length": 10,
        "operator": "Southern",
        "operatorCode": "SN",
        "origin": Object {
          "location": Array [
            Object {
              "crs": "LBG",
              "locationName": "London Bridge",
            },
          ],
        },
        "platform": 6,
        "serviceID": "yAWUyuwnSch0LtLrHNEjdg==",
        "serviceType": "train",
        "sta": "14:25",
      },
      Object {
        "destination": Object {
          "location": Array [
            Object {
              "crs": "ECR",
              "locationName": "East Croydon",
            },
          ],
        },
        "eta": "On time",
        "operator": "Southern",
        "operatorCode": "SN",
        "origin": Object {
          "location": Array [
            Object {
              "crs": "LBG",
              "locationName": "London Bridge",
            },
          ],
        },
        "platform": 5,
        "serviceID": "nISv4JsgmWkzFw2CsguJyw==",
        "serviceType": "train",
        "sta": "14:29",
      },
      Object {
        "destination": Object {
          "location": Array [
            Object {
              "crs": "LBG",
              "locationName": "London Bridge",
              "via": "via Forest Hill",
            },
          ],
        },
        "eta": "On time",
        "length": 10,
        "operator": "Southern",
        "operatorCode": "SN",
        "origin": Object {
          "location": Array [
            Object {
              "crs": "CAT",
              "locationName": "Caterham",
            },
            Object {
              "crs": "TAT",
              "locationName": "Tattenham Corner",
            },
          ],
        },
        "platform": 4,
        "serviceID": "QsnDf8kWNX945jxCHsiRxg==",
        "serviceType": "train",
        "sta": "14:29",
      },
      Object {
        "destination": Object {
          "location": Array [
            Object {
              "crs": "LIT",
              "locationName": "Littlehampton",
              "via": "via Hove & Worthing",
            },
          ],
        },
        "eta": "On time",
        "length": 8,
        "operator": "Southern",
        "operatorCode": "SN",
        "origin": Object {
          "location": Array [
            Object {
              "crs": "VIC",
              "locationName": "London Victoria",
            },
          ],
        },
        "platform": 3,
        "serviceID": "xrryp92XoNR7R/7lUblmhw==",
        "serviceType": "train",
        "sta": "14:32",
      },
      Object {
        "destination": Object {
          "location": Array [
            Object {
              "crs": "VIC",
              "locationName": "London Victoria",
            },
          ],
        },
        "eta": "On time",
        "length": 4,
        "operator": "Southern",
        "operatorCode": "SN",
        "origin": Object {
          "location": Array [
            Object {
              "crs": "REI",
              "locationName": "Reigate",
            },
          ],
        },
        "platform": 2,
        "serviceID": "RnYey7hDozfAV2eP1hYT9g==",
        "serviceType": "train",
        "sta": "14:32",
      },
      Object {
        "destination": Object {
          "location": Array [
            Object {
              "crs": "BTN",
              "locationName": "Brighton",
            },
          ],
        },
        "eta": "On time",
        "length": 12,
        "operator": "Thameslink",
        "operatorCode": "TL",
        "origin": Object {
          "location": Array [
            Object {
              "crs": "BDM",
              "locationName": "Bedford",
            },
          ],
        },
        "platform": 6,
        "rsid": "TL017100",
        "serviceID": "DQxiDjoNNVr9E/KDZtScSw==",
        "serviceType": "train",
        "sta": "14:36",
      },
      Object {
        "destination": Object {
          "location": Array [
            Object {
              "crs": "LBG",
              "locationName": "London Bridge",
              "via": "via Norwood Junction",
            },
          ],
        },
        "eta": "On time",
        "operator": "Thameslink",
        "operatorCode": "TL",
        "origin": Object {
          "location": Array [
            Object {
              "crs": "HRH",
              "locationName": "Horsham",
            },
          ],
        },
        "platform": 4,
        "serviceID": "ZSLQ2EFBqnzrHv5upiRlqA==",
        "serviceType": "train",
        "sta": "14:37",
      },
      Object {
        "destination": Object {
          "location": Array [
            Object {
              "crs": "EGR",
              "locationName": "East Grinstead",
            },
          ],
        },
        "eta": "On time",
        "length": 8,
        "operator": "Southern",
        "operatorCode": "SN",
        "origin": Object {
          "location": Array [
            Object {
              "crs": "VIC",
              "locationName": "London Victoria",
            },
          ],
        },
        "platform": 6,
        "serviceID": "vlhg2Q9mscNY2bS0sk6qsA==",
        "serviceType": "train",
        "sta": "14:39",
      },
      Object {
        "destination": Object {
          "location": Array [
            Object {
              "crs": "VIC",
              "locationName": "London Victoria",
            },
          ],
        },
        "eta": "On time",
        "length": 8,
        "operator": "Southern",
        "operatorCode": "SN",
        "origin": Object {
          "location": Array [
            Object {
              "crs": "LIT",
              "locationName": "Littlehampton",
            },
          ],
        },
        "platform": 2,
        "serviceID": "bSJGKC8l/3pmvvyAipUxJg==",
        "serviceType": "train",
        "sta": "14:42",
      },
      Object {
        "destination": Object {
          "location": Array [
            Object {
              "crs": "HRH",
              "locationName": "Horsham",
            },
          ],
        },
        "eta": "On time",
        "operator": "Thameslink",
        "operatorCode": "TL",
        "origin": Object {
          "location": Array [
            Object {
              "crs": "LBG",
              "locationName": "London Bridge",
            },
          ],
        },
        "platform": 6,
        "serviceID": "JX7FciWXk3DTUJRTmxsE2w==",
        "serviceType": "train",
        "sta": "14:42",
      },
      Object {
        "destination": Object {
          "location": Array [
            Object {
              "crs": "BTN",
              "locationName": "Brighton",
            },
          ],
        },
        "eta": "On time",
        "length": 8,
        "operator": "Southern",
        "operatorCode": "SN",
        "origin": Object {
          "location": Array [
            Object {
              "crs": "VIC",
              "locationName": "London Victoria",
            },
          ],
        },
        "platform": 4,
        "serviceID": "fRwEBqtVscLfP674RbDB0w==",
        "serviceType": "train",
        "sta": "14:44",
      },
      Object {
        "destination": Object {
          "location": Array [
            Object {
              "crs": "VIC",
              "locationName": "London Victoria",
            },
          ],
        },
        "eta": "On time",
        "length": 12,
        "operator": "Southern",
        "operatorCode": "SN",
        "origin": Object {
          "location": Array [
            Object {
              "crs": "BTN",
              "locationName": "Brighton",
            },
          ],
        },
        "platform": 2,
        "serviceID": "2GNL/HMLV57Hy0slOJjNSQ==",
        "serviceType": "train",
        "sta": "14:46",
      },
      Object {
        "destination": Object {
          "location": Array [
            Object {
              "crs": "BDM",
              "locationName": "Bedford",
            },
          ],
        },
        "eta": "On time",
        "length": 12,
        "operator": "Thameslink",
        "operatorCode": "TL",
        "origin": Object {
          "location": Array [
            Object {
              "crs": "BTN",
              "locationName": "Brighton",
            },
          ],
        },
        "platform": 4,
        "serviceID": "uaIpZHWxvUvUGOpdn+bdgA==",
        "serviceType": "train",
        "sta": "14:50",
      },
      Object {
        "destination": Object {
          "location": Array [
            Object {
              "crs": "VIC",
              "locationName": "London Victoria",
            },
          ],
        },
        "eta": "On time",
        "length": 8,
        "operator": "Southern",
        "operatorCode": "SN",
        "origin": Object {
          "location": Array [
            Object {
              "crs": "EGR",
              "locationName": "East Grinstead",
            },
          ],
        },
        "platform": 2,
        "serviceID": "JEXfVxTfoUGQwaaGrkTeEw==",
        "serviceType": "train",
        "sta": "14:53",
      },
      Object {
        "destination": Object {
          "location": Array [
            Object {
              "crs": "PMH",
              "locationName": "Portsmouth Harbour",
              "via": "via Horsham ",
            },
            Object {
              "crs": "BOG",
              "locationName": "Bognor Regis",
              "via": "via Horsham ",
            },
          ],
        },
        "eta": "On time",
        "length": 12,
        "operator": "Southern",
        "operatorCode": "SN",
        "origin": Object {
          "location": Array [
            Object {
              "crs": "VIC",
              "locationName": "London Victoria",
            },
          ],
        },
        "platform": 6,
        "serviceID": "+f76j3veLsld99BMgW8vgg==",
        "serviceType": "train",
        "sta": "14:53",
      },
      Object {
        "destination": Object {
          "location": Array [
            Object {
              "crs": "CAT",
              "locationName": "Caterham",
            },
            Object {
              "crs": "TAT",
              "locationName": "Tattenham Corner",
            },
          ],
        },
        "eta": "On time",
        "length": 10,
        "operator": "Southern",
        "operatorCode": "SN",
        "origin": Object {
          "location": Array [
            Object {
              "crs": "LBG",
              "locationName": "London Bridge",
            },
          ],
        },
        "platform": 6,
        "serviceID": "MkdQtD+QXj/jGPBAncEYBw==",
        "serviceType": "train",
        "sta": "14:56",
      },
      Object {
        "destination": Object {
          "location": Array [
            Object {
              "crs": "ECR",
              "locationName": "East Croydon",
            },
          ],
        },
        "eta": "On time",
        "operator": "Southern",
        "operatorCode": "SN",
        "origin": Object {
          "location": Array [
            Object {
              "crs": "LBG",
              "locationName": "London Bridge",
            },
          ],
        },
        "platform": 5,
        "serviceID": "vNrTgIm+4IgbK2mCq31OjQ==",
        "serviceType": "train",
        "sta": "14:59",
      },
      Object {
        "destination": Object {
          "location": Array [
            Object {
              "crs": "LBG",
              "locationName": "London Bridge",
              "via": "via Forest Hill",
            },
          ],
        },
        "eta": "On time",
        "length": 10,
        "operator": "Southern",
        "operatorCode": "SN",
        "origin": Object {
          "location": Array [
            Object {
              "crs": "CAT",
              "locationName": "Caterham",
            },
            Object {
              "crs": "TAT",
              "locationName": "Tattenham Corner",
            },
          ],
        },
        "platform": 4,
        "serviceID": "iWR9y5pcJrLwIja6n6BNUQ==",
        "serviceType": "train",
        "sta": "15:00",
      },
      Object {
        "destination": Object {
          "location": Array [
            Object {
              "crs": "CBG",
              "locationName": "Cambridge",
            },
          ],
        },
        "eta": "On time",
        "length": 12,
        "operator": "Thameslink",
        "operatorCode": "TL",
        "origin": Object {
          "location": Array [
            Object {
              "crs": "GTW",
              "locationName": "Gatwick Airport",
            },
          ],
        },
        "platform": 4,
        "rsid": "TL266000",
        "serviceID": "ngGbm+r7Fi4QCsezXda6/A==",
        "serviceType": "train",
        "sta": "15:03",
      },
      Object {
        "destination": Object {
          "location": Array [
            Object {
              "crs": "LWS",
              "locationName": "Lewes",
            },
          ],
        },
        "eta": "On time",
        "length": 8,
        "operator": "Southern",
        "operatorCode": "SN",
        "origin": Object {
          "location": Array [
            Object {
              "crs": "VIC",
              "locationName": "London Victoria",
            },
          ],
        },
        "platform": 3,
        "rsid": "SN377200",
        "serviceID": "5hp5ODVcrxDVh4Bh6A/AWw==",
        "serviceType": "train",
        "sta": "15:03",
      },
      Object {
        "destination": Object {
          "location": Array [
            Object {
              "crs": "BTN",
              "locationName": "Brighton",
            },
          ],
        },
        "eta": "On time",
        "length": 12,
        "operator": "Thameslink",
        "operatorCode": "TL",
        "origin": Object {
          "location": Array [
            Object {
              "crs": "BDM",
              "locationName": "Bedford",
            },
          ],
        },
        "platform": 6,
        "serviceID": "CeVkEYtH/rYbDCXRWZ2AYA==",
        "serviceType": "train",
        "sta": "15:06",
      },
      Object {
        "destination": Object {
          "location": Array [
            Object {
              "crs": "VIC",
              "locationName": "London Victoria",
            },
          ],
        },
        "eta": "On time",
        "length": 12,
        "operator": "Southern",
        "operatorCode": "SN",
        "origin": Object {
          "location": Array [
            Object {
              "crs": "BOG",
              "locationName": "Bognor Regis",
            },
            Object {
              "crs": "HAV",
              "locationName": "Havant",
            },
          ],
        },
        "platform": 2,
        "serviceID": "6gtN0t13Ps0IYl8sTVorDQ==",
        "serviceType": "train",
        "sta": "15:06",
      },
      Object {
        "destination": Object {
          "location": Array [
            Object {
              "crs": "EGR",
              "locationName": "East Grinstead",
            },
          ],
        },
        "eta": "On time",
        "length": 10,
        "operator": "Southern",
        "operatorCode": "SN",
        "origin": Object {
          "location": Array [
            Object {
              "crs": "VIC",
              "locationName": "London Victoria",
            },
          ],
        },
        "platform": 4,
        "serviceID": "RQbfN8tREychOGtGHwQPYA==",
        "serviceType": "train",
        "sta": "15:10",
      },
      Object {
        "destination": Object {
          "location": Array [
            Object {
              "crs": "GTW",
              "locationName": "Gatwick Airport",
            },
          ],
        },
        "eta": "On time",
        "length": 12,
        "operator": "Thameslink",
        "operatorCode": "TL",
        "origin": Object {
          "location": Array [
            Object {
              "crs": "CBG",
              "locationName": "Cambridge",
            },
          ],
        },
        "platform": 6,
        "serviceID": "OlYW+gnYH4k9A0m1m9r2jQ==",
        "serviceType": "train",
        "sta": "15:12",
      },
      Object {
        "destination": Object {
          "location": Array [
            Object {
              "crs": "VIC",
              "locationName": "London Victoria",
            },
          ],
        },
        "eta": "On time",
        "length": 8,
        "operator": "Southern",
        "operatorCode": "SN",
        "origin": Object {
          "location": Array [
            Object {
              "crs": "LWS",
              "locationName": "Lewes",
            },
          ],
        },
        "platform": 2,
        "rsid": "SN377300",
        "serviceID": "tKLsdWi8WI53bhQhcMunLQ==",
        "serviceType": "train",
        "sta": "15:13",
      },
      Object {
        "destination": Object {
          "location": Array [
            Object {
              "crs": "BTN",
              "locationName": "Brighton",
            },
          ],
        },
        "eta": "On time",
        "length": 10,
        "operator": "Southern",
        "operatorCode": "SN",
        "origin": Object {
          "location": Array [
            Object {
              "crs": "VIC",
              "locationName": "London Victoria",
            },
          ],
        },
        "platform": 4,
        "rsid": "SN371100",
        "serviceID": "j0+qzvU1377BczJmAyQ/bg==",
        "serviceType": "train",
        "sta": "15:13",
      },
      Object {
        "destination": Object {
          "location": Array [
            Object {
              "crs": "VIC",
              "locationName": "London Victoria",
            },
          ],
        },
        "eta": "On time",
        "length": 8,
        "operator": "Southern",
        "operatorCode": "SN",
        "origin": Object {
          "location": Array [
            Object {
              "crs": "BTN",
              "locationName": "Brighton",
            },
          ],
        },
        "platform": 2,
        "serviceID": "iVt6GXdECr2bEuxLkp+CQQ==",
        "serviceType": "train",
        "sta": "15:17",
      },
      Object {
        "destination": Object {
          "location": Array [
            Object {
              "crs": "BDM",
              "locationName": "Bedford",
            },
          ],
        },
        "eta": "On time",
        "length": 12,
        "operator": "Thameslink",
        "operatorCode": "TL",
        "origin": Object {
          "location": Array [
            Object {
              "crs": "BTN",
              "locationName": "Brighton",
            },
          ],
        },
        "platform": 4,
        "serviceID": "mtSLJGSImsf5JNO5gZ0qyA==",
        "serviceType": "train",
        "sta": "15:20",
      },
      Object {
        "destination": Object {
          "location": Array [
            Object {
              "crs": "REI",
              "locationName": "Reigate",
            },
          ],
        },
        "eta": "On time",
        "length": 4,
        "operator": "Southern",
        "operatorCode": "SN",
        "origin": Object {
          "location": Array [
            Object {
              "crs": "VIC",
              "locationName": "London Victoria",
            },
          ],
        },
        "platform": 6,
        "serviceID": "PLhVrfFfmwmzscPta44uvA==",
        "serviceType": "train",
        "sta": "15:22",
      },
      Object {
        "destination": Object {
          "location": Array [
            Object {
              "crs": "VIC",
              "locationName": "London Victoria",
            },
          ],
        },
        "eta": "On time",
        "length": 10,
        "operator": "Southern",
        "operatorCode": "SN",
        "origin": Object {
          "location": Array [
            Object {
              "crs": "EGR",
              "locationName": "East Grinstead",
            },
          ],
        },
        "platform": 2,
        "serviceID": "jD30WkakBPAL2mh/9vaBdg==",
        "serviceType": "train",
        "sta": "15:23",
      },
      Object {
        "destination": Object {
          "location": Array [
            Object {
              "crs": "CAT",
              "locationName": "Caterham",
            },
            Object {
              "crs": "TAT",
              "locationName": "Tattenham Corner",
            },
          ],
        },
        "eta": "On time",
        "length": 10,
        "operator": "Southern",
        "operatorCode": "SN",
        "origin": Object {
          "location": Array [
            Object {
              "crs": "LBG",
              "locationName": "London Bridge",
            },
          ],
        },
        "platform": 6,
        "serviceID": "PGkWp7SizU7pmjeP1HEGLA==",
        "serviceType": "train",
        "sta": "15:25",
      },
      Object {
        "destination": Object {
          "location": Array [
            Object {
              "crs": "ECR",
              "locationName": "East Croydon",
            },
          ],
        },
        "eta": "On time",
        "operator": "Southern",
        "operatorCode": "SN",
        "origin": Object {
          "location": Array [
            Object {
              "crs": "LBG",
              "locationName": "London Bridge",
            },
          ],
        },
        "platform": 5,
        "serviceID": "sVDJQrGC4IP8hFXr6+JYhg==",
        "serviceType": "train",
        "sta": "15:29",
      },
      Object {
        "destination": Object {
          "location": Array [
            Object {
              "crs": "LBG",
              "locationName": "London Bridge",
              "via": "via Forest Hill",
            },
          ],
        },
        "eta": "On time",
        "length": 10,
        "operator": "Southern",
        "operatorCode": "SN",
        "origin": Object {
          "location": Array [
            Object {
              "crs": "CAT",
              "locationName": "Caterham",
            },
            Object {
              "crs": "TAT",
              "locationName": "Tattenham Corner",
            },
          ],
        },
        "platform": 4,
        "serviceID": "xK6jGbFBEoZhh7lKhu9lOw==",
        "serviceType": "train",
        "sta": "15:29",
      },
      Object {
        "destination": Object {
          "location": Array [
            Object {
              "crs": "LIT",
              "locationName": "Littlehampton",
              "via": "via Hove & Worthing",
            },
          ],
        },
        "eta": "On time",
        "length": 8,
        "operator": "Southern",
        "operatorCode": "SN",
        "origin": Object {
          "location": Array [
            Object {
              "crs": "VIC",
              "locationName": "London Victoria",
            },
          ],
        },
        "platform": 3,
        "serviceID": "72vgRWxHUaSZ7acVsNY1hA==",
        "serviceType": "train",
        "sta": "15:32",
      },
      Object {
        "destination": Object {
          "location": Array [
            Object {
              "crs": "VIC",
              "locationName": "London Victoria",
            },
          ],
        },
        "eta": "On time",
        "length": 4,
        "operator": "Southern",
        "operatorCode": "SN",
        "origin": Object {
          "location": Array [
            Object {
              "crs": "REI",
              "locationName": "Reigate",
            },
          ],
        },
        "platform": 2,
        "serviceID": "lOlPgX7XEdQKKac5bV/R3w==",
        "serviceType": "train",
        "sta": "15:32",
      },
      Object {
        "destination": Object {
          "location": Array [
            Object {
              "crs": "BTN",
              "locationName": "Brighton",
            },
          ],
        },
        "eta": "On time",
        "length": 12,
        "operator": "Thameslink",
        "operatorCode": "TL",
        "origin": Object {
          "location": Array [
            Object {
              "crs": "BDM",
              "locationName": "Bedford",
            },
          ],
        },
        "platform": 6,
        "serviceID": "xZueLIcARZu52Y3rmH/reQ==",
        "serviceType": "train",
        "sta": "15:36",
      },
      Object {
        "destination": Object {
          "location": Array [
            Object {
              "crs": "LBG",
              "locationName": "London Bridge",
              "via": "via Norwood Junction",
            },
          ],
        },
        "eta": "On time",
        "operator": "Thameslink",
        "operatorCode": "TL",
        "origin": Object {
          "location": Array [
            Object {
              "crs": "HRH",
              "locationName": "Horsham",
            },
          ],
        },
        "platform": 4,
        "serviceID": "r8VrmzE+2S9GJowUjEniNw==",
        "serviceType": "train",
        "sta": "15:37",
      },
      Object {
        "destination": Object {
          "location": Array [
            Object {
              "crs": "EGR",
              "locationName": "East Grinstead",
            },
          ],
        },
        "eta": "On time",
        "length": 8,
        "operator": "Southern",
        "operatorCode": "SN",
        "origin": Object {
          "location": Array [
            Object {
              "crs": "VIC",
              "locationName": "London Victoria",
            },
          ],
        },
        "platform": 6,
        "serviceID": "9nJxbG6zU89eac7ZYx0rsQ==",
        "serviceType": "train",
        "sta": "15:39",
      },
      Object {
        "destination": Object {
          "location": Array [
            Object {
              "crs": "VIC",
              "locationName": "London Victoria",
            },
          ],
        },
        "eta": "On time",
        "length": 8,
        "operator": "Southern",
        "operatorCode": "SN",
        "origin": Object {
          "location": Array [
            Object {
              "crs": "LIT",
              "locationName": "Littlehampton",
            },
          ],
        },
        "platform": 2,
        "serviceID": "mLRKK77X9L7SdvcFoPZBcQ==",
        "serviceType": "train",
        "sta": "15:42",
      },
      Object {
        "destination": Object {
          "location": Array [
            Object {
              "crs": "HRH",
              "locationName": "Horsham",
            },
          ],
        },
        "eta": "On time",
        "operator": "Thameslink",
        "operatorCode": "TL",
        "origin": Object {
          "location": Array [
            Object {
              "crs": "LBG",
              "locationName": "London Bridge",
            },
          ],
        },
        "platform": 6,
        "serviceID": "x7AZ7HwhVVSGJJrx6rN7uA==",
        "serviceType": "train",
        "sta": "15:42",
      },
      Object {
        "destination": Object {
          "location": Array [
            Object {
              "crs": "BTN",
              "locationName": "Brighton",
            },
          ],
        },
        "eta": "On time",
        "length": 12,
        "operator": "Southern",
        "operatorCode": "SN",
        "origin": Object {
          "location": Array [
            Object {
              "crs": "VIC",
              "locationName": "London Victoria",
            },
          ],
        },
        "platform": 4,
        "serviceID": "fOpRVOTMohXefTIucRrnSw==",
        "serviceType": "train",
        "sta": "15:44",
      },
      Object {
        "destination": Object {
          "location": Array [
            Object {
              "crs": "VIC",
              "locationName": "London Victoria",
            },
          ],
        },
        "eta": "On time",
        "length": 8,
        "operator": "Southern",
        "operatorCode": "SN",
        "origin": Object {
          "location": Array [
            Object {
              "crs": "BTN",
              "locationName": "Brighton",
            },
          ],
        },
        "platform": 2,
        "serviceID": "EDUcf3XItGmFyFktBYOIjg==",
        "serviceType": "train",
        "sta": "15:46",
      },
    ],
  },
}
`;

exports[`GetArrivalBoardRequest sends a request with more parameters correctly 1`] = `
Object {
  "$": Object {
    "xmlns:lt": "http://thalesgroup.com/RTTI/2012-01-13/ldb/types",
    "xmlns:lt2": "http://thalesgroup.com/RTTI/2014-02-20/ldb/types",
    "xmlns:lt3": "http://thalesgroup.com/RTTI/2015-05-14/ldb/types",
    "xmlns:lt4": "http://thalesgroup.com/RTTI/2015-11-27/ldb/types",
    "xmlns:lt5": "http://thalesgroup.com/RTTI/2016-02-16/ldb/types",
    "xmlns:lt6": "http://thalesgroup.com/RTTI/2017-02-02/ldb/types",
    "xmlns:lt7": "http://thalesgroup.com/RTTI/2017-10-01/ldb/types",
  },
  "crs": "ECR",
  "generatedAt": "2019-12-15T13:48:39.1382221+00:00",
  "locationName": "East Croydon",
  "platformAvailable": true,
  "trainServices": Object {
    "service": Array [
      Object {
        "destination": Object {
          "location": Array [
            Object {
              "crs": "VIC",
              "locationName": "London Victoria",
            },
          ],
        },
        "eta": "13:44",
        "length": 8,
        "operator": "Southern",
        "operatorCode": "SN",
        "origin": Object {
          "location": Array [
            Object {
              "crs": "LIT",
              "locationName": "Littlehampton",
            },
          ],
        },
        "platform": 2,
        "serviceID": "PjNtFN3fwL+Pr+qC/oUByw==",
        "serviceType": "train",
        "sta": "13:42",
      },
      Object {
        "destination": Object {
          "location": Array [
            Object {
              "crs": "VIC",
              "locationName": "London Victoria",
            },
          ],
        },
        "eta": "13:49",
        "length": 8,
        "operator": "Southern",
        "operatorCode": "SN",
        "origin": Object {
          "location": Array [
            Object {
              "crs": "BTN",
              "locationName": "Brighton",
            },
          ],
        },
        "platform": 2,
        "serviceID": "F7vfvIZVIMEz8NM4kHKiHA==",
        "serviceType": "train",
        "sta": "13:46",
      },
      Object {
        "destination": Object {
          "location": Array [
            Object {
              "crs": "BDM",
              "locationName": "Bedford",
            },
          ],
        },
        "eta": "On time",
        "length": 12,
        "operator": "Thameslink",
        "operatorCode": "TL",
        "origin": Object {
          "location": Array [
            Object {
              "crs": "BTN",
              "locationName": "Brighton",
            },
          ],
        },
        "platform": 4,
        "serviceID": "htcXQiJjJTVVWgdzHfYscg==",
        "serviceType": "train",
        "sta": "13:50",
      },
      Object {
        "destination": Object {
          "location": Array [
            Object {
              "crs": "VIC",
              "locationName": "London Victoria",
            },
          ],
        },
        "eta": "On time",
        "length": 8,
        "operator": "Southern",
        "operatorCode": "SN",
        "origin": Object {
          "location": Array [
            Object {
              "crs": "EGR",
              "locationName": "East Grinstead",
            },
          ],
        },
        "platform": 2,
        "serviceID": "zHN1qYqF7kZefiS0DIa3bw==",
        "serviceType": "train",
        "sta": "13:53",
      },
      Object {
        "cancelReason": "This train has been cancelled because of earlier engineering works not being finished on time",
        "delayReason": "This train has been delayed by earlier engineering works not being finished on time",
        "destination": Object {
          "location": Array [
            Object {
              "crs": "PMH",
              "locationName": "Portsmouth Harbour",
              "via": "via Horsham ",
            },
            Object {
              "crs": "BOG",
              "locationName": "Bognor Regis",
              "via": "via Horsham ",
            },
          ],
        },
        "eta": "Delayed",
        "length": 12,
        "operator": "Southern",
        "operatorCode": "SN",
        "origin": Object {
          "location": Array [
            Object {
              "crs": "VIC",
              "locationName": "London Victoria",
            },
          ],
        },
        "platform": 6,
        "rsid": "SN670303",
        "serviceID": "fYFNYyHSm4/9gwPfcyvIHA==",
        "serviceType": "train",
        "sta": "13:53",
      },
      Object {
        "destination": Object {
          "location": Array [
            Object {
              "crs": "CAT",
              "locationName": "Caterham",
            },
            Object {
              "crs": "TAT",
              "locationName": "Tattenham Corner",
            },
          ],
        },
        "eta": "On time",
        "length": 10,
        "operator": "Southern",
        "operatorCode": "SN",
        "origin": Object {
          "location": Array [
            Object {
              "crs": "LBG",
              "locationName": "London Bridge",
            },
          ],
        },
        "platform": 6,
        "serviceID": "z26fuyfOxIItCpy1p9dj/w==",
        "serviceType": "train",
        "sta": "13:56",
      },
      Object {
        "destination": Object {
          "location": Array [
            Object {
              "crs": "ECR",
              "locationName": "East Croydon",
            },
          ],
        },
        "eta": "On time",
        "operator": "Southern",
        "operatorCode": "SN",
        "origin": Object {
          "location": Array [
            Object {
              "crs": "LBG",
              "locationName": "London Bridge",
            },
          ],
        },
        "platform": 5,
        "serviceID": "hCthuRaq4OnVdByqGoJVww==",
        "serviceType": "train",
        "sta": "13:59",
      },
      Object {
        "destination": Object {
          "location": Array [
            Object {
              "crs": "LBG",
              "locationName": "London Bridge",
              "via": "via Forest Hill",
            },
          ],
        },
        "eta": "On time",
        "length": 10,
        "operator": "Southern",
        "operatorCode": "SN",
        "origin": Object {
          "location": Array [
            Object {
              "crs": "CAT",
              "locationName": "Caterham",
            },
            Object {
              "crs": "TAT",
              "locationName": "Tattenham Corner",
            },
          ],
        },
        "platform": 4,
        "serviceID": "Cw51+3CKU0TdJjZbIjTj3g==",
        "serviceType": "train",
        "sta": "14:00",
      },
      Object {
        "destination": Object {
          "location": Array [
            Object {
              "crs": "CBG",
              "locationName": "Cambridge",
            },
          ],
        },
        "eta": "On time",
        "length": 12,
        "operator": "Thameslink",
        "operatorCode": "TL",
        "origin": Object {
          "location": Array [
            Object {
              "crs": "GTW",
              "locationName": "Gatwick Airport",
            },
          ],
        },
        "platform": 4,
        "serviceID": "I7lbgYlePQ8N38zoBmRXVQ==",
        "serviceType": "train",
        "sta": "14:03",
      },
      Object {
        "destination": Object {
          "location": Array [
            Object {
              "crs": "LWS",
              "locationName": "Lewes",
            },
          ],
        },
        "eta": "On time",
        "length": 8,
        "operator": "Southern",
        "operatorCode": "SN",
        "origin": Object {
          "location": Array [
            Object {
              "crs": "VIC",
              "locationName": "London Victoria",
            },
          ],
        },
        "platform": 3,
        "rsid": "SN377000",
        "serviceID": "a5ar7XL9XBf2EZuw4mOHpQ==",
        "serviceType": "train",
        "sta": "14:03",
      },
      Object {
        "destination": Object {
          "location": Array [
            Object {
              "crs": "BTN",
              "locationName": "Brighton",
            },
          ],
        },
        "eta": "On time",
        "length": 12,
        "operator": "Thameslink",
        "operatorCode": "TL",
        "origin": Object {
          "location": Array [
            Object {
              "crs": "BDM",
              "locationName": "Bedford",
            },
          ],
        },
        "platform": 6,
        "rsid": "TL017000",
        "serviceID": "AKqlFj5Qc0WnNXf/L80eFw==",
        "serviceType": "train",
        "sta": "14:06",
      },
      Object {
        "cancelReason": "This train has been cancelled because of earlier engineering works not being finished on time",
        "delayReason": "This train has been delayed by earlier engineering works not being finished on time",
        "destination": Object {
          "location": Array [
            Object {
              "crs": "VIC",
              "locationName": "London Victoria",
            },
          ],
        },
        "eta": "14:11",
        "length": 12,
        "operator": "Southern",
        "operatorCode": "SN",
        "origin": Object {
          "location": Array [
            Object {
              "crs": "BAA",
              "locationName": "Barnham",
            },
            Object {
              "crs": "HAV",
              "locationName": "Havant",
            },
          ],
        },
        "platform": 2,
        "serviceID": "MoV6UHw+KZoomovkR+1ugA==",
        "serviceType": "train",
        "sta": "14:06",
      },
      Object {
        "destination": Object {
          "location": Array [
            Object {
              "crs": "EGR",
              "locationName": "East Grinstead",
            },
          ],
        },
        "eta": "On time",
        "length": 10,
        "operator": "Southern",
        "operatorCode": "SN",
        "origin": Object {
          "location": Array [
            Object {
              "crs": "VIC",
              "locationName": "London Victoria",
            },
          ],
        },
        "platform": 4,
        "serviceID": "53QvLeRfp5mbEXL/08Fw4Q==",
        "serviceType": "train",
        "sta": "14:10",
      },
      Object {
        "destination": Object {
          "location": Array [
            Object {
              "crs": "GTW",
              "locationName": "Gatwick Airport",
            },
          ],
        },
        "eta": "On time",
        "length": 12,
        "operator": "Thameslink",
        "operatorCode": "TL",
        "origin": Object {
          "location": Array [
            Object {
              "crs": "CBG",
              "locationName": "Cambridge",
            },
          ],
        },
        "platform": 6,
        "serviceID": "ga6ohzYLm/4kjtMsOoXLkg==",
        "serviceType": "train",
        "sta": "14:12",
      },
      Object {
        "destination": Object {
          "location": Array [
            Object {
              "crs": "VIC",
              "locationName": "London Victoria",
            },
          ],
        },
        "eta": "On time",
        "length": 8,
        "operator": "Southern",
        "operatorCode": "SN",
        "origin": Object {
          "location": Array [
            Object {
              "crs": "LWS",
              "locationName": "Lewes",
            },
          ],
        },
        "platform": 2,
        "rsid": "SN377100",
        "serviceID": "n072C85nYPBDoZTYmrsCwA==",
        "serviceType": "train",
        "sta": "14:13",
      },
      Object {
        "destination": Object {
          "location": Array [
            Object {
              "crs": "BTN",
              "locationName": "Brighton",
            },
          ],
        },
        "eta": "On time",
        "length": 10,
        "operator": "Southern",
        "operatorCode": "SN",
        "origin": Object {
          "location": Array [
            Object {
              "crs": "VIC",
              "locationName": "London Victoria",
            },
          ],
        },
        "platform": 4,
        "rsid": "SN370700",
        "serviceID": "hsmOmQilLAza5MPdqzNTtg==",
        "serviceType": "train",
        "sta": "14:13",
      },
      Object {
        "destination": Object {
          "location": Array [
            Object {
              "crs": "VIC",
              "locationName": "London Victoria",
            },
          ],
        },
        "eta": "On time",
        "length": 10,
        "operator": "Southern",
        "operatorCode": "SN",
        "origin": Object {
          "location": Array [
            Object {
              "crs": "BTN",
              "locationName": "Brighton",
            },
          ],
        },
        "platform": 2,
        "serviceID": "t9OVxydA3WSVPMTtuoMK7w==",
        "serviceType": "train",
        "sta": "14:17",
      },
      Object {
        "destination": Object {
          "location": Array [
            Object {
              "crs": "BDM",
              "locationName": "Bedford",
            },
          ],
        },
        "eta": "On time",
        "length": 12,
        "operator": "Thameslink",
        "operatorCode": "TL",
        "origin": Object {
          "location": Array [
            Object {
              "crs": "BTN",
              "locationName": "Brighton",
            },
          ],
        },
        "platform": 4,
        "serviceID": "1ZoQfiHjyO7K86JUE5Cqbw==",
        "serviceType": "train",
        "sta": "14:20",
      },
      Object {
        "destination": Object {
          "location": Array [
            Object {
              "crs": "REI",
              "locationName": "Reigate",
            },
          ],
        },
        "eta": "On time",
        "length": 4,
        "operator": "Southern",
        "operatorCode": "SN",
        "origin": Object {
          "location": Array [
            Object {
              "crs": "VIC",
              "locationName": "London Victoria",
            },
          ],
        },
        "platform": 6,
        "serviceID": "Bz9T0HAiy7HtanuzsmrjLg==",
        "serviceType": "train",
        "sta": "14:22",
      },
      Object {
        "destination": Object {
          "location": Array [
            Object {
              "crs": "VIC",
              "locationName": "London Victoria",
            },
          ],
        },
        "eta": "On time",
        "length": 10,
        "operator": "Southern",
        "operatorCode": "SN",
        "origin": Object {
          "location": Array [
            Object {
              "crs": "EGR",
              "locationName": "East Grinstead",
            },
          ],
        },
        "platform": 2,
        "serviceID": "Ue761+AcACUng1RC4qQEkw==",
        "serviceType": "train",
        "sta": "14:23",
      },
      Object {
        "destination": Object {
          "location": Array [
            Object {
              "crs": "CAT",
              "locationName": "Caterham",
            },
            Object {
              "crs": "TAT",
              "locationName": "Tattenham Corner",
            },
          ],
        },
        "eta": "On time",
        "length": 10,
        "operator": "Southern",
        "operatorCode": "SN",
        "origin": Object {
          "location": Array [
            Object {
              "crs": "LBG",
              "locationName": "London Bridge",
            },
          ],
        },
        "platform": 6,
        "serviceID": "yAWUyuwnSch0LtLrHNEjdg==",
        "serviceType": "train",
        "sta": "14:25",
      },
      Object {
        "destination": Object {
          "location": Array [
            Object {
              "crs": "ECR",
              "locationName": "East Croydon",
            },
          ],
        },
        "eta": "On time",
        "operator": "Southern",
        "operatorCode": "SN",
        "origin": Object {
          "location": Array [
            Object {
              "crs": "LBG",
              "locationName": "London Bridge",
            },
          ],
        },
        "platform": 5,
        "serviceID": "nISv4JsgmWkzFw2CsguJyw==",
        "serviceType": "train",
        "sta": "14:29",
      },
      Object {
        "destination": Object {
          "location": Array [
            Object {
              "crs": "LBG",
              "locationName": "London Bridge",
              "via": "via Forest Hill",
            },
          ],
        },
        "eta": "On time",
        "length": 10,
        "operator": "Southern",
        "operatorCode": "SN",
        "origin": Object {
          "location": Array [
            Object {
              "crs": "CAT",
              "locationName": "Caterham",
            },
            Object {
              "crs": "TAT",
              "locationName": "Tattenham Corner",
            },
          ],
        },
        "platform": 4,
        "serviceID": "QsnDf8kWNX945jxCHsiRxg==",
        "serviceType": "train",
        "sta": "14:29",
      },
      Object {
        "destination": Object {
          "location": Array [
            Object {
              "crs": "LIT",
              "locationName": "Littlehampton",
              "via": "via Hove & Worthing",
            },
          ],
        },
        "eta": "On time",
        "length": 8,
        "operator": "Southern",
        "operatorCode": "SN",
        "origin": Object {
          "location": Array [
            Object {
              "crs": "VIC",
              "locationName": "London Victoria",
            },
          ],
        },
        "platform": 3,
        "serviceID": "xrryp92XoNR7R/7lUblmhw==",
        "serviceType": "train",
        "sta": "14:32",
      },
      Object {
        "destination": Object {
          "location": Array [
            Object {
              "crs": "VIC",
              "locationName": "London Victoria",
            },
          ],
        },
        "eta": "On time",
        "length": 4,
        "operator": "Southern",
        "operatorCode": "SN",
        "origin": Object {
          "location": Array [
            Object {
              "crs": "REI",
              "locationName": "Reigate",
            },
          ],
        },
        "platform": 2,
        "serviceID": "RnYey7hDozfAV2eP1hYT9g==",
        "serviceType": "train",
        "sta": "14:32",
      },
      Object {
        "destination": Object {
          "location": Array [
            Object {
              "crs": "BTN",
              "locationName": "Brighton",
            },
          ],
        },
        "eta": "On time",
        "length": 12,
        "operator": "Thameslink",
        "operatorCode": "TL",
        "origin": Object {
          "location": Array [
            Object {
              "crs": "BDM",
              "locationName": "Bedford",
            },
          ],
        },
        "platform": 6,
        "rsid": "TL017100",
        "serviceID": "DQxiDjoNNVr9E/KDZtScSw==",
        "serviceType": "train",
        "sta": "14:36",
      },
      Object {
        "destination": Object {
          "location": Array [
            Object {
              "crs": "LBG",
              "locationName": "London Bridge",
              "via": "via Norwood Junction",
            },
          ],
        },
        "eta": "On time",
        "operator": "Thameslink",
        "operatorCode": "TL",
        "origin": Object {
          "location": Array [
            Object {
              "crs": "HRH",
              "locationName": "Horsham",
            },
          ],
        },
        "platform": 4,
        "serviceID": "ZSLQ2EFBqnzrHv5upiRlqA==",
        "serviceType": "train",
        "sta": "14:37",
      },
      Object {
        "destination": Object {
          "location": Array [
            Object {
              "crs": "EGR",
              "locationName": "East Grinstead",
            },
          ],
        },
        "eta": "On time",
        "length": 8,
        "operator": "Southern",
        "operatorCode": "SN",
        "origin": Object {
          "location": Array [
            Object {
              "crs": "VIC",
              "locationName": "London Victoria",
            },
          ],
        },
        "platform": 6,
        "serviceID": "vlhg2Q9mscNY2bS0sk6qsA==",
        "serviceType": "train",
        "sta": "14:39",
      },
      Object {
        "destination": Object {
          "location": Array [
            Object {
              "crs": "VIC",
              "locationName": "London Victoria",
            },
          ],
        },
        "eta": "On time",
        "length": 8,
        "operator": "Southern",
        "operatorCode": "SN",
        "origin": Object {
          "location": Array [
            Object {
              "crs": "LIT",
              "locationName": "Littlehampton",
            },
          ],
        },
        "platform": 2,
        "serviceID": "bSJGKC8l/3pmvvyAipUxJg==",
        "serviceType": "train",
        "sta": "14:42",
      },
      Object {
        "destination": Object {
          "location": Array [
            Object {
              "crs": "HRH",
              "locationName": "Horsham",
            },
          ],
        },
        "eta": "On time",
        "operator": "Thameslink",
        "operatorCode": "TL",
        "origin": Object {
          "location": Array [
            Object {
              "crs": "LBG",
              "locationName": "London Bridge",
            },
          ],
        },
        "platform": 6,
        "serviceID": "JX7FciWXk3DTUJRTmxsE2w==",
        "serviceType": "train",
        "sta": "14:42",
      },
      Object {
        "destination": Object {
          "location": Array [
            Object {
              "crs": "BTN",
              "locationName": "Brighton",
            },
          ],
        },
        "eta": "On time",
        "length": 8,
        "operator": "Southern",
        "operatorCode": "SN",
        "origin": Object {
          "location": Array [
            Object {
              "crs": "VIC",
              "locationName": "London Victoria",
            },
          ],
        },
        "platform": 4,
        "serviceID": "fRwEBqtVscLfP674RbDB0w==",
        "serviceType": "train",
        "sta": "14:44",
      },
      Object {
        "destination": Object {
          "location": Array [
            Object {
              "crs": "VIC",
              "locationName": "London Victoria",
            },
          ],
        },
        "eta": "On time",
        "length": 12,
        "operator": "Southern",
        "operatorCode": "SN",
        "origin": Object {
          "location": Array [
            Object {
              "crs": "BTN",
              "locationName": "Brighton",
            },
          ],
        },
        "platform": 2,
        "serviceID": "2GNL/HMLV57Hy0slOJjNSQ==",
        "serviceType": "train",
        "sta": "14:46",
      },
      Object {
        "destination": Object {
          "location": Array [
            Object {
              "crs": "BDM",
              "locationName": "Bedford",
            },
          ],
        },
        "eta": "On time",
        "length": 12,
        "operator": "Thameslink",
        "operatorCode": "TL",
        "origin": Object {
          "location": Array [
            Object {
              "crs": "BTN",
              "locationName": "Brighton",
            },
          ],
        },
        "platform": 4,
        "serviceID": "uaIpZHWxvUvUGOpdn+bdgA==",
        "serviceType": "train",
        "sta": "14:50",
      },
      Object {
        "destination": Object {
          "location": Array [
            Object {
              "crs": "VIC",
              "locationName": "London Victoria",
            },
          ],
        },
        "eta": "On time",
        "length": 8,
        "operator": "Southern",
        "operatorCode": "SN",
        "origin": Object {
          "location": Array [
            Object {
              "crs": "EGR",
              "locationName": "East Grinstead",
            },
          ],
        },
        "platform": 2,
        "serviceID": "JEXfVxTfoUGQwaaGrkTeEw==",
        "serviceType": "train",
        "sta": "14:53",
      },
      Object {
        "destination": Object {
          "location": Array [
            Object {
              "crs": "PMH",
              "locationName": "Portsmouth Harbour",
              "via": "via Horsham ",
            },
            Object {
              "crs": "BOG",
              "locationName": "Bognor Regis",
              "via": "via Horsham ",
            },
          ],
        },
        "eta": "On time",
        "length": 12,
        "operator": "Southern",
        "operatorCode": "SN",
        "origin": Object {
          "location": Array [
            Object {
              "crs": "VIC",
              "locationName": "London Victoria",
            },
          ],
        },
        "platform": 6,
        "serviceID": "+f76j3veLsld99BMgW8vgg==",
        "serviceType": "train",
        "sta": "14:53",
      },
      Object {
        "destination": Object {
          "location": Array [
            Object {
              "crs": "CAT",
              "locationName": "Caterham",
            },
            Object {
              "crs": "TAT",
              "locationName": "Tattenham Corner",
            },
          ],
        },
        "eta": "On time",
        "length": 10,
        "operator": "Southern",
        "operatorCode": "SN",
        "origin": Object {
          "location": Array [
            Object {
              "crs": "LBG",
              "locationName": "London Bridge",
            },
          ],
        },
        "platform": 6,
        "serviceID": "MkdQtD+QXj/jGPBAncEYBw==",
        "serviceType": "train",
        "sta": "14:56",
      },
      Object {
        "destination": Object {
          "location": Array [
            Object {
              "crs": "ECR",
              "locationName": "East Croydon",
            },
          ],
        },
        "eta": "On time",
        "operator": "Southern",
        "operatorCode": "SN",
        "origin": Object {
          "location": Array [
            Object {
              "crs": "LBG",
              "locationName": "London Bridge",
            },
          ],
        },
        "platform": 5,
        "serviceID": "vNrTgIm+4IgbK2mCq31OjQ==",
        "serviceType": "train",
        "sta": "14:59",
      },
      Object {
        "destination": Object {
          "location": Array [
            Object {
              "crs": "LBG",
              "locationName": "London Bridge",
              "via": "via Forest Hill",
            },
          ],
        },
        "eta": "On time",
        "length": 10,
        "operator": "Southern",
        "operatorCode": "SN",
        "origin": Object {
          "location": Array [
            Object {
              "crs": "CAT",
              "locationName": "Caterham",
            },
            Object {
              "crs": "TAT",
              "locationName": "Tattenham Corner",
            },
          ],
        },
        "platform": 4,
        "serviceID": "iWR9y5pcJrLwIja6n6BNUQ==",
        "serviceType": "train",
        "sta": "15:00",
      },
      Object {
        "destination": Object {
          "location": Array [
            Object {
              "crs": "CBG",
              "locationName": "Cambridge",
            },
          ],
        },
        "eta": "On time",
        "length": 12,
        "operator": "Thameslink",
        "operatorCode": "TL",
        "origin": Object {
          "location": Array [
            Object {
              "crs": "GTW",
              "locationName": "Gatwick Airport",
            },
          ],
        },
        "platform": 4,
        "rsid": "TL266000",
        "serviceID": "ngGbm+r7Fi4QCsezXda6/A==",
        "serviceType": "train",
        "sta": "15:03",
      },
      Object {
        "destination": Object {
          "location": Array [
            Object {
              "crs": "LWS",
              "locationName": "Lewes",
            },
          ],
        },
        "eta": "On time",
        "length": 8,
        "operator": "Southern",
        "operatorCode": "SN",
        "origin": Object {
          "location": Array [
            Object {
              "crs": "VIC",
              "locationName": "London Victoria",
            },
          ],
        },
        "platform": 3,
        "rsid": "SN377200",
        "serviceID": "5hp5ODVcrxDVh4Bh6A/AWw==",
        "serviceType": "train",
        "sta": "15:03",
      },
      Object {
        "destination": Object {
          "location": Array [
            Object {
              "crs": "BTN",
              "locationName": "Brighton",
            },
          ],
        },
        "eta": "On time",
        "length": 12,
        "operator": "Thameslink",
        "operatorCode": "TL",
        "origin": Object {
          "location": Array [
            Object {
              "crs": "BDM",
              "locationName": "Bedford",
            },
          ],
        },
        "platform": 6,
        "serviceID": "CeVkEYtH/rYbDCXRWZ2AYA==",
        "serviceType": "train",
        "sta": "15:06",
      },
      Object {
        "destination": Object {
          "location": Array [
            Object {
              "crs": "VIC",
              "locationName": "London Victoria",
            },
          ],
        },
        "eta": "On time",
        "length": 12,
        "operator": "Southern",
        "operatorCode": "SN",
        "origin": Object {
          "location": Array [
            Object {
              "crs": "BOG",
              "locationName": "Bognor Regis",
            },
            Object {
              "crs": "HAV",
              "locationName": "Havant",
            },
          ],
        },
        "platform": 2,
        "serviceID": "6gtN0t13Ps0IYl8sTVorDQ==",
        "serviceType": "train",
        "sta": "15:06",
      },
      Object {
        "destination": Object {
          "location": Array [
            Object {
              "crs": "EGR",
              "locationName": "East Grinstead",
            },
          ],
        },
        "eta": "On time",
        "length": 10,
        "operator": "Southern",
        "operatorCode": "SN",
        "origin": Object {
          "location": Array [
            Object {
              "crs": "VIC",
              "locationName": "London Victoria",
            },
          ],
        },
        "platform": 4,
        "serviceID": "RQbfN8tREychOGtGHwQPYA==",
        "serviceType": "train",
        "sta": "15:10",
      },
      Object {
        "destination": Object {
          "location": Array [
            Object {
              "crs": "GTW",
              "locationName": "Gatwick Airport",
            },
          ],
        },
        "eta": "On time",
        "length": 12,
        "operator": "Thameslink",
        "operatorCode": "TL",
        "origin": Object {
          "location": Array [
            Object {
              "crs": "CBG",
              "locationName": "Cambridge",
            },
          ],
        },
        "platform": 6,
        "serviceID": "OlYW+gnYH4k9A0m1m9r2jQ==",
        "serviceType": "train",
        "sta": "15:12",
      },
      Object {
        "destination": Object {
          "location": Array [
            Object {
              "crs": "VIC",
              "locationName": "London Victoria",
            },
          ],
        },
        "eta": "On time",
        "length": 8,
        "operator": "Southern",
        "operatorCode": "SN",
        "origin": Object {
          "location": Array [
            Object {
              "crs": "LWS",
              "locationName": "Lewes",
            },
          ],
        },
        "platform": 2,
        "rsid": "SN377300",
        "serviceID": "tKLsdWi8WI53bhQhcMunLQ==",
        "serviceType": "train",
        "sta": "15:13",
      },
      Object {
        "destination": Object {
          "location": Array [
            Object {
              "crs": "BTN",
              "locationName": "Brighton",
            },
          ],
        },
        "eta": "On time",
        "length": 10,
        "operator": "Southern",
        "operatorCode": "SN",
        "origin": Object {
          "location": Array [
            Object {
              "crs": "VIC",
              "locationName": "London Victoria",
            },
          ],
        },
        "platform": 4,
        "rsid": "SN371100",
        "serviceID": "j0+qzvU1377BczJmAyQ/bg==",
        "serviceType": "train",
        "sta": "15:13",
      },
      Object {
        "destination": Object {
          "location": Array [
            Object {
              "crs": "VIC",
              "locationName": "London Victoria",
            },
          ],
        },
        "eta": "On time",
        "length": 8,
        "operator": "Southern",
        "operatorCode": "SN",
        "origin": Object {
          "location": Array [
            Object {
              "crs": "BTN",
              "locationName": "Brighton",
            },
          ],
        },
        "platform": 2,
        "serviceID": "iVt6GXdECr2bEuxLkp+CQQ==",
        "serviceType": "train",
        "sta": "15:17",
      },
      Object {
        "destination": Object {
          "location": Array [
            Object {
              "crs": "BDM",
              "locationName": "Bedford",
            },
          ],
        },
        "eta": "On time",
        "length": 12,
        "operator": "Thameslink",
        "operatorCode": "TL",
        "origin": Object {
          "location": Array [
            Object {
              "crs": "BTN",
              "locationName": "Brighton",
            },
          ],
        },
        "platform": 4,
        "serviceID": "mtSLJGSImsf5JNO5gZ0qyA==",
        "serviceType": "train",
        "sta": "15:20",
      },
      Object {
        "destination": Object {
          "location": Array [
            Object {
              "crs": "REI",
              "locationName": "Reigate",
            },
          ],
        },
        "eta": "On time",
        "length": 4,
        "operator": "Southern",
        "operatorCode": "SN",
        "origin": Object {
          "location": Array [
            Object {
              "crs": "VIC",
              "locationName": "London Victoria",
            },
          ],
        },
        "platform": 6,
        "serviceID": "PLhVrfFfmwmzscPta44uvA==",
        "serviceType": "train",
        "sta": "15:22",
      },
      Object {
        "destination": Object {
          "location": Array [
            Object {
              "crs": "VIC",
              "locationName": "London Victoria",
            },
          ],
        },
        "eta": "On time",
        "length": 10,
        "operator": "Southern",
        "operatorCode": "SN",
        "origin": Object {
          "location": Array [
            Object {
              "crs": "EGR",
              "locationName": "East Grinstead",
            },
          ],
        },
        "platform": 2,
        "serviceID": "jD30WkakBPAL2mh/9vaBdg==",
        "serviceType": "train",
        "sta": "15:23",
      },
      Object {
        "destination": Object {
          "location": Array [
            Object {
              "crs": "CAT",
              "locationName": "Caterham",
            },
            Object {
              "crs": "TAT",
              "locationName": "Tattenham Corner",
            },
          ],
        },
        "eta": "On time",
        "length": 10,
        "operator": "Southern",
        "operatorCode": "SN",
        "origin": Object {
          "location": Array [
            Object {
              "crs": "LBG",
              "locationName": "London Bridge",
            },
          ],
        },
        "platform": 6,
        "serviceID": "PGkWp7SizU7pmjeP1HEGLA==",
        "serviceType": "train",
        "sta": "15:25",
      },
      Object {
        "destination": Object {
          "location": Array [
            Object {
              "crs": "ECR",
              "locationName": "East Croydon",
            },
          ],
        },
        "eta": "On time",
        "operator": "Southern",
        "operatorCode": "SN",
        "origin": Object {
          "location": Array [
            Object {
              "crs": "LBG",
              "locationName": "London Bridge",
            },
          ],
        },
        "platform": 5,
        "serviceID": "sVDJQrGC4IP8hFXr6+JYhg==",
        "serviceType": "train",
        "sta": "15:29",
      },
      Object {
        "destination": Object {
          "location": Array [
            Object {
              "crs": "LBG",
              "locationName": "London Bridge",
              "via": "via Forest Hill",
            },
          ],
        },
        "eta": "On time",
        "length": 10,
        "operator": "Southern",
        "operatorCode": "SN",
        "origin": Object {
          "location": Array [
            Object {
              "crs": "CAT",
              "locationName": "Caterham",
            },
            Object {
              "crs": "TAT",
              "locationName": "Tattenham Corner",
            },
          ],
        },
        "platform": 4,
        "serviceID": "xK6jGbFBEoZhh7lKhu9lOw==",
        "serviceType": "train",
        "sta": "15:29",
      },
      Object {
        "destination": Object {
          "location": Array [
            Object {
              "crs": "LIT",
              "locationName": "Littlehampton",
              "via": "via Hove & Worthing",
            },
          ],
        },
        "eta": "On time",
        "length": 8,
        "operator": "Southern",
        "operatorCode": "SN",
        "origin": Object {
          "location": Array [
            Object {
              "crs": "VIC",
              "locationName": "London Victoria",
            },
          ],
        },
        "platform": 3,
        "serviceID": "72vgRWxHUaSZ7acVsNY1hA==",
        "serviceType": "train",
        "sta": "15:32",
      },
      Object {
        "destination": Object {
          "location": Array [
            Object {
              "crs": "VIC",
              "locationName": "London Victoria",
            },
          ],
        },
        "eta": "On time",
        "length": 4,
        "operator": "Southern",
        "operatorCode": "SN",
        "origin": Object {
          "location": Array [
            Object {
              "crs": "REI",
              "locationName": "Reigate",
            },
          ],
        },
        "platform": 2,
        "serviceID": "lOlPgX7XEdQKKac5bV/R3w==",
        "serviceType": "train",
        "sta": "15:32",
      },
      Object {
        "destination": Object {
          "location": Array [
            Object {
              "crs": "BTN",
              "locationName": "Brighton",
            },
          ],
        },
        "eta": "On time",
        "length": 12,
        "operator": "Thameslink",
        "operatorCode": "TL",
        "origin": Object {
          "location": Array [
            Object {
              "crs": "BDM",
              "locationName": "Bedford",
            },
          ],
        },
        "platform": 6,
        "serviceID": "xZueLIcARZu52Y3rmH/reQ==",
        "serviceType": "train",
        "sta": "15:36",
      },
      Object {
        "destination": Object {
          "location": Array [
            Object {
              "crs": "LBG",
              "locationName": "London Bridge",
              "via": "via Norwood Junction",
            },
          ],
        },
        "eta": "On time",
        "operator": "Thameslink",
        "operatorCode": "TL",
        "origin": Object {
          "location": Array [
            Object {
              "crs": "HRH",
              "locationName": "Horsham",
            },
          ],
        },
        "platform": 4,
        "serviceID": "r8VrmzE+2S9GJowUjEniNw==",
        "serviceType": "train",
        "sta": "15:37",
      },
      Object {
        "destination": Object {
          "location": Array [
            Object {
              "crs": "EGR",
              "locationName": "East Grinstead",
            },
          ],
        },
        "eta": "On time",
        "length": 8,
        "operator": "Southern",
        "operatorCode": "SN",
        "origin": Object {
          "location": Array [
            Object {
              "crs": "VIC",
              "locationName": "London Victoria",
            },
          ],
        },
        "platform": 6,
        "serviceID": "9nJxbG6zU89eac7ZYx0rsQ==",
        "serviceType": "train",
        "sta": "15:39",
      },
      Object {
        "destination": Object {
          "location": Array [
            Object {
              "crs": "VIC",
              "locationName": "London Victoria",
            },
          ],
        },
        "eta": "On time",
        "length": 8,
        "operator": "Southern",
        "operatorCode": "SN",
        "origin": Object {
          "location": Array [
            Object {
              "crs": "LIT",
              "locationName": "Littlehampton",
            },
          ],
        },
        "platform": 2,
        "serviceID": "mLRKK77X9L7SdvcFoPZBcQ==",
        "serviceType": "train",
        "sta": "15:42",
      },
      Object {
        "destination": Object {
          "location": Array [
            Object {
              "crs": "HRH",
              "locationName": "Horsham",
            },
          ],
        },
        "eta": "On time",
        "operator": "Thameslink",
        "operatorCode": "TL",
        "origin": Object {
          "location": Array [
            Object {
              "crs": "LBG",
              "locationName": "London Bridge",
            },
          ],
        },
        "platform": 6,
        "serviceID": "x7AZ7HwhVVSGJJrx6rN7uA==",
        "serviceType": "train",
        "sta": "15:42",
      },
      Object {
        "destination": Object {
          "location": Array [
            Object {
              "crs": "BTN",
              "locationName": "Brighton",
            },
          ],
        },
        "eta": "On time",
        "length": 12,
        "operator": "Southern",
        "operatorCode": "SN",
        "origin": Object {
          "location": Array [
            Object {
              "crs": "VIC",
              "locationName": "London Victoria",
            },
          ],
        },
        "platform": 4,
        "serviceID": "fOpRVOTMohXefTIucRrnSw==",
        "serviceType": "train",
        "sta": "15:44",
      },
      Object {
        "destination": Object {
          "location": Array [
            Object {
              "crs": "VIC",
              "locationName": "London Victoria",
            },
          ],
        },
        "eta": "On time",
        "length": 8,
        "operator": "Southern",
        "operatorCode": "SN",
        "origin": Object {
          "location": Array [
            Object {
              "crs": "BTN",
              "locationName": "Brighton",
            },
          ],
        },
        "platform": 2,
        "serviceID": "EDUcf3XItGmFyFktBYOIjg==",
        "serviceType": "train",
        "sta": "15:46",
      },
    ],
  },
}
`;
