// Jest Snapshot v1, https://goo.gl/fbAQLP

exports[`sends a reques with minimal parameters correctly 1`] = `
Object {
  "$": Object {
    "xmlns:lt": "http://thalesgroup.com/RTTI/2012-01-13/ldb/types",
    "xmlns:lt2": "http://thalesgroup.com/RTTI/2014-02-20/ldb/types",
    "xmlns:lt3": "http://thalesgroup.com/RTTI/2015-05-14/ldb/types",
    "xmlns:lt4": "http://thalesgroup.com/RTTI/2015-11-27/ldb/types",
    "xmlns:lt5": "http://thalesgroup.com/RTTI/2016-02-16/ldb/types",
    "xmlns:lt6": "http://thalesgroup.com/RTTI/2017-02-02/ldb/types",
    "xmlns:lt7": "http://thalesgroup.com/RTTI/2017-10-01/ldb/types",
  },
  "crs": "ECR",
  "departures": Object {
    "destination": Object {
      "$": Object {
        "crs": "STP",
      },
      "service": Array [
        Object {
          "cancelReason": "This train has been cancelled because of a fault with the signalling system",
          "delayReason": "This train has been delayed by a fault with the signalling system",
          "destination": Object {
            "location": Array [
              Object {
                "crs": "PBO",
                "locationName": "Peterborough",
              },
            ],
          },
          "eta": "17:23",
          "etd": "17:24",
          "length": 12,
          "operator": "Thameslink",
          "operatorCode": "TL",
          "origin": Object {
            "location": Array [
              Object {
                "crs": "HRH",
                "locationName": "Horsham",
              },
            ],
          },
          "platform": "1",
          "serviceID": "2tI4/cosU7DYIHRO7z0DLg==",
          "serviceType": "train",
          "sta": "17:15",
          "std": "17:15",
        },
      ],
    },
  },
  "generatedAt": "2019-12-17T17:20:59.4669003+00:00",
  "locationName": "East Croydon",
  "nrccMessages": Object {
    "message": Array [
      "Major disruption between London and Stevenage. More details can be found in <A href=\\"http://nationalrail.co.uk/service_disruptions/238310.aspx\\">Latest Travel News.</A>",
      "A passenger has been taken ill on a train at St Albans City and as a result some lins are blocked.  More information can be found in<A href=\\"http://nationalrail.co.uk/service_disruptions/238335.aspx\\"> Latest Travel News.</A>",
      "Disruption through Redhill. More information can be found in <A href=\\"http://nationalrail.co.uk/service_disruptions/238336.aspx\\">Latest Travel News.</A>",
    ],
  },
  "platformAvailable": true,
}
`;

exports[`sends a reques with more parameters correctly 1`] = `
Object {
  "$": Object {
    "xmlns:lt": "http://thalesgroup.com/RTTI/2012-01-13/ldb/types",
    "xmlns:lt2": "http://thalesgroup.com/RTTI/2014-02-20/ldb/types",
    "xmlns:lt3": "http://thalesgroup.com/RTTI/2015-05-14/ldb/types",
    "xmlns:lt4": "http://thalesgroup.com/RTTI/2015-11-27/ldb/types",
    "xmlns:lt5": "http://thalesgroup.com/RTTI/2016-02-16/ldb/types",
    "xmlns:lt6": "http://thalesgroup.com/RTTI/2017-02-02/ldb/types",
    "xmlns:lt7": "http://thalesgroup.com/RTTI/2017-10-01/ldb/types",
  },
  "crs": "ECR",
  "departures": Object {
    "destination": Object {
      "$": Object {
        "crs": "STP",
      },
      "service": Array [
        Object {
          "cancelReason": "This train has been cancelled because of a fault with the signalling system",
          "delayReason": "This train has been delayed by a fault with the signalling system",
          "destination": Object {
            "location": Array [
              Object {
                "crs": "PBO",
                "locationName": "Peterborough",
              },
            ],
          },
          "eta": "17:23",
          "etd": "17:24",
          "length": 12,
          "operator": "Thameslink",
          "operatorCode": "TL",
          "origin": Object {
            "location": Array [
              Object {
                "crs": "HRH",
                "locationName": "Horsham",
              },
            ],
          },
          "platform": "1",
          "serviceID": "2tI4/cosU7DYIHRO7z0DLg==",
          "serviceType": "train",
          "sta": "17:15",
          "std": "17:15",
        },
      ],
    },
  },
  "generatedAt": "2019-12-17T17:20:59.4669003+00:00",
  "locationName": "East Croydon",
  "nrccMessages": Object {
    "message": Array [
      "Major disruption between London and Stevenage. More details can be found in <A href=\\"http://nationalrail.co.uk/service_disruptions/238310.aspx\\">Latest Travel News.</A>",
      "A passenger has been taken ill on a train at St Albans City and as a result some lins are blocked.  More information can be found in<A href=\\"http://nationalrail.co.uk/service_disruptions/238335.aspx\\"> Latest Travel News.</A>",
      "Disruption through Redhill. More information can be found in <A href=\\"http://nationalrail.co.uk/service_disruptions/238336.aspx\\">Latest Travel News.</A>",
    ],
  },
  "platformAvailable": true,
}
`;
