// Jest Snapshot v1, https://goo.gl/fbAQLP

exports[`GetArrDepBoardWithDetailsRequest sends a request with minimal parameters correctly 1`] = `
Object {
  "$": Object {
    "xmlns:lt": "http://thalesgroup.com/RTTI/2012-01-13/ldb/types",
    "xmlns:lt2": "http://thalesgroup.com/RTTI/2014-02-20/ldb/types",
    "xmlns:lt3": "http://thalesgroup.com/RTTI/2015-05-14/ldb/types",
    "xmlns:lt4": "http://thalesgroup.com/RTTI/2015-11-27/ldb/types",
    "xmlns:lt5": "http://thalesgroup.com/RTTI/2016-02-16/ldb/types",
    "xmlns:lt6": "http://thalesgroup.com/RTTI/2017-02-02/ldb/types",
    "xmlns:lt7": "http://thalesgroup.com/RTTI/2017-10-01/ldb/types",
  },
  "crs": "ECR",
  "generatedAt": "2019-12-17T08:16:54.3494412+00:00",
  "locationName": "East Croydon",
  "platformAvailable": true,
  "trainServices": Object {
    "service": Array [
      Object {
        "delayReason": "This train has been delayed by a late running train being in front of this one",
        "destination": Object {
          "location": Array [
            Object {
              "crs": "GTW",
              "locationName": "Gatwick Airport",
            },
          ],
        },
        "eta": "08:13",
        "etd": "08:14",
        "length": 12,
        "operator": "Thameslink",
        "operatorCode": "TL",
        "origin": Object {
          "location": Array [
            Object {
              "crs": "BDM",
              "locationName": "Bedford",
            },
          ],
        },
        "platform": 3,
        "previousCallingPoints": Object {
          "callingPointList": Object {
            "callingPoint": Array [
              Object {
                "at": "06:54",
                "crs": "BDM",
                "length": 12,
                "locationName": "Bedford",
                "st": "06:52",
              },
              Object {
                "at": "07:11",
                "crs": "LUT",
                "length": 12,
                "locationName": "Luton",
                "st": "07:09",
              },
              Object {
                "at": "07:25",
                "crs": "SAC",
                "length": 12,
                "locationName": "St Albans",
                "st": "07:18",
              },
              Object {
                "at": "07:44",
                "crs": "STP",
                "length": 12,
                "locationName": "London St Pancras (Intl)",
                "st": "07:40",
              },
              Object {
                "at": "07:49",
                "crs": "ZFD",
                "length": 12,
                "locationName": "Farringdon Underground",
                "st": "07:44",
              },
              Object {
                "at": "07:52",
                "crs": "CTK",
                "length": 12,
                "locationName": "City Thameslink",
                "st": "07:46",
              },
              Object {
                "at": "07:54",
                "crs": "BFR",
                "length": 12,
                "locationName": "London Blackfriars",
                "st": "07:49",
              },
              Object {
                "at": "07:59",
                "crs": "LBG",
                "length": 12,
                "locationName": "London Bridge",
                "st": "07:55",
              },
            ],
          },
        },
        "serviceID": "ooJ6RtyQfT7XCu7oA+0t6A==",
        "serviceType": "train",
        "sta": "08:08",
        "std": "08:08",
        "subsequentCallingPoints": Object {
          "callingPointList": Object {
            "callingPoint": Array [
              Object {
                "crs": "GTW",
                "et": "08:30",
                "length": 12,
                "locationName": "Gatwick Airport",
                "st": "08:23",
              },
            ],
          },
        },
      },
      Object {
        "destination": Object {
          "location": Array [
            Object {
              "crs": "VIC",
              "locationName": "London Victoria",
            },
          ],
        },
        "eta": "08:21",
        "etd": "08:22",
        "length": 12,
        "operator": "Southern",
        "operatorCode": "SN",
        "origin": Object {
          "location": Array [
            Object {
              "crs": "EGR",
              "locationName": "East Grinstead",
            },
          ],
        },
        "platform": 4,
        "previousCallingPoints": Object {
          "callingPointList": Object {
            "callingPoint": Array [
              Object {
                "at": "On time",
                "crs": "EGR",
                "length": 12,
                "locationName": "East Grinstead",
                "st": "07:36",
              },
              Object {
                "at": "On time",
                "crs": "DMS",
                "length": 12,
                "locationName": "Dormans",
                "st": "07:40",
              },
              Object {
                "at": "No report",
                "crs": "LFD",
                "length": 12,
                "locationName": "Lingfield",
                "st": "07:43",
              },
              Object {
                "at": "07:56",
                "crs": "HUR",
                "length": 12,
                "locationName": "Hurst Green",
                "st": "07:50",
              },
              Object {
                "at": "08:00",
                "crs": "OXT",
                "length": 12,
                "locationName": "Oxted",
                "st": "07:53",
              },
              Object {
                "at": "08:06",
                "crs": "WOH",
                "length": 12,
                "locationName": "Woldingham",
                "st": "07:59",
              },
              Object {
                "at": "08:10",
                "crs": "UWL",
                "length": 12,
                "locationName": "Upper Warlingham",
                "st": "08:02",
              },
              Object {
                "at": "08:14",
                "crs": "RDD",
                "length": 12,
                "locationName": "Riddlesdown",
                "st": "08:06",
              },
              Object {
                "crs": "SNR",
                "et": "08:16",
                "length": 12,
                "locationName": "Sanderstead",
                "st": "08:09",
              },
            ],
          },
        },
        "serviceID": "nSisa9QWlEAkXirHs/wghw==",
        "serviceType": "train",
        "sta": "08:15",
        "std": "08:15",
        "subsequentCallingPoints": Object {
          "callingPointList": Object {
            "callingPoint": Array [
              Object {
                "crs": "CLJ",
                "et": "08:31",
                "length": 12,
                "locationName": "Clapham Junction",
                "st": "08:27",
              },
              Object {
                "crs": "VIC",
                "et": "08:38",
                "length": 12,
                "locationName": "London Victoria",
                "st": "08:35",
              },
            ],
          },
        },
      },
      Object {
        "delayReason": "This train has been delayed by congestion",
        "destination": Object {
          "location": Array [
            Object {
              "crs": "HRH",
              "locationName": "Horsham",
            },
          ],
        },
        "eta": "On time",
        "etd": "On time",
        "length": 12,
        "operator": "Thameslink",
        "operatorCode": "TL",
        "origin": Object {
          "location": Array [
            Object {
              "crs": "PBO",
              "locationName": "Peterborough",
            },
          ],
        },
        "platform": 5,
        "previousCallingPoints": Object {
          "callingPointList": Object {
            "callingPoint": Array [
              Object {
                "at": "06:26",
                "crs": "PBO",
                "length": 12,
                "locationName": "Peterborough",
                "st": "06:24",
              },
              Object {
                "at": "On time",
                "crs": "HUN",
                "length": 12,
                "locationName": "Huntingdon",
                "st": "06:41",
              },
              Object {
                "at": "On time",
                "crs": "SNO",
                "length": 12,
                "locationName": "St Neots",
                "st": "06:48",
              },
              Object {
                "at": "On time",
                "crs": "SDY",
                "length": 12,
                "locationName": "Sandy",
                "st": "06:56",
              },
              Object {
                "at": "On time",
                "crs": "BIW",
                "length": 12,
                "locationName": "Biggleswade",
                "st": "07:00",
              },
              Object {
                "at": "On time",
                "crs": "ARL",
                "length": 12,
                "locationName": "Arlesey",
                "st": "07:05",
              },
              Object {
                "at": "07:13",
                "crs": "HIT",
                "length": 12,
                "locationName": "Hitchin",
                "st": "07:11",
              },
              Object {
                "at": "07:19",
                "crs": "SVG",
                "length": 12,
                "locationName": "Stevenage",
                "st": "07:17",
              },
              Object {
                "at": "07:40",
                "crs": "FPK",
                "length": 12,
                "locationName": "Finsbury Park",
                "st": "07:38",
              },
              Object {
                "at": "07:47",
                "crs": "STP",
                "length": 12,
                "locationName": "London St Pancras (Intl)",
                "st": "07:45",
              },
              Object {
                "at": "07:52",
                "crs": "ZFD",
                "length": 12,
                "locationName": "Farringdon Underground",
                "st": "07:49",
              },
              Object {
                "at": "07:55",
                "crs": "CTK",
                "length": 12,
                "locationName": "City Thameslink",
                "st": "07:51",
              },
              Object {
                "at": "07:56",
                "crs": "BFR",
                "length": 12,
                "locationName": "London Blackfriars",
                "st": "07:54",
              },
              Object {
                "at": "08:01",
                "crs": "LBG",
                "length": 12,
                "locationName": "London Bridge",
                "st": "08:00",
              },
              Object {
                "at": "On time",
                "crs": "NWD",
                "length": 12,
                "locationName": "Norwood Junction",
                "st": "08:12",
              },
            ],
          },
        },
        "serviceID": "RT99IN2flEobbKW4scfaog==",
        "serviceType": "train",
        "sta": "08:16",
        "std": "08:16",
        "subsequentCallingPoints": Object {
          "callingPointList": Object {
            "callingPoint": Array [
              Object {
                "crs": "CDS",
                "et": "On time",
                "length": 12,
                "locationName": "Coulsdon South",
                "st": "08:25",
              },
              Object {
                "crs": "MHM",
                "et": "On time",
                "length": 12,
                "locationName": "Merstham",
                "st": "08:31",
              },
              Object {
                "crs": "RDH",
                "et": "On time",
                "length": 12,
                "locationName": "Redhill",
                "st": "08:35",
              },
              Object {
                "crs": "HOR",
                "et": "On time",
                "length": 12,
                "locationName": "Horley",
                "st": "08:42",
              },
              Object {
                "crs": "GTW",
                "et": "On time",
                "length": 12,
                "locationName": "Gatwick Airport",
                "st": "08:45",
              },
              Object {
                "crs": "TBD",
                "et": "On time",
                "length": 12,
                "locationName": "Three Bridges",
                "st": "08:51",
              },
              Object {
                "crs": "CRW",
                "et": "On time",
                "length": 12,
                "locationName": "Crawley",
                "st": "08:56",
              },
              Object {
                "crs": "IFI",
                "et": "On time",
                "length": 12,
                "locationName": "Ifield",
                "st": "08:59",
              },
              Object {
                "crs": "FGT",
                "et": "On time",
                "length": 12,
                "locationName": "Faygate",
                "st": "09:03",
              },
              Object {
                "crs": "LVN",
                "et": "On time",
                "length": 12,
                "locationName": "Littlehaven",
                "st": "09:07",
              },
              Object {
                "crs": "HRH",
                "et": "On time",
                "length": 12,
                "locationName": "Horsham",
                "st": "09:11",
              },
            ],
          },
        },
      },
      Object {
        "delayReason": "This train has been delayed by congestion",
        "destination": Object {
          "location": Array [
            Object {
              "crs": "PBO",
              "locationName": "Peterborough",
            },
          ],
        },
        "eta": "08:19",
        "etd": "08:20",
        "length": 12,
        "operator": "Thameslink",
        "operatorCode": "TL",
        "origin": Object {
          "location": Array [
            Object {
              "crs": "GTW",
              "locationName": "Gatwick Airport",
            },
          ],
        },
        "platform": 2,
        "previousCallingPoints": Object {
          "callingPointList": Object {
            "callingPoint": Array [
              Object {
                "at": "On time",
                "crs": "GTW",
                "length": 12,
                "locationName": "Gatwick Airport",
                "st": "07:43",
              },
              Object {
                "at": "On time",
                "crs": "HOR",
                "length": 12,
                "locationName": "Horley",
                "st": "07:46",
              },
              Object {
                "at": "On time",
                "crs": "SAF",
                "length": 12,
                "locationName": "Salfords",
                "st": "07:50",
              },
              Object {
                "at": "On time",
                "crs": "ELD",
                "length": 12,
                "locationName": "Earlswood (Surrey)",
                "st": "07:54",
              },
              Object {
                "at": "On time",
                "crs": "RDH",
                "length": 12,
                "locationName": "Redhill",
                "st": "07:59",
              },
              Object {
                "at": "On time",
                "crs": "MHM",
                "length": 12,
                "locationName": "Merstham",
                "st": "08:03",
              },
              Object {
                "at": "On time",
                "crs": "CDS",
                "length": 12,
                "locationName": "Coulsdon South",
                "st": "08:09",
              },
            ],
          },
        },
        "serviceID": "vFSfR9xCjBHuj1GUufPAUQ==",
        "serviceType": "train",
        "sta": "08:15",
        "std": "08:16",
        "subsequentCallingPoints": Object {
          "callingPointList": Object {
            "callingPoint": Array [
              Object {
                "crs": "LBG",
                "et": "08:33",
                "length": 12,
                "locationName": "London Bridge",
                "st": "08:30",
              },
              Object {
                "crs": "BFR",
                "et": "08:39",
                "length": 12,
                "locationName": "London Blackfriars",
                "st": "08:36",
              },
              Object {
                "crs": "CTK",
                "et": "08:41",
                "length": 12,
                "locationName": "City Thameslink",
                "st": "08:38",
              },
              Object {
                "crs": "ZFD",
                "et": "08:43",
                "length": 12,
                "locationName": "Farringdon Underground",
                "st": "08:41",
              },
              Object {
                "crs": "STP",
                "et": "08:47",
                "length": 12,
                "locationName": "London St Pancras (Intl)",
                "st": "08:45",
              },
              Object {
                "crs": "FPK",
                "et": "08:54",
                "length": 12,
                "locationName": "Finsbury Park",
                "st": "08:52",
              },
              Object {
                "crs": "SVG",
                "et": "On time",
                "length": 12,
                "locationName": "Stevenage",
                "st": "09:13",
              },
              Object {
                "crs": "HIT",
                "et": "On time",
                "length": 12,
                "locationName": "Hitchin",
                "st": "09:19",
              },
              Object {
                "crs": "ARL",
                "et": "On time",
                "length": 12,
                "locationName": "Arlesey",
                "st": "09:25",
              },
              Object {
                "crs": "BIW",
                "et": "On time",
                "length": 12,
                "locationName": "Biggleswade",
                "st": "09:30",
              },
              Object {
                "crs": "SDY",
                "et": "On time",
                "length": 12,
                "locationName": "Sandy",
                "st": "09:34",
              },
              Object {
                "crs": "SNO",
                "et": "On time",
                "length": 12,
                "locationName": "St Neots",
                "st": "09:41",
              },
              Object {
                "crs": "HUN",
                "et": "On time",
                "length": 12,
                "locationName": "Huntingdon",
                "st": "09:48",
              },
              Object {
                "crs": "PBO",
                "et": "On time",
                "length": 12,
                "locationName": "Peterborough",
                "st": "10:05",
              },
            ],
          },
        },
      },
      Object {
        "destination": Object {
          "location": Array [
            Object {
              "crs": "LBG",
              "locationName": "London Bridge",
            },
          ],
        },
        "eta": "On time",
        "etd": "On time",
        "length": 10,
        "operator": "Southern",
        "operatorCode": "SN",
        "origin": Object {
          "location": Array [
            Object {
              "crs": "CAT",
              "locationName": "Caterham",
            },
            Object {
              "crs": "TAT",
              "locationName": "Tattenham Corner",
            },
          ],
        },
        "platform": 4,
        "previousCallingPoints": Object {
          "callingPointList": Object {
            "callingPoint": Array [
              Object {
                "at": "On time",
                "crs": "CAT",
                "length": 5,
                "locationName": "Caterham",
                "st": "07:50",
              },
              Object {
                "at": "On time",
                "crs": "WHS",
                "length": 5,
                "locationName": "Whyteleafe South",
                "st": "07:53",
              },
              Object {
                "at": "No report",
                "crs": "WHY",
                "length": 5,
                "locationName": "Whyteleafe",
                "st": "07:55",
              },
              Object {
                "at": "08:00",
                "crs": "KLY",
                "length": 5,
                "locationName": "Kenley",
                "st": "07:58",
              },
              Object {
                "at": "On time",
                "crs": "PUR",
                "length": 10,
                "locationName": "Purley",
                "st": "08:09",
              },
              Object {
                "at": "On time",
                "crs": "PUO",
                "length": 10,
                "locationName": "Purley Oaks",
                "st": "08:12",
              },
              Object {
                "at": "On time",
                "crs": "SCY",
                "length": 10,
                "locationName": "South Croydon",
                "st": "08:15",
              },
            ],
          },
        },
        "serviceID": "ykRMqN5xF7HjeN3/9fnmdg==",
        "serviceType": "train",
        "sta": "08:18",
        "std": "08:18",
        "subsequentCallingPoints": Object {
          "callingPointList": Object {
            "callingPoint": Array [
              Object {
                "crs": "LBG",
                "et": "On time",
                "length": 10,
                "locationName": "London Bridge",
                "st": "08:34",
              },
            ],
          },
        },
      },
      Object {
        "delayReason": "This train has been delayed by congestion",
        "destination": Object {
          "location": Array [
            Object {
              "crs": "BTN",
              "locationName": "Brighton",
            },
          ],
        },
        "eta": "On time",
        "etd": "On time",
        "length": 12,
        "operator": "Thameslink",
        "operatorCode": "TL",
        "origin": Object {
          "location": Array [
            Object {
              "crs": "BDM",
              "locationName": "Bedford",
            },
          ],
        },
        "platform": 3,
        "previousCallingPoints": Object {
          "callingPointList": Object {
            "callingPoint": Array [
              Object {
                "at": "On time",
                "crs": "BDM",
                "length": 12,
                "locationName": "Bedford",
                "st": "06:48",
              },
              Object {
                "at": "On time",
                "crs": "FLT",
                "length": 12,
                "locationName": "Flitwick",
                "st": "06:59",
              },
              Object {
                "at": "On time",
                "crs": "HLN",
                "length": 12,
                "locationName": "Harlington",
                "st": "07:03",
              },
              Object {
                "at": "On time",
                "crs": "LEA",
                "length": 12,
                "locationName": "Leagrave",
                "st": "07:08",
              },
              Object {
                "at": "On time",
                "crs": "LUT",
                "length": 12,
                "locationName": "Luton",
                "st": "07:12",
              },
              Object {
                "at": "On time",
                "crs": "LTN",
                "length": 12,
                "locationName": "Luton Airport Parkway",
                "st": "07:15",
              },
              Object {
                "at": "07:24",
                "crs": "HPD",
                "length": 12,
                "locationName": "Harpenden",
                "st": "07:21",
              },
              Object {
                "at": "07:31",
                "crs": "SAC",
                "length": 12,
                "locationName": "St Albans",
                "st": "07:27",
              },
              Object {
                "at": "07:52",
                "crs": "STP",
                "length": 12,
                "locationName": "London St Pancras (Intl)",
                "st": "07:50",
              },
              Object {
                "at": "07:57",
                "crs": "ZFD",
                "length": 12,
                "locationName": "Farringdon Underground",
                "st": "07:54",
              },
              Object {
                "at": "08:00",
                "crs": "CTK",
                "length": 12,
                "locationName": "City Thameslink",
                "st": "07:56",
              },
              Object {
                "at": "08:01",
                "crs": "BFR",
                "length": 12,
                "locationName": "London Blackfriars",
                "st": "07:59",
              },
              Object {
                "at": "On time",
                "crs": "LBG",
                "length": 12,
                "locationName": "London Bridge",
                "st": "08:05",
              },
            ],
          },
        },
        "serviceID": "fqc8YG9uelXBhSxlu/rxFg==",
        "serviceType": "train",
        "sta": "08:18",
        "std": "08:19",
        "subsequentCallingPoints": Object {
          "callingPointList": Object {
            "callingPoint": Array [
              Object {
                "crs": "GTW",
                "et": "On time",
                "length": 12,
                "locationName": "Gatwick Airport",
                "st": "08:34",
              },
              Object {
                "crs": "TBD",
                "et": "On time",
                "length": 12,
                "locationName": "Three Bridges",
                "st": "08:39",
              },
              Object {
                "crs": "BAB",
                "et": "On time",
                "length": 12,
                "locationName": "Balcombe",
                "st": "08:46",
              },
              Object {
                "crs": "HHE",
                "et": "On time",
                "length": 12,
                "locationName": "Haywards Heath",
                "st": "08:51",
              },
              Object {
                "crs": "WVF",
                "et": "On time",
                "length": 12,
                "locationName": "Wivelsfield",
                "st": "08:58",
              },
              Object {
                "crs": "BUG",
                "et": "On time",
                "length": 12,
                "locationName": "Burgess Hill",
                "st": "09:00",
              },
              Object {
                "crs": "BTN",
                "et": "On time",
                "length": 12,
                "locationName": "Brighton",
                "st": "09:12",
              },
            ],
          },
        },
      },
      Object {
        "destination": Object {
          "location": Array [
            Object {
              "crs": "CAT",
              "locationName": "Caterham",
            },
          ],
        },
        "eta": "On time",
        "etd": "On time",
        "operator": "Southern",
        "operatorCode": "SN",
        "origin": Object {
          "location": Array [
            Object {
              "crs": "VIC",
              "locationName": "London Victoria",
            },
          ],
        },
        "platform": 5,
        "previousCallingPoints": Object {
          "callingPointList": Object {
            "callingPoint": Array [
              Object {
                "at": "On time",
                "crs": "VIC",
                "locationName": "London Victoria",
                "st": "08:01",
              },
              Object {
                "at": "On time",
                "crs": "CLJ",
                "locationName": "Clapham Junction",
                "st": "08:08",
              },
            ],
          },
        },
        "serviceID": "lr3KkIjhYw2OluPLFHPCZg==",
        "serviceType": "train",
        "sta": "08:19",
        "std": "08:20",
        "subsequentCallingPoints": Object {
          "callingPointList": Object {
            "callingPoint": Array [
              Object {
                "crs": "SCY",
                "et": "On time",
                "locationName": "South Croydon",
                "st": "08:22",
              },
              Object {
                "crs": "PUO",
                "et": "On time",
                "locationName": "Purley Oaks",
                "st": "08:26",
              },
              Object {
                "crs": "PUR",
                "et": "On time",
                "locationName": "Purley",
                "st": "08:29",
              },
              Object {
                "crs": "KLY",
                "et": "On time",
                "locationName": "Kenley",
                "st": "08:35",
              },
              Object {
                "crs": "WHY",
                "et": "On time",
                "locationName": "Whyteleafe",
                "st": "08:38",
              },
              Object {
                "crs": "WHS",
                "et": "On time",
                "locationName": "Whyteleafe South",
                "st": "08:40",
              },
              Object {
                "crs": "CAT",
                "et": "On time",
                "locationName": "Caterham",
                "st": "08:45",
              },
            ],
          },
        },
      },
      Object {
        "destination": Object {
          "location": Array [
            Object {
              "crs": "VIC",
              "locationName": "London Victoria",
            },
          ],
        },
        "eta": "08:20",
        "etd": "08:21",
        "length": 12,
        "operator": "Southern",
        "operatorCode": "SN",
        "origin": Object {
          "location": Array [
            Object {
              "crs": "LIT",
              "locationName": "Littlehampton",
            },
          ],
        },
        "platform": 1,
        "previousCallingPoints": Object {
          "callingPointList": Object {
            "callingPoint": Array [
              Object {
                "at": "On time",
                "crs": "LIT",
                "length": 12,
                "locationName": "Littlehampton",
                "st": "06:47",
              },
              Object {
                "at": "06:59",
                "crs": "ANG",
                "length": 12,
                "locationName": "Angmering",
                "st": "06:56",
              },
              Object {
                "at": "07:04",
                "crs": "GBS",
                "length": 12,
                "locationName": "Goring-by-Sea",
                "st": "07:01",
              },
              Object {
                "at": "07:07",
                "crs": "DUR",
                "length": 12,
                "locationName": "Durrington-on-Sea",
                "st": "07:04",
              },
              Object {
                "at": "07:09",
                "crs": "WWO",
                "length": 12,
                "locationName": "West Worthing",
                "st": "07:06",
              },
              Object {
                "at": "07:12",
                "crs": "WRH",
                "length": 12,
                "locationName": "Worthing",
                "st": "07:09",
              },
              Object {
                "at": "07:16",
                "crs": "LAC",
                "length": 12,
                "locationName": "Lancing",
                "st": "07:14",
              },
              Object {
                "at": "07:21",
                "crs": "SSE",
                "length": 12,
                "locationName": "Shoreham-by-Sea",
                "st": "07:18",
              },
              Object {
                "at": "07:26",
                "crs": "PLD",
                "length": 12,
                "locationName": "Portslade",
                "st": "07:23",
              },
              Object {
                "at": "07:30",
                "crs": "HOV",
                "length": 12,
                "locationName": "Hove",
                "st": "07:27",
              },
              Object {
                "at": "07:34",
                "crs": "PRP",
                "length": 12,
                "locationName": "Preston Park",
                "st": "07:33",
              },
              Object {
                "at": "On time",
                "crs": "BUG",
                "length": 12,
                "locationName": "Burgess Hill",
                "st": "07:42",
              },
              Object {
                "at": "07:49",
                "crs": "HHE",
                "length": 12,
                "locationName": "Haywards Heath",
                "st": "07:47",
              },
              Object {
                "at": "07:59",
                "crs": "TBD",
                "length": 12,
                "locationName": "Three Bridges",
                "st": "07:57",
              },
              Object {
                "at": "08:05",
                "crs": "GTW",
                "length": 12,
                "locationName": "Gatwick Airport",
                "st": "08:03",
              },
            ],
          },
        },
        "serviceID": "vbWsRfKaCXOpQk37ZeW8Dg==",
        "serviceType": "train",
        "sta": "08:18",
        "std": "08:20",
        "subsequentCallingPoints": Object {
          "callingPointList": Object {
            "callingPoint": Array [
              Object {
                "crs": "CLJ",
                "et": "On time",
                "length": 12,
                "locationName": "Clapham Junction",
                "st": "08:30",
              },
              Object {
                "crs": "VIC",
                "et": "On time",
                "length": 12,
                "locationName": "London Victoria",
                "st": "08:37",
              },
            ],
          },
        },
      },
      Object {
        "delayReason": "This train has been delayed by congestion",
        "destination": Object {
          "location": Array [
            Object {
              "crs": "BDM",
              "locationName": "Bedford",
              "via": "via London Bridge",
            },
          ],
        },
        "eta": "08:25",
        "etd": "08:26",
        "length": 12,
        "operator": "Thameslink",
        "operatorCode": "TL",
        "origin": Object {
          "location": Array [
            Object {
              "crs": "LIT",
              "locationName": "Littlehampton",
            },
          ],
        },
        "platform": 2,
        "previousCallingPoints": Object {
          "callingPointList": Object {
            "callingPoint": Array [
              Object {
                "at": "On time",
                "crs": "LIT",
                "length": 12,
                "locationName": "Littlehampton",
                "st": "06:52",
              },
              Object {
                "at": "07:04",
                "crs": "ANG",
                "length": 12,
                "locationName": "Angmering",
                "st": "07:01",
              },
              Object {
                "at": "07:09",
                "crs": "GBS",
                "length": 12,
                "locationName": "Goring-by-Sea",
                "st": "07:06",
              },
              Object {
                "at": "07:12",
                "crs": "DUR",
                "length": 12,
                "locationName": "Durrington-on-Sea",
                "st": "07:09",
              },
              Object {
                "at": "07:14",
                "crs": "WWO",
                "length": 12,
                "locationName": "West Worthing",
                "st": "07:12",
              },
              Object {
                "at": "07:17",
                "crs": "WRH",
                "length": 12,
                "locationName": "Worthing",
                "st": "07:15",
              },
              Object {
                "at": "07:22",
                "crs": "LAC",
                "length": 12,
                "locationName": "Lancing",
                "st": "07:19",
              },
              Object {
                "at": "07:26",
                "crs": "SSE",
                "length": 12,
                "locationName": "Shoreham-by-Sea",
                "st": "07:24",
              },
              Object {
                "at": "07:33",
                "crs": "PLD",
                "length": 12,
                "locationName": "Portslade",
                "st": "07:29",
              },
              Object {
                "at": "07:37",
                "crs": "HOV",
                "length": 12,
                "locationName": "Hove",
                "st": "07:33",
              },
              Object {
                "at": "07:42",
                "crs": "PRP",
                "length": 12,
                "locationName": "Preston Park",
                "st": "07:38",
              },
              Object {
                "at": "07:53",
                "crs": "HHE",
                "length": 12,
                "locationName": "Haywards Heath",
                "st": "07:51",
              },
              Object {
                "at": "07:59",
                "crs": "BAB",
                "length": 12,
                "locationName": "Balcombe",
                "st": "07:57",
              },
              Object {
                "at": "08:06",
                "crs": "TBD",
                "length": 12,
                "locationName": "Three Bridges",
                "st": "08:03",
              },
            ],
          },
        },
        "serviceID": "Nuo3Dtl+JRnJKlxZ//OyyA==",
        "serviceType": "train",
        "sta": "08:20",
        "std": "08:21",
        "subsequentCallingPoints": Object {
          "callingPointList": Object {
            "callingPoint": Array [
              Object {
                "crs": "LBG",
                "et": "08:38",
                "length": 12,
                "locationName": "London Bridge",
                "st": "08:34",
              },
              Object {
                "crs": "BFR",
                "et": "08:45",
                "length": 12,
                "locationName": "London Blackfriars",
                "st": "08:41",
              },
              Object {
                "crs": "CTK",
                "et": "08:47",
                "length": 12,
                "locationName": "City Thameslink",
                "st": "08:43",
              },
              Object {
                "crs": "ZFD",
                "et": "08:50",
                "length": 12,
                "locationName": "Farringdon Underground",
                "st": "08:46",
              },
              Object {
                "crs": "STP",
                "et": "08:54",
                "length": 12,
                "locationName": "London St Pancras (Intl)",
                "st": "08:50",
              },
              Object {
                "crs": "LUT",
                "et": "09:19",
                "length": 12,
                "locationName": "Luton",
                "st": "09:17",
              },
              Object {
                "crs": "LEA",
                "et": "09:24",
                "length": 12,
                "locationName": "Leagrave",
                "st": "09:22",
              },
              Object {
                "crs": "HLN",
                "et": "09:28",
                "length": 12,
                "locationName": "Harlington",
                "st": "09:26",
              },
              Object {
                "crs": "FLT",
                "et": "09:32",
                "length": 12,
                "locationName": "Flitwick",
                "st": "09:30",
              },
              Object {
                "crs": "BDM",
                "et": "On time",
                "length": 12,
                "locationName": "Bedford",
                "st": "09:42",
              },
            ],
          },
        },
      },
      Object {
        "destination": Object {
          "location": Array [
            Object {
              "crs": "UCK",
              "locationName": "Uckfield",
            },
          ],
        },
        "eta": "On time",
        "etd": "On time",
        "length": 10,
        "operator": "Southern",
        "operatorCode": "SN",
        "origin": Object {
          "location": Array [
            Object {
              "crs": "LBG",
              "locationName": "London Bridge",
            },
          ],
        },
        "platform": 6,
        "previousCallingPoints": Object {
          "callingPointList": Object {
            "callingPoint": Array [
              Object {
                "at": "On time",
                "crs": "LBG",
                "length": 10,
                "locationName": "London Bridge",
                "st": "08:07",
              },
            ],
          },
        },
        "serviceID": "F3k6McJWDgv7GW5GAQHytg==",
        "serviceType": "train",
        "sta": "08:21",
        "std": "08:22",
        "subsequentCallingPoints": Object {
          "callingPointList": Object {
            "callingPoint": Array [
              Object {
                "crs": "OXT",
                "et": "On time",
                "length": 10,
                "locationName": "Oxted",
                "st": "08:35",
              },
              Object {
                "crs": "HUR",
                "et": "On time",
                "length": 10,
                "locationName": "Hurst Green",
                "st": "08:38",
              },
              Object {
                "crs": "EBT",
                "et": "On time",
                "length": 10,
                "locationName": "Edenbridge Town",
                "st": "08:45",
              },
              Object {
                "crs": "HEV",
                "et": "On time",
                "length": 10,
                "locationName": "Hever",
                "st": "08:49",
              },
              Object {
                "crs": "CWN",
                "et": "On time",
                "length": 10,
                "locationName": "Cowden",
                "st": "08:53",
              },
              Object {
                "crs": "AHS",
                "et": "On time",
                "length": 10,
                "locationName": "Ashurst",
                "st": "08:57",
              },
              Object {
                "crs": "ERI",
                "et": "On time",
                "length": 10,
                "locationName": "Eridge",
                "st": "09:03",
              },
              Object {
                "crs": "COH",
                "et": "On time",
                "length": 10,
                "locationName": "Crowborough",
                "st": "09:09",
              },
              Object {
                "crs": "BXD",
                "et": "On time",
                "length": 10,
                "locationName": "Buxted",
                "st": "09:16",
              },
              Object {
                "crs": "UCK",
                "et": "On time",
                "length": 10,
                "locationName": "Uckfield",
                "st": "09:22",
              },
            ],
          },
        },
      },
    ],
  },
}
`;

exports[`GetArrDepBoardWithDetailsRequest sends a request with more parameters correctly 1`] = `
Object {
  "$": Object {
    "xmlns:lt": "http://thalesgroup.com/RTTI/2012-01-13/ldb/types",
    "xmlns:lt2": "http://thalesgroup.com/RTTI/2014-02-20/ldb/types",
    "xmlns:lt3": "http://thalesgroup.com/RTTI/2015-05-14/ldb/types",
    "xmlns:lt4": "http://thalesgroup.com/RTTI/2015-11-27/ldb/types",
    "xmlns:lt5": "http://thalesgroup.com/RTTI/2016-02-16/ldb/types",
    "xmlns:lt6": "http://thalesgroup.com/RTTI/2017-02-02/ldb/types",
    "xmlns:lt7": "http://thalesgroup.com/RTTI/2017-10-01/ldb/types",
  },
  "crs": "ECR",
  "generatedAt": "2019-12-17T08:16:54.3494412+00:00",
  "locationName": "East Croydon",
  "platformAvailable": true,
  "trainServices": Object {
    "service": Array [
      Object {
        "delayReason": "This train has been delayed by a late running train being in front of this one",
        "destination": Object {
          "location": Array [
            Object {
              "crs": "GTW",
              "locationName": "Gatwick Airport",
            },
          ],
        },
        "eta": "08:13",
        "etd": "08:14",
        "length": 12,
        "operator": "Thameslink",
        "operatorCode": "TL",
        "origin": Object {
          "location": Array [
            Object {
              "crs": "BDM",
              "locationName": "Bedford",
            },
          ],
        },
        "platform": 3,
        "previousCallingPoints": Object {
          "callingPointList": Object {
            "callingPoint": Array [
              Object {
                "at": "06:54",
                "crs": "BDM",
                "length": 12,
                "locationName": "Bedford",
                "st": "06:52",
              },
              Object {
                "at": "07:11",
                "crs": "LUT",
                "length": 12,
                "locationName": "Luton",
                "st": "07:09",
              },
              Object {
                "at": "07:25",
                "crs": "SAC",
                "length": 12,
                "locationName": "St Albans",
                "st": "07:18",
              },
              Object {
                "at": "07:44",
                "crs": "STP",
                "length": 12,
                "locationName": "London St Pancras (Intl)",
                "st": "07:40",
              },
              Object {
                "at": "07:49",
                "crs": "ZFD",
                "length": 12,
                "locationName": "Farringdon Underground",
                "st": "07:44",
              },
              Object {
                "at": "07:52",
                "crs": "CTK",
                "length": 12,
                "locationName": "City Thameslink",
                "st": "07:46",
              },
              Object {
                "at": "07:54",
                "crs": "BFR",
                "length": 12,
                "locationName": "London Blackfriars",
                "st": "07:49",
              },
              Object {
                "at": "07:59",
                "crs": "LBG",
                "length": 12,
                "locationName": "London Bridge",
                "st": "07:55",
              },
            ],
          },
        },
        "serviceID": "ooJ6RtyQfT7XCu7oA+0t6A==",
        "serviceType": "train",
        "sta": "08:08",
        "std": "08:08",
        "subsequentCallingPoints": Object {
          "callingPointList": Object {
            "callingPoint": Array [
              Object {
                "crs": "GTW",
                "et": "08:30",
                "length": 12,
                "locationName": "Gatwick Airport",
                "st": "08:23",
              },
            ],
          },
        },
      },
      Object {
        "destination": Object {
          "location": Array [
            Object {
              "crs": "VIC",
              "locationName": "London Victoria",
            },
          ],
        },
        "eta": "08:21",
        "etd": "08:22",
        "length": 12,
        "operator": "Southern",
        "operatorCode": "SN",
        "origin": Object {
          "location": Array [
            Object {
              "crs": "EGR",
              "locationName": "East Grinstead",
            },
          ],
        },
        "platform": 4,
        "previousCallingPoints": Object {
          "callingPointList": Object {
            "callingPoint": Array [
              Object {
                "at": "On time",
                "crs": "EGR",
                "length": 12,
                "locationName": "East Grinstead",
                "st": "07:36",
              },
              Object {
                "at": "On time",
                "crs": "DMS",
                "length": 12,
                "locationName": "Dormans",
                "st": "07:40",
              },
              Object {
                "at": "No report",
                "crs": "LFD",
                "length": 12,
                "locationName": "Lingfield",
                "st": "07:43",
              },
              Object {
                "at": "07:56",
                "crs": "HUR",
                "length": 12,
                "locationName": "Hurst Green",
                "st": "07:50",
              },
              Object {
                "at": "08:00",
                "crs": "OXT",
                "length": 12,
                "locationName": "Oxted",
                "st": "07:53",
              },
              Object {
                "at": "08:06",
                "crs": "WOH",
                "length": 12,
                "locationName": "Woldingham",
                "st": "07:59",
              },
              Object {
                "at": "08:10",
                "crs": "UWL",
                "length": 12,
                "locationName": "Upper Warlingham",
                "st": "08:02",
              },
              Object {
                "at": "08:14",
                "crs": "RDD",
                "length": 12,
                "locationName": "Riddlesdown",
                "st": "08:06",
              },
              Object {
                "crs": "SNR",
                "et": "08:16",
                "length": 12,
                "locationName": "Sanderstead",
                "st": "08:09",
              },
            ],
          },
        },
        "serviceID": "nSisa9QWlEAkXirHs/wghw==",
        "serviceType": "train",
        "sta": "08:15",
        "std": "08:15",
        "subsequentCallingPoints": Object {
          "callingPointList": Object {
            "callingPoint": Array [
              Object {
                "crs": "CLJ",
                "et": "08:31",
                "length": 12,
                "locationName": "Clapham Junction",
                "st": "08:27",
              },
              Object {
                "crs": "VIC",
                "et": "08:38",
                "length": 12,
                "locationName": "London Victoria",
                "st": "08:35",
              },
            ],
          },
        },
      },
      Object {
        "delayReason": "This train has been delayed by congestion",
        "destination": Object {
          "location": Array [
            Object {
              "crs": "HRH",
              "locationName": "Horsham",
            },
          ],
        },
        "eta": "On time",
        "etd": "On time",
        "length": 12,
        "operator": "Thameslink",
        "operatorCode": "TL",
        "origin": Object {
          "location": Array [
            Object {
              "crs": "PBO",
              "locationName": "Peterborough",
            },
          ],
        },
        "platform": 5,
        "previousCallingPoints": Object {
          "callingPointList": Object {
            "callingPoint": Array [
              Object {
                "at": "06:26",
                "crs": "PBO",
                "length": 12,
                "locationName": "Peterborough",
                "st": "06:24",
              },
              Object {
                "at": "On time",
                "crs": "HUN",
                "length": 12,
                "locationName": "Huntingdon",
                "st": "06:41",
              },
              Object {
                "at": "On time",
                "crs": "SNO",
                "length": 12,
                "locationName": "St Neots",
                "st": "06:48",
              },
              Object {
                "at": "On time",
                "crs": "SDY",
                "length": 12,
                "locationName": "Sandy",
                "st": "06:56",
              },
              Object {
                "at": "On time",
                "crs": "BIW",
                "length": 12,
                "locationName": "Biggleswade",
                "st": "07:00",
              },
              Object {
                "at": "On time",
                "crs": "ARL",
                "length": 12,
                "locationName": "Arlesey",
                "st": "07:05",
              },
              Object {
                "at": "07:13",
                "crs": "HIT",
                "length": 12,
                "locationName": "Hitchin",
                "st": "07:11",
              },
              Object {
                "at": "07:19",
                "crs": "SVG",
                "length": 12,
                "locationName": "Stevenage",
                "st": "07:17",
              },
              Object {
                "at": "07:40",
                "crs": "FPK",
                "length": 12,
                "locationName": "Finsbury Park",
                "st": "07:38",
              },
              Object {
                "at": "07:47",
                "crs": "STP",
                "length": 12,
                "locationName": "London St Pancras (Intl)",
                "st": "07:45",
              },
              Object {
                "at": "07:52",
                "crs": "ZFD",
                "length": 12,
                "locationName": "Farringdon Underground",
                "st": "07:49",
              },
              Object {
                "at": "07:55",
                "crs": "CTK",
                "length": 12,
                "locationName": "City Thameslink",
                "st": "07:51",
              },
              Object {
                "at": "07:56",
                "crs": "BFR",
                "length": 12,
                "locationName": "London Blackfriars",
                "st": "07:54",
              },
              Object {
                "at": "08:01",
                "crs": "LBG",
                "length": 12,
                "locationName": "London Bridge",
                "st": "08:00",
              },
              Object {
                "at": "On time",
                "crs": "NWD",
                "length": 12,
                "locationName": "Norwood Junction",
                "st": "08:12",
              },
            ],
          },
        },
        "serviceID": "RT99IN2flEobbKW4scfaog==",
        "serviceType": "train",
        "sta": "08:16",
        "std": "08:16",
        "subsequentCallingPoints": Object {
          "callingPointList": Object {
            "callingPoint": Array [
              Object {
                "crs": "CDS",
                "et": "On time",
                "length": 12,
                "locationName": "Coulsdon South",
                "st": "08:25",
              },
              Object {
                "crs": "MHM",
                "et": "On time",
                "length": 12,
                "locationName": "Merstham",
                "st": "08:31",
              },
              Object {
                "crs": "RDH",
                "et": "On time",
                "length": 12,
                "locationName": "Redhill",
                "st": "08:35",
              },
              Object {
                "crs": "HOR",
                "et": "On time",
                "length": 12,
                "locationName": "Horley",
                "st": "08:42",
              },
              Object {
                "crs": "GTW",
                "et": "On time",
                "length": 12,
                "locationName": "Gatwick Airport",
                "st": "08:45",
              },
              Object {
                "crs": "TBD",
                "et": "On time",
                "length": 12,
                "locationName": "Three Bridges",
                "st": "08:51",
              },
              Object {
                "crs": "CRW",
                "et": "On time",
                "length": 12,
                "locationName": "Crawley",
                "st": "08:56",
              },
              Object {
                "crs": "IFI",
                "et": "On time",
                "length": 12,
                "locationName": "Ifield",
                "st": "08:59",
              },
              Object {
                "crs": "FGT",
                "et": "On time",
                "length": 12,
                "locationName": "Faygate",
                "st": "09:03",
              },
              Object {
                "crs": "LVN",
                "et": "On time",
                "length": 12,
                "locationName": "Littlehaven",
                "st": "09:07",
              },
              Object {
                "crs": "HRH",
                "et": "On time",
                "length": 12,
                "locationName": "Horsham",
                "st": "09:11",
              },
            ],
          },
        },
      },
      Object {
        "delayReason": "This train has been delayed by congestion",
        "destination": Object {
          "location": Array [
            Object {
              "crs": "PBO",
              "locationName": "Peterborough",
            },
          ],
        },
        "eta": "08:19",
        "etd": "08:20",
        "length": 12,
        "operator": "Thameslink",
        "operatorCode": "TL",
        "origin": Object {
          "location": Array [
            Object {
              "crs": "GTW",
              "locationName": "Gatwick Airport",
            },
          ],
        },
        "platform": 2,
        "previousCallingPoints": Object {
          "callingPointList": Object {
            "callingPoint": Array [
              Object {
                "at": "On time",
                "crs": "GTW",
                "length": 12,
                "locationName": "Gatwick Airport",
                "st": "07:43",
              },
              Object {
                "at": "On time",
                "crs": "HOR",
                "length": 12,
                "locationName": "Horley",
                "st": "07:46",
              },
              Object {
                "at": "On time",
                "crs": "SAF",
                "length": 12,
                "locationName": "Salfords",
                "st": "07:50",
              },
              Object {
                "at": "On time",
                "crs": "ELD",
                "length": 12,
                "locationName": "Earlswood (Surrey)",
                "st": "07:54",
              },
              Object {
                "at": "On time",
                "crs": "RDH",
                "length": 12,
                "locationName": "Redhill",
                "st": "07:59",
              },
              Object {
                "at": "On time",
                "crs": "MHM",
                "length": 12,
                "locationName": "Merstham",
                "st": "08:03",
              },
              Object {
                "at": "On time",
                "crs": "CDS",
                "length": 12,
                "locationName": "Coulsdon South",
                "st": "08:09",
              },
            ],
          },
        },
        "serviceID": "vFSfR9xCjBHuj1GUufPAUQ==",
        "serviceType": "train",
        "sta": "08:15",
        "std": "08:16",
        "subsequentCallingPoints": Object {
          "callingPointList": Object {
            "callingPoint": Array [
              Object {
                "crs": "LBG",
                "et": "08:33",
                "length": 12,
                "locationName": "London Bridge",
                "st": "08:30",
              },
              Object {
                "crs": "BFR",
                "et": "08:39",
                "length": 12,
                "locationName": "London Blackfriars",
                "st": "08:36",
              },
              Object {
                "crs": "CTK",
                "et": "08:41",
                "length": 12,
                "locationName": "City Thameslink",
                "st": "08:38",
              },
              Object {
                "crs": "ZFD",
                "et": "08:43",
                "length": 12,
                "locationName": "Farringdon Underground",
                "st": "08:41",
              },
              Object {
                "crs": "STP",
                "et": "08:47",
                "length": 12,
                "locationName": "London St Pancras (Intl)",
                "st": "08:45",
              },
              Object {
                "crs": "FPK",
                "et": "08:54",
                "length": 12,
                "locationName": "Finsbury Park",
                "st": "08:52",
              },
              Object {
                "crs": "SVG",
                "et": "On time",
                "length": 12,
                "locationName": "Stevenage",
                "st": "09:13",
              },
              Object {
                "crs": "HIT",
                "et": "On time",
                "length": 12,
                "locationName": "Hitchin",
                "st": "09:19",
              },
              Object {
                "crs": "ARL",
                "et": "On time",
                "length": 12,
                "locationName": "Arlesey",
                "st": "09:25",
              },
              Object {
                "crs": "BIW",
                "et": "On time",
                "length": 12,
                "locationName": "Biggleswade",
                "st": "09:30",
              },
              Object {
                "crs": "SDY",
                "et": "On time",
                "length": 12,
                "locationName": "Sandy",
                "st": "09:34",
              },
              Object {
                "crs": "SNO",
                "et": "On time",
                "length": 12,
                "locationName": "St Neots",
                "st": "09:41",
              },
              Object {
                "crs": "HUN",
                "et": "On time",
                "length": 12,
                "locationName": "Huntingdon",
                "st": "09:48",
              },
              Object {
                "crs": "PBO",
                "et": "On time",
                "length": 12,
                "locationName": "Peterborough",
                "st": "10:05",
              },
            ],
          },
        },
      },
      Object {
        "destination": Object {
          "location": Array [
            Object {
              "crs": "LBG",
              "locationName": "London Bridge",
            },
          ],
        },
        "eta": "On time",
        "etd": "On time",
        "length": 10,
        "operator": "Southern",
        "operatorCode": "SN",
        "origin": Object {
          "location": Array [
            Object {
              "crs": "CAT",
              "locationName": "Caterham",
            },
            Object {
              "crs": "TAT",
              "locationName": "Tattenham Corner",
            },
          ],
        },
        "platform": 4,
        "previousCallingPoints": Object {
          "callingPointList": Object {
            "callingPoint": Array [
              Object {
                "at": "On time",
                "crs": "CAT",
                "length": 5,
                "locationName": "Caterham",
                "st": "07:50",
              },
              Object {
                "at": "On time",
                "crs": "WHS",
                "length": 5,
                "locationName": "Whyteleafe South",
                "st": "07:53",
              },
              Object {
                "at": "No report",
                "crs": "WHY",
                "length": 5,
                "locationName": "Whyteleafe",
                "st": "07:55",
              },
              Object {
                "at": "08:00",
                "crs": "KLY",
                "length": 5,
                "locationName": "Kenley",
                "st": "07:58",
              },
              Object {
                "at": "On time",
                "crs": "PUR",
                "length": 10,
                "locationName": "Purley",
                "st": "08:09",
              },
              Object {
                "at": "On time",
                "crs": "PUO",
                "length": 10,
                "locationName": "Purley Oaks",
                "st": "08:12",
              },
              Object {
                "at": "On time",
                "crs": "SCY",
                "length": 10,
                "locationName": "South Croydon",
                "st": "08:15",
              },
            ],
          },
        },
        "serviceID": "ykRMqN5xF7HjeN3/9fnmdg==",
        "serviceType": "train",
        "sta": "08:18",
        "std": "08:18",
        "subsequentCallingPoints": Object {
          "callingPointList": Object {
            "callingPoint": Array [
              Object {
                "crs": "LBG",
                "et": "On time",
                "length": 10,
                "locationName": "London Bridge",
                "st": "08:34",
              },
            ],
          },
        },
      },
      Object {
        "delayReason": "This train has been delayed by congestion",
        "destination": Object {
          "location": Array [
            Object {
              "crs": "BTN",
              "locationName": "Brighton",
            },
          ],
        },
        "eta": "On time",
        "etd": "On time",
        "length": 12,
        "operator": "Thameslink",
        "operatorCode": "TL",
        "origin": Object {
          "location": Array [
            Object {
              "crs": "BDM",
              "locationName": "Bedford",
            },
          ],
        },
        "platform": 3,
        "previousCallingPoints": Object {
          "callingPointList": Object {
            "callingPoint": Array [
              Object {
                "at": "On time",
                "crs": "BDM",
                "length": 12,
                "locationName": "Bedford",
                "st": "06:48",
              },
              Object {
                "at": "On time",
                "crs": "FLT",
                "length": 12,
                "locationName": "Flitwick",
                "st": "06:59",
              },
              Object {
                "at": "On time",
                "crs": "HLN",
                "length": 12,
                "locationName": "Harlington",
                "st": "07:03",
              },
              Object {
                "at": "On time",
                "crs": "LEA",
                "length": 12,
                "locationName": "Leagrave",
                "st": "07:08",
              },
              Object {
                "at": "On time",
                "crs": "LUT",
                "length": 12,
                "locationName": "Luton",
                "st": "07:12",
              },
              Object {
                "at": "On time",
                "crs": "LTN",
                "length": 12,
                "locationName": "Luton Airport Parkway",
                "st": "07:15",
              },
              Object {
                "at": "07:24",
                "crs": "HPD",
                "length": 12,
                "locationName": "Harpenden",
                "st": "07:21",
              },
              Object {
                "at": "07:31",
                "crs": "SAC",
                "length": 12,
                "locationName": "St Albans",
                "st": "07:27",
              },
              Object {
                "at": "07:52",
                "crs": "STP",
                "length": 12,
                "locationName": "London St Pancras (Intl)",
                "st": "07:50",
              },
              Object {
                "at": "07:57",
                "crs": "ZFD",
                "length": 12,
                "locationName": "Farringdon Underground",
                "st": "07:54",
              },
              Object {
                "at": "08:00",
                "crs": "CTK",
                "length": 12,
                "locationName": "City Thameslink",
                "st": "07:56",
              },
              Object {
                "at": "08:01",
                "crs": "BFR",
                "length": 12,
                "locationName": "London Blackfriars",
                "st": "07:59",
              },
              Object {
                "at": "On time",
                "crs": "LBG",
                "length": 12,
                "locationName": "London Bridge",
                "st": "08:05",
              },
            ],
          },
        },
        "serviceID": "fqc8YG9uelXBhSxlu/rxFg==",
        "serviceType": "train",
        "sta": "08:18",
        "std": "08:19",
        "subsequentCallingPoints": Object {
          "callingPointList": Object {
            "callingPoint": Array [
              Object {
                "crs": "GTW",
                "et": "On time",
                "length": 12,
                "locationName": "Gatwick Airport",
                "st": "08:34",
              },
              Object {
                "crs": "TBD",
                "et": "On time",
                "length": 12,
                "locationName": "Three Bridges",
                "st": "08:39",
              },
              Object {
                "crs": "BAB",
                "et": "On time",
                "length": 12,
                "locationName": "Balcombe",
                "st": "08:46",
              },
              Object {
                "crs": "HHE",
                "et": "On time",
                "length": 12,
                "locationName": "Haywards Heath",
                "st": "08:51",
              },
              Object {
                "crs": "WVF",
                "et": "On time",
                "length": 12,
                "locationName": "Wivelsfield",
                "st": "08:58",
              },
              Object {
                "crs": "BUG",
                "et": "On time",
                "length": 12,
                "locationName": "Burgess Hill",
                "st": "09:00",
              },
              Object {
                "crs": "BTN",
                "et": "On time",
                "length": 12,
                "locationName": "Brighton",
                "st": "09:12",
              },
            ],
          },
        },
      },
      Object {
        "destination": Object {
          "location": Array [
            Object {
              "crs": "CAT",
              "locationName": "Caterham",
            },
          ],
        },
        "eta": "On time",
        "etd": "On time",
        "operator": "Southern",
        "operatorCode": "SN",
        "origin": Object {
          "location": Array [
            Object {
              "crs": "VIC",
              "locationName": "London Victoria",
            },
          ],
        },
        "platform": 5,
        "previousCallingPoints": Object {
          "callingPointList": Object {
            "callingPoint": Array [
              Object {
                "at": "On time",
                "crs": "VIC",
                "locationName": "London Victoria",
                "st": "08:01",
              },
              Object {
                "at": "On time",
                "crs": "CLJ",
                "locationName": "Clapham Junction",
                "st": "08:08",
              },
            ],
          },
        },
        "serviceID": "lr3KkIjhYw2OluPLFHPCZg==",
        "serviceType": "train",
        "sta": "08:19",
        "std": "08:20",
        "subsequentCallingPoints": Object {
          "callingPointList": Object {
            "callingPoint": Array [
              Object {
                "crs": "SCY",
                "et": "On time",
                "locationName": "South Croydon",
                "st": "08:22",
              },
              Object {
                "crs": "PUO",
                "et": "On time",
                "locationName": "Purley Oaks",
                "st": "08:26",
              },
              Object {
                "crs": "PUR",
                "et": "On time",
                "locationName": "Purley",
                "st": "08:29",
              },
              Object {
                "crs": "KLY",
                "et": "On time",
                "locationName": "Kenley",
                "st": "08:35",
              },
              Object {
                "crs": "WHY",
                "et": "On time",
                "locationName": "Whyteleafe",
                "st": "08:38",
              },
              Object {
                "crs": "WHS",
                "et": "On time",
                "locationName": "Whyteleafe South",
                "st": "08:40",
              },
              Object {
                "crs": "CAT",
                "et": "On time",
                "locationName": "Caterham",
                "st": "08:45",
              },
            ],
          },
        },
      },
      Object {
        "destination": Object {
          "location": Array [
            Object {
              "crs": "VIC",
              "locationName": "London Victoria",
            },
          ],
        },
        "eta": "08:20",
        "etd": "08:21",
        "length": 12,
        "operator": "Southern",
        "operatorCode": "SN",
        "origin": Object {
          "location": Array [
            Object {
              "crs": "LIT",
              "locationName": "Littlehampton",
            },
          ],
        },
        "platform": 1,
        "previousCallingPoints": Object {
          "callingPointList": Object {
            "callingPoint": Array [
              Object {
                "at": "On time",
                "crs": "LIT",
                "length": 12,
                "locationName": "Littlehampton",
                "st": "06:47",
              },
              Object {
                "at": "06:59",
                "crs": "ANG",
                "length": 12,
                "locationName": "Angmering",
                "st": "06:56",
              },
              Object {
                "at": "07:04",
                "crs": "GBS",
                "length": 12,
                "locationName": "Goring-by-Sea",
                "st": "07:01",
              },
              Object {
                "at": "07:07",
                "crs": "DUR",
                "length": 12,
                "locationName": "Durrington-on-Sea",
                "st": "07:04",
              },
              Object {
                "at": "07:09",
                "crs": "WWO",
                "length": 12,
                "locationName": "West Worthing",
                "st": "07:06",
              },
              Object {
                "at": "07:12",
                "crs": "WRH",
                "length": 12,
                "locationName": "Worthing",
                "st": "07:09",
              },
              Object {
                "at": "07:16",
                "crs": "LAC",
                "length": 12,
                "locationName": "Lancing",
                "st": "07:14",
              },
              Object {
                "at": "07:21",
                "crs": "SSE",
                "length": 12,
                "locationName": "Shoreham-by-Sea",
                "st": "07:18",
              },
              Object {
                "at": "07:26",
                "crs": "PLD",
                "length": 12,
                "locationName": "Portslade",
                "st": "07:23",
              },
              Object {
                "at": "07:30",
                "crs": "HOV",
                "length": 12,
                "locationName": "Hove",
                "st": "07:27",
              },
              Object {
                "at": "07:34",
                "crs": "PRP",
                "length": 12,
                "locationName": "Preston Park",
                "st": "07:33",
              },
              Object {
                "at": "On time",
                "crs": "BUG",
                "length": 12,
                "locationName": "Burgess Hill",
                "st": "07:42",
              },
              Object {
                "at": "07:49",
                "crs": "HHE",
                "length": 12,
                "locationName": "Haywards Heath",
                "st": "07:47",
              },
              Object {
                "at": "07:59",
                "crs": "TBD",
                "length": 12,
                "locationName": "Three Bridges",
                "st": "07:57",
              },
              Object {
                "at": "08:05",
                "crs": "GTW",
                "length": 12,
                "locationName": "Gatwick Airport",
                "st": "08:03",
              },
            ],
          },
        },
        "serviceID": "vbWsRfKaCXOpQk37ZeW8Dg==",
        "serviceType": "train",
        "sta": "08:18",
        "std": "08:20",
        "subsequentCallingPoints": Object {
          "callingPointList": Object {
            "callingPoint": Array [
              Object {
                "crs": "CLJ",
                "et": "On time",
                "length": 12,
                "locationName": "Clapham Junction",
                "st": "08:30",
              },
              Object {
                "crs": "VIC",
                "et": "On time",
                "length": 12,
                "locationName": "London Victoria",
                "st": "08:37",
              },
            ],
          },
        },
      },
      Object {
        "delayReason": "This train has been delayed by congestion",
        "destination": Object {
          "location": Array [
            Object {
              "crs": "BDM",
              "locationName": "Bedford",
              "via": "via London Bridge",
            },
          ],
        },
        "eta": "08:25",
        "etd": "08:26",
        "length": 12,
        "operator": "Thameslink",
        "operatorCode": "TL",
        "origin": Object {
          "location": Array [
            Object {
              "crs": "LIT",
              "locationName": "Littlehampton",
            },
          ],
        },
        "platform": 2,
        "previousCallingPoints": Object {
          "callingPointList": Object {
            "callingPoint": Array [
              Object {
                "at": "On time",
                "crs": "LIT",
                "length": 12,
                "locationName": "Littlehampton",
                "st": "06:52",
              },
              Object {
                "at": "07:04",
                "crs": "ANG",
                "length": 12,
                "locationName": "Angmering",
                "st": "07:01",
              },
              Object {
                "at": "07:09",
                "crs": "GBS",
                "length": 12,
                "locationName": "Goring-by-Sea",
                "st": "07:06",
              },
              Object {
                "at": "07:12",
                "crs": "DUR",
                "length": 12,
                "locationName": "Durrington-on-Sea",
                "st": "07:09",
              },
              Object {
                "at": "07:14",
                "crs": "WWO",
                "length": 12,
                "locationName": "West Worthing",
                "st": "07:12",
              },
              Object {
                "at": "07:17",
                "crs": "WRH",
                "length": 12,
                "locationName": "Worthing",
                "st": "07:15",
              },
              Object {
                "at": "07:22",
                "crs": "LAC",
                "length": 12,
                "locationName": "Lancing",
                "st": "07:19",
              },
              Object {
                "at": "07:26",
                "crs": "SSE",
                "length": 12,
                "locationName": "Shoreham-by-Sea",
                "st": "07:24",
              },
              Object {
                "at": "07:33",
                "crs": "PLD",
                "length": 12,
                "locationName": "Portslade",
                "st": "07:29",
              },
              Object {
                "at": "07:37",
                "crs": "HOV",
                "length": 12,
                "locationName": "Hove",
                "st": "07:33",
              },
              Object {
                "at": "07:42",
                "crs": "PRP",
                "length": 12,
                "locationName": "Preston Park",
                "st": "07:38",
              },
              Object {
                "at": "07:53",
                "crs": "HHE",
                "length": 12,
                "locationName": "Haywards Heath",
                "st": "07:51",
              },
              Object {
                "at": "07:59",
                "crs": "BAB",
                "length": 12,
                "locationName": "Balcombe",
                "st": "07:57",
              },
              Object {
                "at": "08:06",
                "crs": "TBD",
                "length": 12,
                "locationName": "Three Bridges",
                "st": "08:03",
              },
            ],
          },
        },
        "serviceID": "Nuo3Dtl+JRnJKlxZ//OyyA==",
        "serviceType": "train",
        "sta": "08:20",
        "std": "08:21",
        "subsequentCallingPoints": Object {
          "callingPointList": Object {
            "callingPoint": Array [
              Object {
                "crs": "LBG",
                "et": "08:38",
                "length": 12,
                "locationName": "London Bridge",
                "st": "08:34",
              },
              Object {
                "crs": "BFR",
                "et": "08:45",
                "length": 12,
                "locationName": "London Blackfriars",
                "st": "08:41",
              },
              Object {
                "crs": "CTK",
                "et": "08:47",
                "length": 12,
                "locationName": "City Thameslink",
                "st": "08:43",
              },
              Object {
                "crs": "ZFD",
                "et": "08:50",
                "length": 12,
                "locationName": "Farringdon Underground",
                "st": "08:46",
              },
              Object {
                "crs": "STP",
                "et": "08:54",
                "length": 12,
                "locationName": "London St Pancras (Intl)",
                "st": "08:50",
              },
              Object {
                "crs": "LUT",
                "et": "09:19",
                "length": 12,
                "locationName": "Luton",
                "st": "09:17",
              },
              Object {
                "crs": "LEA",
                "et": "09:24",
                "length": 12,
                "locationName": "Leagrave",
                "st": "09:22",
              },
              Object {
                "crs": "HLN",
                "et": "09:28",
                "length": 12,
                "locationName": "Harlington",
                "st": "09:26",
              },
              Object {
                "crs": "FLT",
                "et": "09:32",
                "length": 12,
                "locationName": "Flitwick",
                "st": "09:30",
              },
              Object {
                "crs": "BDM",
                "et": "On time",
                "length": 12,
                "locationName": "Bedford",
                "st": "09:42",
              },
            ],
          },
        },
      },
      Object {
        "destination": Object {
          "location": Array [
            Object {
              "crs": "UCK",
              "locationName": "Uckfield",
            },
          ],
        },
        "eta": "On time",
        "etd": "On time",
        "length": 10,
        "operator": "Southern",
        "operatorCode": "SN",
        "origin": Object {
          "location": Array [
            Object {
              "crs": "LBG",
              "locationName": "London Bridge",
            },
          ],
        },
        "platform": 6,
        "previousCallingPoints": Object {
          "callingPointList": Object {
            "callingPoint": Array [
              Object {
                "at": "On time",
                "crs": "LBG",
                "length": 10,
                "locationName": "London Bridge",
                "st": "08:07",
              },
            ],
          },
        },
        "serviceID": "F3k6McJWDgv7GW5GAQHytg==",
        "serviceType": "train",
        "sta": "08:21",
        "std": "08:22",
        "subsequentCallingPoints": Object {
          "callingPointList": Object {
            "callingPoint": Array [
              Object {
                "crs": "OXT",
                "et": "On time",
                "length": 10,
                "locationName": "Oxted",
                "st": "08:35",
              },
              Object {
                "crs": "HUR",
                "et": "On time",
                "length": 10,
                "locationName": "Hurst Green",
                "st": "08:38",
              },
              Object {
                "crs": "EBT",
                "et": "On time",
                "length": 10,
                "locationName": "Edenbridge Town",
                "st": "08:45",
              },
              Object {
                "crs": "HEV",
                "et": "On time",
                "length": 10,
                "locationName": "Hever",
                "st": "08:49",
              },
              Object {
                "crs": "CWN",
                "et": "On time",
                "length": 10,
                "locationName": "Cowden",
                "st": "08:53",
              },
              Object {
                "crs": "AHS",
                "et": "On time",
                "length": 10,
                "locationName": "Ashurst",
                "st": "08:57",
              },
              Object {
                "crs": "ERI",
                "et": "On time",
                "length": 10,
                "locationName": "Eridge",
                "st": "09:03",
              },
              Object {
                "crs": "COH",
                "et": "On time",
                "length": 10,
                "locationName": "Crowborough",
                "st": "09:09",
              },
              Object {
                "crs": "BXD",
                "et": "On time",
                "length": 10,
                "locationName": "Buxted",
                "st": "09:16",
              },
              Object {
                "crs": "UCK",
                "et": "On time",
                "length": 10,
                "locationName": "Uckfield",
                "st": "09:22",
              },
            ],
          },
        },
      },
    ],
  },
}
`;
