// Jest Snapshot v1, https://goo.gl/fbAQLP

exports[`fetchData should fetch the data correctly 1`] = `
Object {
  "GetDepartureBoardResponse": Array [
    Object {
      "$": Object {
        "xmlns": "http://thalesgroup.com/RTTI/2017-10-01/ldb/",
      },
      "GetStationBoardResult": Array [
        Object {
          "$": Object {
            "xmlns:lt": "http://thalesgroup.com/RTTI/2012-01-13/ldb/types",
            "xmlns:lt2": "http://thalesgroup.com/RTTI/2014-02-20/ldb/types",
            "xmlns:lt3": "http://thalesgroup.com/RTTI/2015-05-14/ldb/types",
            "xmlns:lt4": "http://thalesgroup.com/RTTI/2015-11-27/ldb/types",
            "xmlns:lt5": "http://thalesgroup.com/RTTI/2016-02-16/ldb/types",
            "xmlns:lt6": "http://thalesgroup.com/RTTI/2017-02-02/ldb/types",
            "xmlns:lt7": "http://thalesgroup.com/RTTI/2017-10-01/ldb/types",
          },
          "crs": Array [
            "ECR",
          ],
          "generatedAt": Array [
            "2019-11-20T21:09:59.5101527+00:00",
          ],
          "locationName": Array [
            "East Croydon",
          ],
          "platformAvailable": Array [
            "true",
          ],
          "trainServices": Array [
            Object {
              "service": Array [
                Object {
                  "destination": Array [
                    Object {
                      "location": Array [
                        Object {
                          "crs": Array [
                            "GTW",
                          ],
                          "locationName": Array [
                            "Gatwick Airport",
                          ],
                        },
                      ],
                    },
                  ],
                  "etd": Array [
                    "On time",
                  ],
                  "length": Array [
                    "12",
                  ],
                  "operator": Array [
                    "Thameslink",
                  ],
                  "operatorCode": Array [
                    "TL",
                  ],
                  "origin": Array [
                    Object {
                      "location": Array [
                        Object {
                          "crs": Array [
                            "BDM",
                          ],
                          "locationName": Array [
                            "Bedford",
                          ],
                        },
                      ],
                    },
                  ],
                  "platform": Array [
                    "6",
                  ],
                  "serviceID": Array [
                    "8NvDNS9Gpylp0MOg/MmCxw==",
                  ],
                  "serviceType": Array [
                    "train",
                  ],
                  "std": Array [
                    "21:07",
                  ],
                },
                Object {
                  "destination": Array [
                    Object {
                      "location": Array [
                        Object {
                          "crs": Array [
                            "TBD",
                          ],
                          "locationName": Array [
                            "Three Bridges",
                          ],
                        },
                      ],
                    },
                  ],
                  "etd": Array [
                    "On time",
                  ],
                  "operator": Array [
                    "Thameslink",
                  ],
                  "operatorCode": Array [
                    "TL",
                  ],
                  "origin": Array [
                    Object {
                      "location": Array [
                        Object {
                          "crs": Array [
                            "LBG",
                          ],
                          "locationName": Array [
                            "London Bridge",
                          ],
                        },
                      ],
                    },
                  ],
                  "platform": Array [
                    "3",
                  ],
                  "serviceID": Array [
                    "rkEPUnFHelVWfAllpJoHZA==",
                  ],
                  "serviceType": Array [
                    "train",
                  ],
                  "std": Array [
                    "21:08",
                  ],
                },
              ],
            },
          ],
        },
      ],
    },
  ],
}
`;
