// Jest Snapshot v1, https://goo.gl/fbAQLP

exports[`sends a reques with minimal parameters correctly 1`] = `
Object {
  "$": Object {
    "xmlns:lt": "http://thalesgroup.com/RTTI/2012-01-13/ldb/types",
    "xmlns:lt2": "http://thalesgroup.com/RTTI/2014-02-20/ldb/types",
    "xmlns:lt3": "http://thalesgroup.com/RTTI/2015-05-14/ldb/types",
    "xmlns:lt4": "http://thalesgroup.com/RTTI/2015-11-27/ldb/types",
    "xmlns:lt5": "http://thalesgroup.com/RTTI/2016-02-16/ldb/types",
    "xmlns:lt6": "http://thalesgroup.com/RTTI/2017-02-02/ldb/types",
    "xmlns:lt7": "http://thalesgroup.com/RTTI/2017-10-01/ldb/types",
  },
  "crs": "ECR",
  "generatedAt": "2019-12-12T22:19:11.2192572+00:00",
  "locationName": "East Croydon",
  "platformAvailable": "true",
  "trainServices": Object {
    "service": Array [
      Object {
        "delayReason": "This train has been delayed by a late running train being in front of this one",
        "destination": Object {
          "location": Array [
            Object {
              "crs": "PBO",
              "locationName": "Peterborough",
            },
          ],
        },
        "etd": "22:23",
        "length": "12",
        "operator": "Thameslink",
        "operatorCode": "TL",
        "origin": Object {
          "location": Array [
            Object {
              "crs": "HRH",
              "locationName": "Horsham",
            },
          ],
        },
        "platform": "1",
        "serviceID": "SYUY2JISgt0CXw00/GQ2yA==",
        "serviceType": "train",
        "std": "22:15",
        "subsequentCallingPoints": Object {
          "callingPointList": Object {
            "callingPoint": Array [
              Object {
                "crs": "LBG",
                "et": "22:36",
                "length": "12",
                "locationName": "London Bridge",
                "st": "22:30",
              },
              Object {
                "crs": "BFR",
                "et": "22:42",
                "length": "12",
                "locationName": "London Blackfriars",
                "st": "22:36",
              },
              Object {
                "crs": "CTK",
                "et": "22:44",
                "length": "12",
                "locationName": "City Thameslink",
                "st": "22:38",
              },
              Object {
                "crs": "ZFD",
                "et": "22:47",
                "length": "12",
                "locationName": "Farringdon Underground",
                "st": "22:41",
              },
              Object {
                "crs": "STP",
                "et": "22:51",
                "length": "12",
                "locationName": "London St Pancras (Intl)",
                "st": "22:45",
              },
              Object {
                "crs": "FPK",
                "et": "22:57",
                "length": "12",
                "locationName": "Finsbury Park",
                "st": "22:52",
              },
              Object {
                "crs": "SVG",
                "et": "23:17",
                "length": "12",
                "locationName": "Stevenage",
                "st": "23:14",
              },
              Object {
                "crs": "HIT",
                "et": "23:22",
                "length": "12",
                "locationName": "Hitchin",
                "st": "23:20",
              },
              Object {
                "crs": "ARL",
                "et": "23:27",
                "length": "12",
                "locationName": "Arlesey",
                "st": "23:25",
              },
              Object {
                "crs": "BIW",
                "et": "23:32",
                "length": "12",
                "locationName": "Biggleswade",
                "st": "23:30",
              },
              Object {
                "crs": "SDY",
                "et": "23:36",
                "length": "12",
                "locationName": "Sandy",
                "st": "23:34",
              },
              Object {
                "crs": "SNO",
                "et": "23:43",
                "length": "12",
                "locationName": "St Neots",
                "st": "23:41",
              },
              Object {
                "crs": "HUN",
                "et": "23:50",
                "length": "12",
                "locationName": "Huntingdon",
                "st": "23:48",
              },
              Object {
                "crs": "PBO",
                "et": "On time",
                "length": "12",
                "locationName": "Peterborough",
                "st": "00:07",
              },
            ],
          },
        },
      },
      Object {
        "destination": Object {
          "location": Array [
            Object {
              "crs": "LBG",
              "locationName": "London Bridge",
            },
          ],
        },
        "etd": "On time",
        "length": "10",
        "operator": "Southern",
        "operatorCode": "SN",
        "origin": Object {
          "location": Array [
            Object {
              "crs": "CAT",
              "locationName": "Caterham",
            },
            Object {
              "crs": "TAT",
              "locationName": "Tattenham Corner",
            },
          ],
        },
        "platform": "4",
        "serviceID": "yWgQhHPrHarZUbNC3wZWtg==",
        "serviceType": "train",
        "std": "22:18",
        "subsequentCallingPoints": Object {
          "callingPointList": Object {
            "callingPoint": Array [
              Object {
                "crs": "LBG",
                "et": "On time",
                "length": "10",
                "locationName": "London Bridge",
                "st": "22:34",
              },
            ],
          },
        },
      },
      Object {
        "cancelReason": "This train has been cancelled because of a shortage of train crew",
        "delayReason": "This train has been delayed by a shortage of train crew",
        "destination": Object {
          "location": Array [
            Object {
              "crs": "BTN",
              "locationName": "Brighton",
            },
          ],
        },
        "etd": "Cancelled",
        "isCancelled": "true",
        "operator": "Thameslink",
        "operatorCode": "TL",
        "origin": Object {
          "location": Array [
            Object {
              "crs": "BDM",
              "locationName": "Bedford",
            },
          ],
        },
        "serviceID": "ltDiujlDajd5DzrQ37ZoUg==",
        "serviceType": "train",
        "std": "22:19",
        "subsequentCallingPoints": Object {
          "callingPointList": Object {
            "callingPoint": Array [
              Object {
                "crs": "GTW",
                "et": "Cancelled",
                "locationName": "Gatwick Airport",
                "st": "22:34",
              },
              Object {
                "crs": "TBD",
                "et": "Cancelled",
                "locationName": "Three Bridges",
                "st": "22:39",
              },
              Object {
                "crs": "BAB",
                "et": "Cancelled",
                "locationName": "Balcombe",
                "st": "22:46",
              },
              Object {
                "crs": "HHE",
                "et": "Cancelled",
                "locationName": "Haywards Heath",
                "st": "22:51",
              },
              Object {
                "crs": "WVF",
                "et": "Cancelled",
                "locationName": "Wivelsfield",
                "st": "22:58",
              },
              Object {
                "crs": "BUG",
                "et": "Cancelled",
                "locationName": "Burgess Hill",
                "st": "23:00",
              },
              Object {
                "crs": "BTN",
                "et": "Cancelled",
                "locationName": "Brighton",
                "st": "23:12",
              },
            ],
          },
        },
      },
      Object {
        "destination": Object {
          "location": Array [
            Object {
              "crs": "VIC",
              "locationName": "London Victoria",
            },
          ],
        },
        "etd": "On time",
        "length": "8",
        "operator": "Southern",
        "operatorCode": "SN",
        "origin": Object {
          "location": Array [
            Object {
              "crs": "BTN",
              "locationName": "Brighton",
            },
          ],
        },
        "platform": "1",
        "serviceID": "wXDM3mb4UeIfMpjYTJHPZw==",
        "serviceType": "train",
        "std": "22:19",
        "subsequentCallingPoints": Object {
          "callingPointList": Object {
            "callingPoint": Array [
              Object {
                "crs": "CLJ",
                "et": "On time",
                "length": "8",
                "locationName": "Clapham Junction",
                "st": "22:28",
              },
              Object {
                "crs": "VIC",
                "et": "On time",
                "length": "8",
                "locationName": "London Victoria",
                "st": "22:37",
              },
            ],
          },
        },
      },
      Object {
        "destination": Object {
          "location": Array [
            Object {
              "crs": "BDM",
              "locationName": "Bedford",
              "via": "via London Bridge",
            },
          ],
        },
        "etd": "On time",
        "length": "12",
        "operator": "Thameslink",
        "operatorCode": "TL",
        "origin": Object {
          "location": Array [
            Object {
              "crs": "BTN",
              "locationName": "Brighton",
            },
          ],
        },
        "platform": "2",
        "serviceID": "WWRR89+lI/yfgO27pugMog==",
        "serviceType": "train",
        "std": "22:21",
        "subsequentCallingPoints": Object {
          "callingPointList": Object {
            "callingPoint": Array [
              Object {
                "crs": "LBG",
                "et": "On time",
                "length": "12",
                "locationName": "London Bridge",
                "st": "22:34",
              },
              Object {
                "crs": "BFR",
                "et": "On time",
                "length": "12",
                "locationName": "London Blackfriars",
                "st": "22:41",
              },
              Object {
                "crs": "CTK",
                "et": "On time",
                "length": "12",
                "locationName": "City Thameslink",
                "st": "22:43",
              },
              Object {
                "crs": "ZFD",
                "et": "On time",
                "length": "12",
                "locationName": "Farringdon Underground",
                "st": "22:46",
              },
              Object {
                "crs": "STP",
                "et": "On time",
                "length": "12",
                "locationName": "London St Pancras (Intl)",
                "st": "22:50",
              },
              Object {
                "crs": "WHP",
                "et": "On time",
                "length": "12",
                "locationName": "West Hampstead Thameslink",
                "st": "22:59",
              },
              Object {
                "crs": "SAC",
                "et": "On time",
                "length": "12",
                "locationName": "St Albans",
                "st": "23:15",
              },
              Object {
                "crs": "HPD",
                "et": "On time",
                "length": "12",
                "locationName": "Harpenden",
                "st": "23:22",
              },
              Object {
                "crs": "LTN",
                "et": "On time",
                "length": "12",
                "locationName": "Luton Airport Parkway",
                "st": "23:27",
              },
              Object {
                "crs": "LUT",
                "et": "On time",
                "length": "12",
                "locationName": "Luton",
                "st": "23:31",
              },
              Object {
                "crs": "LEA",
                "et": "On time",
                "length": "12",
                "locationName": "Leagrave",
                "st": "23:35",
              },
              Object {
                "crs": "HLN",
                "et": "On time",
                "length": "12",
                "locationName": "Harlington",
                "st": "23:40",
              },
              Object {
                "crs": "FLT",
                "et": "On time",
                "length": "12",
                "locationName": "Flitwick",
                "st": "23:44",
              },
              Object {
                "crs": "BDM",
                "et": "On time",
                "length": "12",
                "locationName": "Bedford",
                "st": "23:55",
              },
            ],
          },
        },
      },
      Object {
        "destination": Object {
          "location": Array [
            Object {
              "crs": "LBG",
              "locationName": "London Bridge",
              "via": "via Norbury",
            },
          ],
        },
        "etd": "On time",
        "length": "8",
        "operator": "Southern",
        "operatorCode": "SN",
        "origin": Object {
          "location": Array [
            Object {
              "crs": "CAT",
              "locationName": "Caterham",
            },
          ],
        },
        "platform": "4",
        "serviceID": "yTHy32jvnHjsPoKkCfUwnA==",
        "serviceType": "train",
        "std": "22:22",
        "subsequentCallingPoints": Object {
          "callingPointList": Object {
            "callingPoint": Array [
              Object {
                "crs": "SRS",
                "et": "On time",
                "length": "8",
                "locationName": "Selhurst",
                "st": "22:26",
              },
              Object {
                "crs": "TTH",
                "et": "On time",
                "length": "8",
                "locationName": "Thornton Heath",
                "st": "22:28",
              },
              Object {
                "crs": "NRB",
                "et": "On time",
                "length": "8",
                "locationName": "Norbury",
                "st": "22:31",
              },
              Object {
                "crs": "SRC",
                "et": "On time",
                "length": "8",
                "locationName": "Streatham Common",
                "st": "22:34",
              },
              Object {
                "crs": "STE",
                "et": "On time",
                "length": "8",
                "locationName": "Streatham",
                "st": "22:42",
              },
              Object {
                "crs": "TUH",
                "et": "On time",
                "length": "8",
                "locationName": "Tulse Hill",
                "st": "22:47",
              },
              Object {
                "crs": "NDL",
                "et": "On time",
                "length": "8",
                "locationName": "North Dulwich",
                "st": "22:50",
              },
              Object {
                "crs": "EDW",
                "et": "On time",
                "length": "8",
                "locationName": "East Dulwich",
                "st": "22:53",
              },
              Object {
                "crs": "PMR",
                "et": "On time",
                "length": "8",
                "locationName": "Peckham Rye",
                "st": "22:56",
              },
              Object {
                "crs": "QRP",
                "et": "On time",
                "length": "8",
                "locationName": "Queens Road Peckham",
                "st": "22:58",
              },
              Object {
                "crs": "SBM",
                "et": "On time",
                "length": "8",
                "locationName": "South Bermondsey",
                "st": "23:01",
              },
              Object {
                "crs": "LBG",
                "et": "On time",
                "length": "8",
                "locationName": "London Bridge",
                "st": "23:06",
              },
            ],
          },
        },
      },
      Object {
        "destination": Object {
          "location": Array [
            Object {
              "crs": "UCK",
              "locationName": "Uckfield",
            },
          ],
        },
        "etd": "On time",
        "length": "6",
        "operator": "Southern",
        "operatorCode": "SN",
        "origin": Object {
          "location": Array [
            Object {
              "crs": "LBG",
              "locationName": "London Bridge",
            },
          ],
        },
        "platform": "6",
        "serviceID": "UFgJkultqJWsgsexCJfHsQ==",
        "serviceType": "train",
        "std": "22:22",
        "subsequentCallingPoints": Object {
          "callingPointList": Object {
            "callingPoint": Array [
              Object {
                "crs": "OXT",
                "et": "On time",
                "length": "6",
                "locationName": "Oxted",
                "st": "22:35",
              },
              Object {
                "crs": "HUR",
                "et": "On time",
                "length": "6",
                "locationName": "Hurst Green",
                "st": "22:38",
              },
              Object {
                "crs": "EBT",
                "et": "On time",
                "length": "6",
                "locationName": "Edenbridge Town",
                "st": "22:45",
              },
              Object {
                "crs": "HEV",
                "et": "On time",
                "length": "6",
                "locationName": "Hever",
                "st": "22:49",
              },
              Object {
                "crs": "CWN",
                "et": "On time",
                "length": "6",
                "locationName": "Cowden",
                "st": "22:53",
              },
              Object {
                "crs": "AHS",
                "et": "On time",
                "length": "6",
                "locationName": "Ashurst",
                "st": "22:57",
              },
              Object {
                "crs": "ERI",
                "et": "On time",
                "length": "6",
                "locationName": "Eridge",
                "st": "23:03",
              },
              Object {
                "crs": "COH",
                "et": "On time",
                "length": "6",
                "locationName": "Crowborough",
                "st": "23:09",
              },
              Object {
                "crs": "BXD",
                "et": "On time",
                "length": "6",
                "locationName": "Buxted",
                "st": "23:16",
              },
              Object {
                "crs": "UCK",
                "et": "On time",
                "length": "6",
                "locationName": "Uckfield",
                "st": "23:22",
              },
            ],
          },
        },
      },
      Object {
        "destination": Object {
          "location": Array [
            Object {
              "crs": "CCH",
              "locationName": "Chichester",
              "via": "via Horsham ",
            },
            Object {
              "crs": "BOG",
              "locationName": "Bognor Regis",
              "via": "via Horsham ",
            },
          ],
        },
        "etd": "On time",
        "length": "12",
        "operator": "Southern",
        "operatorCode": "SN",
        "origin": Object {
          "location": Array [
            Object {
              "crs": "VIC",
              "locationName": "London Victoria",
            },
          ],
        },
        "platform": "3",
        "rsid": "SN270003",
        "serviceID": "18ZcOo1bjoxDMXvXlhvf4g==",
        "serviceType": "train",
        "std": "22:23",
        "subsequentCallingPoints": Object {
          "callingPointList": Object {
            "callingPoint": Array [
              Object {
                "crs": "GTW",
                "et": "On time",
                "length": "12",
                "locationName": "Gatwick Airport",
                "st": "22:38",
              },
              Object {
                "crs": "TBD",
                "et": "On time",
                "length": "12",
                "locationName": "Three Bridges",
                "st": "22:44",
              },
              Object {
                "crs": "CRW",
                "et": "On time",
                "length": "12",
                "locationName": "Crawley",
                "st": "22:48",
              },
              Object {
                "crs": "HRH",
                "et": "On time",
                "length": "12",
                "locationName": "Horsham",
                "st": "22:57",
              },
              Object {
                "crs": "CHH",
                "et": "On time",
                "length": "12",
                "locationName": "Christs Hospital",
                "st": "23:02",
              },
              Object {
                "crs": "BIG",
                "et": "On time",
                "length": "12",
                "locationName": "Billingshurst",
                "st": "23:08",
              },
              Object {
                "crs": "PUL",
                "et": "On time",
                "length": "12",
                "locationName": "Pulborough",
                "st": "23:15",
              },
              Object {
                "crs": "AMY",
                "et": "On time",
                "length": "12",
                "locationName": "Amberley",
                "st": "23:21",
              },
              Object {
                "crs": "ARU",
                "et": "On time",
                "length": "12",
                "locationName": "Arundel",
                "st": "23:25",
              },
              Object {
                "crs": "FOD",
                "et": "On time",
                "length": "12",
                "locationName": "Ford",
                "st": "23:32",
              },
              Object {
                "crs": "BAA",
                "et": "On time",
                "length": "4",
                "locationName": "Barnham",
                "st": "23:36",
              },
              Object {
                "crs": "CCH",
                "et": "On time",
                "length": "4",
                "locationName": "Chichester",
                "st": "23:48",
              },
            ],
          },
        },
      },
      Object {
        "destination": Object {
          "location": Array [
            Object {
              "crs": "CAT",
              "locationName": "Caterham",
            },
          ],
        },
        "etd": "On time",
        "operator": "Southern",
        "operatorCode": "SN",
        "origin": Object {
          "location": Array [
            Object {
              "crs": "LBG",
              "locationName": "London Bridge",
            },
          ],
        },
        "platform": "5",
        "serviceID": "ywReAvthjDbAv8FWeajagQ==",
        "serviceType": "train",
        "std": "22:24",
        "subsequentCallingPoints": Object {
          "callingPointList": Object {
            "callingPoint": Array [
              Object {
                "crs": "PUR",
                "et": "On time",
                "locationName": "Purley",
                "st": "22:31",
              },
              Object {
                "crs": "KLY",
                "et": "On time",
                "locationName": "Kenley",
                "st": "22:36",
              },
              Object {
                "crs": "WHY",
                "et": "On time",
                "locationName": "Whyteleafe",
                "st": "22:40",
              },
              Object {
                "crs": "WHS",
                "et": "On time",
                "locationName": "Whyteleafe South",
                "st": "22:42",
              },
              Object {
                "crs": "CAT",
                "et": "On time",
                "locationName": "Caterham",
                "st": "22:47",
              },
            ],
          },
        },
      },
      Object {
        "destination": Object {
          "location": Array [
            Object {
              "crs": "VIC",
              "locationName": "London Victoria",
            },
          ],
        },
        "etd": "On time",
        "length": "8",
        "operator": "Southern",
        "operatorCode": "SN",
        "origin": Object {
          "location": Array [
            Object {
              "crs": "BOG",
              "locationName": "Bognor Regis",
            },
            Object {
              "crs": "SOU",
              "locationName": "Southampton Central",
            },
          ],
        },
        "platform": "1",
        "serviceID": "PlUMsUTYLO+F71H146exAg==",
        "serviceType": "train",
        "std": "22:24",
        "subsequentCallingPoints": Object {
          "callingPointList": Object {
            "callingPoint": Array [
              Object {
                "crs": "CLJ",
                "et": "On time",
                "length": "8",
                "locationName": "Clapham Junction",
                "st": "22:33",
              },
              Object {
                "crs": "VIC",
                "et": "On time",
                "length": "8",
                "locationName": "London Victoria",
                "st": "22:42",
              },
            ],
          },
        },
      },
    ],
  },
}
`;

exports[`sends a reques with more parameters correctly 1`] = `
Object {
  "$": Object {
    "xmlns:lt": "http://thalesgroup.com/RTTI/2012-01-13/ldb/types",
    "xmlns:lt2": "http://thalesgroup.com/RTTI/2014-02-20/ldb/types",
    "xmlns:lt3": "http://thalesgroup.com/RTTI/2015-05-14/ldb/types",
    "xmlns:lt4": "http://thalesgroup.com/RTTI/2015-11-27/ldb/types",
    "xmlns:lt5": "http://thalesgroup.com/RTTI/2016-02-16/ldb/types",
    "xmlns:lt6": "http://thalesgroup.com/RTTI/2017-02-02/ldb/types",
    "xmlns:lt7": "http://thalesgroup.com/RTTI/2017-10-01/ldb/types",
  },
  "crs": "ECR",
  "generatedAt": "2019-12-12T22:19:11.2192572+00:00",
  "locationName": "East Croydon",
  "platformAvailable": "true",
  "trainServices": Object {
    "service": Array [
      Object {
        "delayReason": "This train has been delayed by a late running train being in front of this one",
        "destination": Object {
          "location": Array [
            Object {
              "crs": "PBO",
              "locationName": "Peterborough",
            },
          ],
        },
        "etd": "22:23",
        "length": "12",
        "operator": "Thameslink",
        "operatorCode": "TL",
        "origin": Object {
          "location": Array [
            Object {
              "crs": "HRH",
              "locationName": "Horsham",
            },
          ],
        },
        "platform": "1",
        "serviceID": "SYUY2JISgt0CXw00/GQ2yA==",
        "serviceType": "train",
        "std": "22:15",
        "subsequentCallingPoints": Object {
          "callingPointList": Object {
            "callingPoint": Array [
              Object {
                "crs": "LBG",
                "et": "22:36",
                "length": "12",
                "locationName": "London Bridge",
                "st": "22:30",
              },
              Object {
                "crs": "BFR",
                "et": "22:42",
                "length": "12",
                "locationName": "London Blackfriars",
                "st": "22:36",
              },
              Object {
                "crs": "CTK",
                "et": "22:44",
                "length": "12",
                "locationName": "City Thameslink",
                "st": "22:38",
              },
              Object {
                "crs": "ZFD",
                "et": "22:47",
                "length": "12",
                "locationName": "Farringdon Underground",
                "st": "22:41",
              },
              Object {
                "crs": "STP",
                "et": "22:51",
                "length": "12",
                "locationName": "London St Pancras (Intl)",
                "st": "22:45",
              },
              Object {
                "crs": "FPK",
                "et": "22:57",
                "length": "12",
                "locationName": "Finsbury Park",
                "st": "22:52",
              },
              Object {
                "crs": "SVG",
                "et": "23:17",
                "length": "12",
                "locationName": "Stevenage",
                "st": "23:14",
              },
              Object {
                "crs": "HIT",
                "et": "23:22",
                "length": "12",
                "locationName": "Hitchin",
                "st": "23:20",
              },
              Object {
                "crs": "ARL",
                "et": "23:27",
                "length": "12",
                "locationName": "Arlesey",
                "st": "23:25",
              },
              Object {
                "crs": "BIW",
                "et": "23:32",
                "length": "12",
                "locationName": "Biggleswade",
                "st": "23:30",
              },
              Object {
                "crs": "SDY",
                "et": "23:36",
                "length": "12",
                "locationName": "Sandy",
                "st": "23:34",
              },
              Object {
                "crs": "SNO",
                "et": "23:43",
                "length": "12",
                "locationName": "St Neots",
                "st": "23:41",
              },
              Object {
                "crs": "HUN",
                "et": "23:50",
                "length": "12",
                "locationName": "Huntingdon",
                "st": "23:48",
              },
              Object {
                "crs": "PBO",
                "et": "On time",
                "length": "12",
                "locationName": "Peterborough",
                "st": "00:07",
              },
            ],
          },
        },
      },
      Object {
        "destination": Object {
          "location": Array [
            Object {
              "crs": "LBG",
              "locationName": "London Bridge",
            },
          ],
        },
        "etd": "On time",
        "length": "10",
        "operator": "Southern",
        "operatorCode": "SN",
        "origin": Object {
          "location": Array [
            Object {
              "crs": "CAT",
              "locationName": "Caterham",
            },
            Object {
              "crs": "TAT",
              "locationName": "Tattenham Corner",
            },
          ],
        },
        "platform": "4",
        "serviceID": "yWgQhHPrHarZUbNC3wZWtg==",
        "serviceType": "train",
        "std": "22:18",
        "subsequentCallingPoints": Object {
          "callingPointList": Object {
            "callingPoint": Array [
              Object {
                "crs": "LBG",
                "et": "On time",
                "length": "10",
                "locationName": "London Bridge",
                "st": "22:34",
              },
            ],
          },
        },
      },
      Object {
        "cancelReason": "This train has been cancelled because of a shortage of train crew",
        "delayReason": "This train has been delayed by a shortage of train crew",
        "destination": Object {
          "location": Array [
            Object {
              "crs": "BTN",
              "locationName": "Brighton",
            },
          ],
        },
        "etd": "Cancelled",
        "isCancelled": "true",
        "operator": "Thameslink",
        "operatorCode": "TL",
        "origin": Object {
          "location": Array [
            Object {
              "crs": "BDM",
              "locationName": "Bedford",
            },
          ],
        },
        "serviceID": "ltDiujlDajd5DzrQ37ZoUg==",
        "serviceType": "train",
        "std": "22:19",
        "subsequentCallingPoints": Object {
          "callingPointList": Object {
            "callingPoint": Array [
              Object {
                "crs": "GTW",
                "et": "Cancelled",
                "locationName": "Gatwick Airport",
                "st": "22:34",
              },
              Object {
                "crs": "TBD",
                "et": "Cancelled",
                "locationName": "Three Bridges",
                "st": "22:39",
              },
              Object {
                "crs": "BAB",
                "et": "Cancelled",
                "locationName": "Balcombe",
                "st": "22:46",
              },
              Object {
                "crs": "HHE",
                "et": "Cancelled",
                "locationName": "Haywards Heath",
                "st": "22:51",
              },
              Object {
                "crs": "WVF",
                "et": "Cancelled",
                "locationName": "Wivelsfield",
                "st": "22:58",
              },
              Object {
                "crs": "BUG",
                "et": "Cancelled",
                "locationName": "Burgess Hill",
                "st": "23:00",
              },
              Object {
                "crs": "BTN",
                "et": "Cancelled",
                "locationName": "Brighton",
                "st": "23:12",
              },
            ],
          },
        },
      },
      Object {
        "destination": Object {
          "location": Array [
            Object {
              "crs": "VIC",
              "locationName": "London Victoria",
            },
          ],
        },
        "etd": "On time",
        "length": "8",
        "operator": "Southern",
        "operatorCode": "SN",
        "origin": Object {
          "location": Array [
            Object {
              "crs": "BTN",
              "locationName": "Brighton",
            },
          ],
        },
        "platform": "1",
        "serviceID": "wXDM3mb4UeIfMpjYTJHPZw==",
        "serviceType": "train",
        "std": "22:19",
        "subsequentCallingPoints": Object {
          "callingPointList": Object {
            "callingPoint": Array [
              Object {
                "crs": "CLJ",
                "et": "On time",
                "length": "8",
                "locationName": "Clapham Junction",
                "st": "22:28",
              },
              Object {
                "crs": "VIC",
                "et": "On time",
                "length": "8",
                "locationName": "London Victoria",
                "st": "22:37",
              },
            ],
          },
        },
      },
      Object {
        "destination": Object {
          "location": Array [
            Object {
              "crs": "BDM",
              "locationName": "Bedford",
              "via": "via London Bridge",
            },
          ],
        },
        "etd": "On time",
        "length": "12",
        "operator": "Thameslink",
        "operatorCode": "TL",
        "origin": Object {
          "location": Array [
            Object {
              "crs": "BTN",
              "locationName": "Brighton",
            },
          ],
        },
        "platform": "2",
        "serviceID": "WWRR89+lI/yfgO27pugMog==",
        "serviceType": "train",
        "std": "22:21",
        "subsequentCallingPoints": Object {
          "callingPointList": Object {
            "callingPoint": Array [
              Object {
                "crs": "LBG",
                "et": "On time",
                "length": "12",
                "locationName": "London Bridge",
                "st": "22:34",
              },
              Object {
                "crs": "BFR",
                "et": "On time",
                "length": "12",
                "locationName": "London Blackfriars",
                "st": "22:41",
              },
              Object {
                "crs": "CTK",
                "et": "On time",
                "length": "12",
                "locationName": "City Thameslink",
                "st": "22:43",
              },
              Object {
                "crs": "ZFD",
                "et": "On time",
                "length": "12",
                "locationName": "Farringdon Underground",
                "st": "22:46",
              },
              Object {
                "crs": "STP",
                "et": "On time",
                "length": "12",
                "locationName": "London St Pancras (Intl)",
                "st": "22:50",
              },
              Object {
                "crs": "WHP",
                "et": "On time",
                "length": "12",
                "locationName": "West Hampstead Thameslink",
                "st": "22:59",
              },
              Object {
                "crs": "SAC",
                "et": "On time",
                "length": "12",
                "locationName": "St Albans",
                "st": "23:15",
              },
              Object {
                "crs": "HPD",
                "et": "On time",
                "length": "12",
                "locationName": "Harpenden",
                "st": "23:22",
              },
              Object {
                "crs": "LTN",
                "et": "On time",
                "length": "12",
                "locationName": "Luton Airport Parkway",
                "st": "23:27",
              },
              Object {
                "crs": "LUT",
                "et": "On time",
                "length": "12",
                "locationName": "Luton",
                "st": "23:31",
              },
              Object {
                "crs": "LEA",
                "et": "On time",
                "length": "12",
                "locationName": "Leagrave",
                "st": "23:35",
              },
              Object {
                "crs": "HLN",
                "et": "On time",
                "length": "12",
                "locationName": "Harlington",
                "st": "23:40",
              },
              Object {
                "crs": "FLT",
                "et": "On time",
                "length": "12",
                "locationName": "Flitwick",
                "st": "23:44",
              },
              Object {
                "crs": "BDM",
                "et": "On time",
                "length": "12",
                "locationName": "Bedford",
                "st": "23:55",
              },
            ],
          },
        },
      },
      Object {
        "destination": Object {
          "location": Array [
            Object {
              "crs": "LBG",
              "locationName": "London Bridge",
              "via": "via Norbury",
            },
          ],
        },
        "etd": "On time",
        "length": "8",
        "operator": "Southern",
        "operatorCode": "SN",
        "origin": Object {
          "location": Array [
            Object {
              "crs": "CAT",
              "locationName": "Caterham",
            },
          ],
        },
        "platform": "4",
        "serviceID": "yTHy32jvnHjsPoKkCfUwnA==",
        "serviceType": "train",
        "std": "22:22",
        "subsequentCallingPoints": Object {
          "callingPointList": Object {
            "callingPoint": Array [
              Object {
                "crs": "SRS",
                "et": "On time",
                "length": "8",
                "locationName": "Selhurst",
                "st": "22:26",
              },
              Object {
                "crs": "TTH",
                "et": "On time",
                "length": "8",
                "locationName": "Thornton Heath",
                "st": "22:28",
              },
              Object {
                "crs": "NRB",
                "et": "On time",
                "length": "8",
                "locationName": "Norbury",
                "st": "22:31",
              },
              Object {
                "crs": "SRC",
                "et": "On time",
                "length": "8",
                "locationName": "Streatham Common",
                "st": "22:34",
              },
              Object {
                "crs": "STE",
                "et": "On time",
                "length": "8",
                "locationName": "Streatham",
                "st": "22:42",
              },
              Object {
                "crs": "TUH",
                "et": "On time",
                "length": "8",
                "locationName": "Tulse Hill",
                "st": "22:47",
              },
              Object {
                "crs": "NDL",
                "et": "On time",
                "length": "8",
                "locationName": "North Dulwich",
                "st": "22:50",
              },
              Object {
                "crs": "EDW",
                "et": "On time",
                "length": "8",
                "locationName": "East Dulwich",
                "st": "22:53",
              },
              Object {
                "crs": "PMR",
                "et": "On time",
                "length": "8",
                "locationName": "Peckham Rye",
                "st": "22:56",
              },
              Object {
                "crs": "QRP",
                "et": "On time",
                "length": "8",
                "locationName": "Queens Road Peckham",
                "st": "22:58",
              },
              Object {
                "crs": "SBM",
                "et": "On time",
                "length": "8",
                "locationName": "South Bermondsey",
                "st": "23:01",
              },
              Object {
                "crs": "LBG",
                "et": "On time",
                "length": "8",
                "locationName": "London Bridge",
                "st": "23:06",
              },
            ],
          },
        },
      },
      Object {
        "destination": Object {
          "location": Array [
            Object {
              "crs": "UCK",
              "locationName": "Uckfield",
            },
          ],
        },
        "etd": "On time",
        "length": "6",
        "operator": "Southern",
        "operatorCode": "SN",
        "origin": Object {
          "location": Array [
            Object {
              "crs": "LBG",
              "locationName": "London Bridge",
            },
          ],
        },
        "platform": "6",
        "serviceID": "UFgJkultqJWsgsexCJfHsQ==",
        "serviceType": "train",
        "std": "22:22",
        "subsequentCallingPoints": Object {
          "callingPointList": Object {
            "callingPoint": Array [
              Object {
                "crs": "OXT",
                "et": "On time",
                "length": "6",
                "locationName": "Oxted",
                "st": "22:35",
              },
              Object {
                "crs": "HUR",
                "et": "On time",
                "length": "6",
                "locationName": "Hurst Green",
                "st": "22:38",
              },
              Object {
                "crs": "EBT",
                "et": "On time",
                "length": "6",
                "locationName": "Edenbridge Town",
                "st": "22:45",
              },
              Object {
                "crs": "HEV",
                "et": "On time",
                "length": "6",
                "locationName": "Hever",
                "st": "22:49",
              },
              Object {
                "crs": "CWN",
                "et": "On time",
                "length": "6",
                "locationName": "Cowden",
                "st": "22:53",
              },
              Object {
                "crs": "AHS",
                "et": "On time",
                "length": "6",
                "locationName": "Ashurst",
                "st": "22:57",
              },
              Object {
                "crs": "ERI",
                "et": "On time",
                "length": "6",
                "locationName": "Eridge",
                "st": "23:03",
              },
              Object {
                "crs": "COH",
                "et": "On time",
                "length": "6",
                "locationName": "Crowborough",
                "st": "23:09",
              },
              Object {
                "crs": "BXD",
                "et": "On time",
                "length": "6",
                "locationName": "Buxted",
                "st": "23:16",
              },
              Object {
                "crs": "UCK",
                "et": "On time",
                "length": "6",
                "locationName": "Uckfield",
                "st": "23:22",
              },
            ],
          },
        },
      },
      Object {
        "destination": Object {
          "location": Array [
            Object {
              "crs": "CCH",
              "locationName": "Chichester",
              "via": "via Horsham ",
            },
            Object {
              "crs": "BOG",
              "locationName": "Bognor Regis",
              "via": "via Horsham ",
            },
          ],
        },
        "etd": "On time",
        "length": "12",
        "operator": "Southern",
        "operatorCode": "SN",
        "origin": Object {
          "location": Array [
            Object {
              "crs": "VIC",
              "locationName": "London Victoria",
            },
          ],
        },
        "platform": "3",
        "rsid": "SN270003",
        "serviceID": "18ZcOo1bjoxDMXvXlhvf4g==",
        "serviceType": "train",
        "std": "22:23",
        "subsequentCallingPoints": Object {
          "callingPointList": Object {
            "callingPoint": Array [
              Object {
                "crs": "GTW",
                "et": "On time",
                "length": "12",
                "locationName": "Gatwick Airport",
                "st": "22:38",
              },
              Object {
                "crs": "TBD",
                "et": "On time",
                "length": "12",
                "locationName": "Three Bridges",
                "st": "22:44",
              },
              Object {
                "crs": "CRW",
                "et": "On time",
                "length": "12",
                "locationName": "Crawley",
                "st": "22:48",
              },
              Object {
                "crs": "HRH",
                "et": "On time",
                "length": "12",
                "locationName": "Horsham",
                "st": "22:57",
              },
              Object {
                "crs": "CHH",
                "et": "On time",
                "length": "12",
                "locationName": "Christs Hospital",
                "st": "23:02",
              },
              Object {
                "crs": "BIG",
                "et": "On time",
                "length": "12",
                "locationName": "Billingshurst",
                "st": "23:08",
              },
              Object {
                "crs": "PUL",
                "et": "On time",
                "length": "12",
                "locationName": "Pulborough",
                "st": "23:15",
              },
              Object {
                "crs": "AMY",
                "et": "On time",
                "length": "12",
                "locationName": "Amberley",
                "st": "23:21",
              },
              Object {
                "crs": "ARU",
                "et": "On time",
                "length": "12",
                "locationName": "Arundel",
                "st": "23:25",
              },
              Object {
                "crs": "FOD",
                "et": "On time",
                "length": "12",
                "locationName": "Ford",
                "st": "23:32",
              },
              Object {
                "crs": "BAA",
                "et": "On time",
                "length": "4",
                "locationName": "Barnham",
                "st": "23:36",
              },
              Object {
                "crs": "CCH",
                "et": "On time",
                "length": "4",
                "locationName": "Chichester",
                "st": "23:48",
              },
            ],
          },
        },
      },
      Object {
        "destination": Object {
          "location": Array [
            Object {
              "crs": "CAT",
              "locationName": "Caterham",
            },
          ],
        },
        "etd": "On time",
        "operator": "Southern",
        "operatorCode": "SN",
        "origin": Object {
          "location": Array [
            Object {
              "crs": "LBG",
              "locationName": "London Bridge",
            },
          ],
        },
        "platform": "5",
        "serviceID": "ywReAvthjDbAv8FWeajagQ==",
        "serviceType": "train",
        "std": "22:24",
        "subsequentCallingPoints": Object {
          "callingPointList": Object {
            "callingPoint": Array [
              Object {
                "crs": "PUR",
                "et": "On time",
                "locationName": "Purley",
                "st": "22:31",
              },
              Object {
                "crs": "KLY",
                "et": "On time",
                "locationName": "Kenley",
                "st": "22:36",
              },
              Object {
                "crs": "WHY",
                "et": "On time",
                "locationName": "Whyteleafe",
                "st": "22:40",
              },
              Object {
                "crs": "WHS",
                "et": "On time",
                "locationName": "Whyteleafe South",
                "st": "22:42",
              },
              Object {
                "crs": "CAT",
                "et": "On time",
                "locationName": "Caterham",
                "st": "22:47",
              },
            ],
          },
        },
      },
      Object {
        "destination": Object {
          "location": Array [
            Object {
              "crs": "VIC",
              "locationName": "London Victoria",
            },
          ],
        },
        "etd": "On time",
        "length": "8",
        "operator": "Southern",
        "operatorCode": "SN",
        "origin": Object {
          "location": Array [
            Object {
              "crs": "BOG",
              "locationName": "Bognor Regis",
            },
            Object {
              "crs": "SOU",
              "locationName": "Southampton Central",
            },
          ],
        },
        "platform": "1",
        "serviceID": "PlUMsUTYLO+F71H146exAg==",
        "serviceType": "train",
        "std": "22:24",
        "subsequentCallingPoints": Object {
          "callingPointList": Object {
            "callingPoint": Array [
              Object {
                "crs": "CLJ",
                "et": "On time",
                "length": "8",
                "locationName": "Clapham Junction",
                "st": "22:33",
              },
              Object {
                "crs": "VIC",
                "et": "On time",
                "length": "8",
                "locationName": "London Victoria",
                "st": "22:42",
              },
            ],
          },
        },
      },
    ],
  },
}
`;
