// Jest Snapshot v1, https://goo.gl/fbAQLP

exports[`sends a reques with minimal parameters correctly 1`] = `
Object {
  "$": Object {
    "xmlns:lt": "http://thalesgroup.com/RTTI/2012-01-13/ldb/types",
    "xmlns:lt2": "http://thalesgroup.com/RTTI/2014-02-20/ldb/types",
    "xmlns:lt3": "http://thalesgroup.com/RTTI/2015-05-14/ldb/types",
    "xmlns:lt4": "http://thalesgroup.com/RTTI/2015-11-27/ldb/types",
    "xmlns:lt5": "http://thalesgroup.com/RTTI/2016-02-16/ldb/types",
    "xmlns:lt6": "http://thalesgroup.com/RTTI/2017-02-02/ldb/types",
    "xmlns:lt7": "http://thalesgroup.com/RTTI/2017-10-01/ldb/types",
  },
  "crs": "ECR",
  "generatedAt": "2019-12-15T13:57:39.4251321+00:00",
  "locationName": "East Croydon",
  "platformAvailable": "true",
  "trainServices": Object {
    "service": Array [
      Object {
        "destination": Object {
          "location": Array [
            Object {
              "crs": "VIC",
              "locationName": "London Victoria",
            },
          ],
        },
        "eta": "On time",
        "length": "8",
        "operator": "Southern",
        "operatorCode": "SN",
        "origin": Object {
          "location": Array [
            Object {
              "crs": "EGR",
              "locationName": "East Grinstead",
            },
          ],
        },
        "platform": "2",
        "previousCallingPoints": Object {
          "callingPointList": Object {
            "callingPoint": Array [
              Object {
                "at": "On time",
                "crs": "EGR",
                "length": "8",
                "locationName": "East Grinstead",
                "st": "13:12",
              },
              Object {
                "at": "On time",
                "crs": "DMS",
                "length": "8",
                "locationName": "Dormans",
                "st": "13:16",
              },
              Object {
                "at": "No report",
                "crs": "LFD",
                "length": "8",
                "locationName": "Lingfield",
                "st": "13:19",
              },
              Object {
                "at": "On time",
                "crs": "HUR",
                "length": "8",
                "locationName": "Hurst Green",
                "st": "13:26",
              },
              Object {
                "at": "On time",
                "crs": "OXT",
                "length": "8",
                "locationName": "Oxted",
                "st": "13:29",
              },
              Object {
                "at": "On time",
                "crs": "WOH",
                "length": "8",
                "locationName": "Woldingham",
                "st": "13:35",
              },
              Object {
                "at": "On time",
                "crs": "UWL",
                "length": "8",
                "locationName": "Upper Warlingham",
                "st": "13:38",
              },
              Object {
                "at": "On time",
                "crs": "RDD",
                "length": "8",
                "locationName": "Riddlesdown",
                "st": "13:42",
              },
              Object {
                "at": "13:48",
                "crs": "SNR",
                "length": "8",
                "locationName": "Sanderstead",
                "st": "13:46",
              },
            ],
          },
        },
        "serviceID": "zHN1qYqF7kZefiS0DIa3bw==",
        "serviceType": "train",
        "sta": "13:53",
      },
      Object {
        "cancelReason": "This train has been cancelled because of earlier engineering works not being finished on time",
        "delayReason": "This train has been delayed by earlier engineering works not being finished on time",
        "destination": Object {
          "location": Array [
            Object {
              "crs": "PMH",
              "locationName": "Portsmouth Harbour",
              "via": "via Horsham ",
            },
            Object {
              "crs": "BOG",
              "locationName": "Bognor Regis",
              "via": "via Horsham ",
            },
          ],
        },
        "eta": "14:07",
        "length": "12",
        "operator": "Southern",
        "operatorCode": "SN",
        "origin": Object {
          "location": Array [
            Object {
              "crs": "VIC",
              "locationName": "London Victoria",
            },
          ],
        },
        "platform": "6",
        "previousCallingPoints": Object {
          "callingPointList": Object {
            "callingPoint": Array [
              Object {
                "at": "13:50",
                "crs": "VIC",
                "length": "12",
                "locationName": "London Victoria",
                "st": "13:35",
              },
              Object {
                "at": "13:56",
                "crs": "CLJ",
                "length": "12",
                "locationName": "Clapham Junction",
                "st": "13:42",
              },
            ],
          },
        },
        "rsid": "SN670303",
        "serviceID": "fYFNYyHSm4/9gwPfcyvIHA==",
        "serviceType": "train",
        "sta": "13:53",
      },
      Object {
        "destination": Object {
          "location": Array [
            Object {
              "crs": "CAT",
              "locationName": "Caterham",
            },
            Object {
              "crs": "TAT",
              "locationName": "Tattenham Corner",
            },
          ],
        },
        "eta": "On time",
        "length": "10",
        "operator": "Southern",
        "operatorCode": "SN",
        "origin": Object {
          "location": Array [
            Object {
              "crs": "LBG",
              "locationName": "London Bridge",
            },
          ],
        },
        "platform": "6",
        "previousCallingPoints": Object {
          "callingPointList": Object {
            "callingPoint": Array [
              Object {
                "at": "On time",
                "crs": "LBG",
                "length": "10",
                "locationName": "London Bridge",
                "st": "13:24",
              },
              Object {
                "at": "On time",
                "crs": "NXG",
                "length": "10",
                "locationName": "New Cross Gate",
                "st": "13:30",
              },
              Object {
                "at": "On time",
                "crs": "BCY",
                "length": "10",
                "locationName": "Brockley",
                "st": "13:33",
              },
              Object {
                "at": "On time",
                "crs": "HPA",
                "length": "10",
                "locationName": "Honor Oak Park",
                "st": "13:35",
              },
              Object {
                "at": "On time",
                "crs": "FOH",
                "length": "10",
                "locationName": "Forest Hill",
                "st": "13:38",
              },
              Object {
                "at": "On time",
                "crs": "SYD",
                "length": "10",
                "locationName": "Sydenham",
                "st": "13:41",
              },
              Object {
                "at": "On time",
                "crs": "PNW",
                "length": "10",
                "locationName": "Penge West",
                "st": "13:43",
              },
              Object {
                "at": "On time",
                "crs": "ANZ",
                "length": "10",
                "locationName": "Anerley",
                "st": "13:45",
              },
              Object {
                "at": "On time",
                "crs": "NWD",
                "length": "10",
                "locationName": "Norwood Junction",
                "st": "13:52",
              },
            ],
          },
        },
        "serviceID": "z26fuyfOxIItCpy1p9dj/w==",
        "serviceType": "train",
        "sta": "13:56",
      },
      Object {
        "destination": Object {
          "location": Array [
            Object {
              "crs": "ECR",
              "locationName": "East Croydon",
            },
          ],
        },
        "eta": "On time",
        "operator": "Southern",
        "operatorCode": "SN",
        "origin": Object {
          "location": Array [
            Object {
              "crs": "LBG",
              "locationName": "London Bridge",
            },
          ],
        },
        "platform": "5",
        "previousCallingPoints": Object {
          "callingPointList": Object {
            "callingPoint": Array [
              Object {
                "at": "13:22",
                "crs": "LBG",
                "locationName": "London Bridge",
                "st": "13:19",
              },
              Object {
                "at": "13:26",
                "crs": "SBM",
                "locationName": "South Bermondsey",
                "st": "13:25",
              },
              Object {
                "at": "On time",
                "crs": "QRP",
                "locationName": "Queens Road Peckham",
                "st": "13:28",
              },
              Object {
                "at": "On time",
                "crs": "PMR",
                "locationName": "Peckham Rye",
                "st": "13:31",
              },
              Object {
                "at": "On time",
                "crs": "EDW",
                "locationName": "East Dulwich",
                "st": "13:34",
              },
              Object {
                "at": "On time",
                "crs": "NDL",
                "locationName": "North Dulwich",
                "st": "13:36",
              },
              Object {
                "at": "On time",
                "crs": "TUH",
                "locationName": "Tulse Hill",
                "st": "13:40",
              },
              Object {
                "at": "On time",
                "crs": "STE",
                "locationName": "Streatham",
                "st": "13:44",
              },
              Object {
                "at": "On time",
                "crs": "SRC",
                "locationName": "Streatham Common",
                "st": "13:47",
              },
              Object {
                "at": "On time",
                "crs": "NRB",
                "locationName": "Norbury",
                "st": "13:50",
              },
              Object {
                "at": "On time",
                "crs": "TTH",
                "locationName": "Thornton Heath",
                "st": "13:53",
              },
              Object {
                "at": "On time",
                "crs": "SRS",
                "locationName": "Selhurst",
                "st": "13:56",
              },
            ],
          },
        },
        "serviceID": "hCthuRaq4OnVdByqGoJVww==",
        "serviceType": "train",
        "sta": "13:59",
      },
      Object {
        "destination": Object {
          "location": Array [
            Object {
              "crs": "LBG",
              "locationName": "London Bridge",
              "via": "via Forest Hill",
            },
          ],
        },
        "eta": "On time",
        "length": "10",
        "operator": "Southern",
        "operatorCode": "SN",
        "origin": Object {
          "location": Array [
            Object {
              "crs": "CAT",
              "locationName": "Caterham",
            },
            Object {
              "crs": "TAT",
              "locationName": "Tattenham Corner",
            },
          ],
        },
        "platform": "4",
        "previousCallingPoints": Object {
          "callingPointList": Object {
            "callingPoint": Array [
              Object {
                "at": "On time",
                "crs": "CAT",
                "length": "5",
                "locationName": "Caterham",
                "st": "13:32",
              },
              Object {
                "at": "On time",
                "crs": "WHS",
                "length": "5",
                "locationName": "Whyteleafe South",
                "st": "13:35",
              },
              Object {
                "at": "13:41",
                "crs": "WHY",
                "length": "5",
                "locationName": "Whyteleafe",
                "st": "13:37",
              },
              Object {
                "at": "13:42",
                "crs": "KLY",
                "length": "5",
                "locationName": "Kenley",
                "st": "13:40",
              },
              Object {
                "at": "On time",
                "crs": "PUR",
                "length": "10",
                "locationName": "Purley",
                "st": "13:52",
              },
              Object {
                "at": "13:56",
                "crs": "PUO",
                "length": "10",
                "locationName": "Purley Oaks",
                "st": "13:54",
              },
              Object {
                "crs": "SCY",
                "et": "On time",
                "length": "10",
                "locationName": "South Croydon",
                "st": "13:57",
              },
            ],
          },
        },
        "serviceID": "Cw51+3CKU0TdJjZbIjTj3g==",
        "serviceType": "train",
        "sta": "14:00",
      },
      Object {
        "destination": Object {
          "location": Array [
            Object {
              "crs": "CBG",
              "locationName": "Cambridge",
            },
          ],
        },
        "eta": "On time",
        "length": "12",
        "operator": "Thameslink",
        "operatorCode": "TL",
        "origin": Object {
          "location": Array [
            Object {
              "crs": "GTW",
              "locationName": "Gatwick Airport",
            },
          ],
        },
        "platform": "4",
        "previousCallingPoints": Object {
          "callingPointList": Object {
            "callingPoint": Array [
              Object {
                "at": "On time",
                "crs": "GTW",
                "length": "12",
                "locationName": "Gatwick Airport",
                "st": "13:32",
              },
              Object {
                "at": "On time",
                "crs": "HOR",
                "length": "12",
                "locationName": "Horley",
                "st": "13:34",
              },
              Object {
                "at": "13:40",
                "crs": "SAF",
                "length": "12",
                "locationName": "Salfords",
                "st": "13:38",
              },
              Object {
                "at": "On time",
                "crs": "ELD",
                "length": "12",
                "locationName": "Earlswood (Surrey)",
                "st": "13:42",
              },
              Object {
                "at": "On time",
                "crs": "RDH",
                "length": "12",
                "locationName": "Redhill",
                "st": "13:46",
              },
              Object {
                "crs": "PUR",
                "et": "On time",
                "length": "12",
                "locationName": "Purley",
                "st": "13:57",
              },
            ],
          },
        },
        "serviceID": "I7lbgYlePQ8N38zoBmRXVQ==",
        "serviceType": "train",
        "sta": "14:03",
      },
      Object {
        "destination": Object {
          "location": Array [
            Object {
              "crs": "LWS",
              "locationName": "Lewes",
            },
          ],
        },
        "eta": "On time",
        "length": "8",
        "operator": "Southern",
        "operatorCode": "SN",
        "origin": Object {
          "location": Array [
            Object {
              "crs": "VIC",
              "locationName": "London Victoria",
            },
          ],
        },
        "platform": "3",
        "previousCallingPoints": Object {
          "callingPointList": Object {
            "callingPoint": Array [
              Object {
                "at": "On time",
                "crs": "VIC",
                "length": "8",
                "locationName": "London Victoria",
                "st": "13:46",
              },
              Object {
                "at": "On time",
                "crs": "CLJ",
                "length": "8",
                "locationName": "Clapham Junction",
                "st": "13:53",
              },
            ],
          },
        },
        "rsid": "SN377000",
        "serviceID": "a5ar7XL9XBf2EZuw4mOHpQ==",
        "serviceType": "train",
        "sta": "14:03",
      },
      Object {
        "destination": Object {
          "location": Array [
            Object {
              "crs": "BTN",
              "locationName": "Brighton",
            },
          ],
        },
        "eta": "On time",
        "length": "12",
        "operator": "Thameslink",
        "operatorCode": "TL",
        "origin": Object {
          "location": Array [
            Object {
              "crs": "BDM",
              "locationName": "Bedford",
            },
          ],
        },
        "platform": "6",
        "previousCallingPoints": Object {
          "callingPointList": Object {
            "callingPoint": Array [
              Object {
                "at": "On time",
                "crs": "BDM",
                "length": "12",
                "locationName": "Bedford",
                "st": "12:21",
              },
              Object {
                "at": "On time",
                "crs": "FLT",
                "length": "12",
                "locationName": "Flitwick",
                "st": "12:32",
              },
              Object {
                "at": "On time",
                "crs": "HLN",
                "length": "12",
                "locationName": "Harlington",
                "st": "12:36",
              },
              Object {
                "at": "On time",
                "crs": "LEA",
                "length": "12",
                "locationName": "Leagrave",
                "st": "12:41",
              },
              Object {
                "at": "On time",
                "crs": "LUT",
                "length": "12",
                "locationName": "Luton",
                "st": "12:46",
              },
              Object {
                "at": "On time",
                "crs": "LTN",
                "length": "12",
                "locationName": "Luton Airport Parkway",
                "st": "12:49",
              },
              Object {
                "at": "On time",
                "crs": "HPD",
                "length": "12",
                "locationName": "Harpenden",
                "st": "12:54",
              },
              Object {
                "at": "On time",
                "crs": "SAC",
                "length": "12",
                "locationName": "St Albans",
                "st": "13:00",
              },
              Object {
                "at": "On time",
                "crs": "WHP",
                "length": "12",
                "locationName": "West Hampstead Thameslink",
                "st": "13:15",
              },
              Object {
                "at": "On time",
                "crs": "STP",
                "length": "12",
                "locationName": "London St Pancras (Intl)",
                "st": "13:26",
              },
              Object {
                "at": "On time",
                "crs": "ZFD",
                "length": "12",
                "locationName": "Farringdon Underground",
                "st": "13:30",
              },
              Object {
                "at": "On time",
                "crs": "BFR",
                "length": "12",
                "locationName": "London Blackfriars",
                "st": "13:35",
              },
            ],
          },
        },
        "rsid": "TL017000",
        "serviceID": "AKqlFj5Qc0WnNXf/L80eFw==",
        "serviceType": "train",
        "sta": "14:06",
      },
      Object {
        "cancelReason": "This train has been cancelled because of earlier engineering works not being finished on time",
        "delayReason": "This train has been delayed by earlier engineering works not being finished on time",
        "destination": Object {
          "location": Array [
            Object {
              "crs": "VIC",
              "locationName": "London Victoria",
            },
          ],
        },
        "eta": "14:15",
        "length": "12",
        "operator": "Southern",
        "operatorCode": "SN",
        "origin": Object {
          "location": Array [
            Object {
              "crs": "BAA",
              "locationName": "Barnham",
            },
            Object {
              "crs": "HAV",
              "locationName": "Havant",
            },
          ],
        },
        "platform": "2",
        "previousCallingPoints": Object {
          "callingPointList": Object {
            "callingPoint": Array [
              Object {
                "at": "Cancelled",
                "crs": "BOG",
                "length": "4",
                "locationName": "Bognor Regis",
                "st": "12:31",
              },
              Object {
                "at": "12:51",
                "crs": "BAA",
                "length": "12",
                "locationName": "Barnham",
                "st": "12:45",
              },
              Object {
                "at": "12:57",
                "crs": "FOD",
                "length": "12",
                "locationName": "Ford",
                "st": "12:49",
              },
              Object {
                "at": "13:01",
                "crs": "ARU",
                "length": "12",
                "locationName": "Arundel",
                "st": "12:54",
              },
              Object {
                "at": "13:07",
                "crs": "AMY",
                "length": "12",
                "locationName": "Amberley",
                "st": "12:58",
              },
              Object {
                "at": "13:13",
                "crs": "PUL",
                "length": "12",
                "locationName": "Pulborough",
                "st": "13:04",
              },
              Object {
                "at": "13:21",
                "crs": "BIG",
                "length": "12",
                "locationName": "Billingshurst",
                "st": "13:11",
              },
              Object {
                "at": "13:27",
                "crs": "CHH",
                "length": "12",
                "locationName": "Christs Hospital",
                "st": "13:17",
              },
              Object {
                "at": "13:31",
                "crs": "HRH",
                "length": "12",
                "locationName": "Horsham",
                "st": "13:21",
              },
              Object {
                "at": "13:40",
                "crs": "CRW",
                "length": "12",
                "locationName": "Crawley",
                "st": "13:30",
              },
              Object {
                "at": "13:44",
                "crs": "TBD",
                "length": "12",
                "locationName": "Three Bridges",
                "st": "13:35",
              },
              Object {
                "at": "13:50",
                "crs": "GTW",
                "length": "12",
                "locationName": "Gatwick Airport",
                "st": "13:41",
              },
              Object {
                "crs": "RDH",
                "et": "14:02",
                "length": "12",
                "locationName": "Redhill",
                "st": "13:50",
              },
              Object {
                "crs": "CDS",
                "et": "14:09",
                "length": "12",
                "locationName": "Coulsdon South",
                "st": "13:57",
              },
            ],
          },
        },
        "serviceID": "MoV6UHw+KZoomovkR+1ugA==",
        "serviceType": "train",
        "sta": "14:06",
      },
      Object {
        "destination": Object {
          "location": Array [
            Object {
              "crs": "EGR",
              "locationName": "East Grinstead",
            },
          ],
        },
        "eta": "On time",
        "length": "10",
        "operator": "Southern",
        "operatorCode": "SN",
        "origin": Object {
          "location": Array [
            Object {
              "crs": "VIC",
              "locationName": "London Victoria",
            },
          ],
        },
        "platform": "4",
        "previousCallingPoints": Object {
          "callingPointList": Object {
            "callingPoint": Array [
              Object {
                "at": "13:54",
                "crs": "VIC",
                "length": "10",
                "locationName": "London Victoria",
                "st": "13:52",
              },
              Object {
                "crs": "CLJ",
                "et": "On time",
                "length": "10",
                "locationName": "Clapham Junction",
                "st": "13:59",
              },
            ],
          },
        },
        "serviceID": "53QvLeRfp5mbEXL/08Fw4Q==",
        "serviceType": "train",
        "sta": "14:10",
      },
    ],
  },
}
`;

exports[`sends a reques with more parameters correctly 1`] = `
Object {
  "$": Object {
    "xmlns:lt": "http://thalesgroup.com/RTTI/2012-01-13/ldb/types",
    "xmlns:lt2": "http://thalesgroup.com/RTTI/2014-02-20/ldb/types",
    "xmlns:lt3": "http://thalesgroup.com/RTTI/2015-05-14/ldb/types",
    "xmlns:lt4": "http://thalesgroup.com/RTTI/2015-11-27/ldb/types",
    "xmlns:lt5": "http://thalesgroup.com/RTTI/2016-02-16/ldb/types",
    "xmlns:lt6": "http://thalesgroup.com/RTTI/2017-02-02/ldb/types",
    "xmlns:lt7": "http://thalesgroup.com/RTTI/2017-10-01/ldb/types",
  },
  "crs": "ECR",
  "generatedAt": "2019-12-15T13:57:39.4251321+00:00",
  "locationName": "East Croydon",
  "platformAvailable": "true",
  "trainServices": Object {
    "service": Array [
      Object {
        "destination": Object {
          "location": Array [
            Object {
              "crs": "VIC",
              "locationName": "London Victoria",
            },
          ],
        },
        "eta": "On time",
        "length": "8",
        "operator": "Southern",
        "operatorCode": "SN",
        "origin": Object {
          "location": Array [
            Object {
              "crs": "EGR",
              "locationName": "East Grinstead",
            },
          ],
        },
        "platform": "2",
        "previousCallingPoints": Object {
          "callingPointList": Object {
            "callingPoint": Array [
              Object {
                "at": "On time",
                "crs": "EGR",
                "length": "8",
                "locationName": "East Grinstead",
                "st": "13:12",
              },
              Object {
                "at": "On time",
                "crs": "DMS",
                "length": "8",
                "locationName": "Dormans",
                "st": "13:16",
              },
              Object {
                "at": "No report",
                "crs": "LFD",
                "length": "8",
                "locationName": "Lingfield",
                "st": "13:19",
              },
              Object {
                "at": "On time",
                "crs": "HUR",
                "length": "8",
                "locationName": "Hurst Green",
                "st": "13:26",
              },
              Object {
                "at": "On time",
                "crs": "OXT",
                "length": "8",
                "locationName": "Oxted",
                "st": "13:29",
              },
              Object {
                "at": "On time",
                "crs": "WOH",
                "length": "8",
                "locationName": "Woldingham",
                "st": "13:35",
              },
              Object {
                "at": "On time",
                "crs": "UWL",
                "length": "8",
                "locationName": "Upper Warlingham",
                "st": "13:38",
              },
              Object {
                "at": "On time",
                "crs": "RDD",
                "length": "8",
                "locationName": "Riddlesdown",
                "st": "13:42",
              },
              Object {
                "at": "13:48",
                "crs": "SNR",
                "length": "8",
                "locationName": "Sanderstead",
                "st": "13:46",
              },
            ],
          },
        },
        "serviceID": "zHN1qYqF7kZefiS0DIa3bw==",
        "serviceType": "train",
        "sta": "13:53",
      },
      Object {
        "cancelReason": "This train has been cancelled because of earlier engineering works not being finished on time",
        "delayReason": "This train has been delayed by earlier engineering works not being finished on time",
        "destination": Object {
          "location": Array [
            Object {
              "crs": "PMH",
              "locationName": "Portsmouth Harbour",
              "via": "via Horsham ",
            },
            Object {
              "crs": "BOG",
              "locationName": "Bognor Regis",
              "via": "via Horsham ",
            },
          ],
        },
        "eta": "14:07",
        "length": "12",
        "operator": "Southern",
        "operatorCode": "SN",
        "origin": Object {
          "location": Array [
            Object {
              "crs": "VIC",
              "locationName": "London Victoria",
            },
          ],
        },
        "platform": "6",
        "previousCallingPoints": Object {
          "callingPointList": Object {
            "callingPoint": Array [
              Object {
                "at": "13:50",
                "crs": "VIC",
                "length": "12",
                "locationName": "London Victoria",
                "st": "13:35",
              },
              Object {
                "at": "13:56",
                "crs": "CLJ",
                "length": "12",
                "locationName": "Clapham Junction",
                "st": "13:42",
              },
            ],
          },
        },
        "rsid": "SN670303",
        "serviceID": "fYFNYyHSm4/9gwPfcyvIHA==",
        "serviceType": "train",
        "sta": "13:53",
      },
      Object {
        "destination": Object {
          "location": Array [
            Object {
              "crs": "CAT",
              "locationName": "Caterham",
            },
            Object {
              "crs": "TAT",
              "locationName": "Tattenham Corner",
            },
          ],
        },
        "eta": "On time",
        "length": "10",
        "operator": "Southern",
        "operatorCode": "SN",
        "origin": Object {
          "location": Array [
            Object {
              "crs": "LBG",
              "locationName": "London Bridge",
            },
          ],
        },
        "platform": "6",
        "previousCallingPoints": Object {
          "callingPointList": Object {
            "callingPoint": Array [
              Object {
                "at": "On time",
                "crs": "LBG",
                "length": "10",
                "locationName": "London Bridge",
                "st": "13:24",
              },
              Object {
                "at": "On time",
                "crs": "NXG",
                "length": "10",
                "locationName": "New Cross Gate",
                "st": "13:30",
              },
              Object {
                "at": "On time",
                "crs": "BCY",
                "length": "10",
                "locationName": "Brockley",
                "st": "13:33",
              },
              Object {
                "at": "On time",
                "crs": "HPA",
                "length": "10",
                "locationName": "Honor Oak Park",
                "st": "13:35",
              },
              Object {
                "at": "On time",
                "crs": "FOH",
                "length": "10",
                "locationName": "Forest Hill",
                "st": "13:38",
              },
              Object {
                "at": "On time",
                "crs": "SYD",
                "length": "10",
                "locationName": "Sydenham",
                "st": "13:41",
              },
              Object {
                "at": "On time",
                "crs": "PNW",
                "length": "10",
                "locationName": "Penge West",
                "st": "13:43",
              },
              Object {
                "at": "On time",
                "crs": "ANZ",
                "length": "10",
                "locationName": "Anerley",
                "st": "13:45",
              },
              Object {
                "at": "On time",
                "crs": "NWD",
                "length": "10",
                "locationName": "Norwood Junction",
                "st": "13:52",
              },
            ],
          },
        },
        "serviceID": "z26fuyfOxIItCpy1p9dj/w==",
        "serviceType": "train",
        "sta": "13:56",
      },
      Object {
        "destination": Object {
          "location": Array [
            Object {
              "crs": "ECR",
              "locationName": "East Croydon",
            },
          ],
        },
        "eta": "On time",
        "operator": "Southern",
        "operatorCode": "SN",
        "origin": Object {
          "location": Array [
            Object {
              "crs": "LBG",
              "locationName": "London Bridge",
            },
          ],
        },
        "platform": "5",
        "previousCallingPoints": Object {
          "callingPointList": Object {
            "callingPoint": Array [
              Object {
                "at": "13:22",
                "crs": "LBG",
                "locationName": "London Bridge",
                "st": "13:19",
              },
              Object {
                "at": "13:26",
                "crs": "SBM",
                "locationName": "South Bermondsey",
                "st": "13:25",
              },
              Object {
                "at": "On time",
                "crs": "QRP",
                "locationName": "Queens Road Peckham",
                "st": "13:28",
              },
              Object {
                "at": "On time",
                "crs": "PMR",
                "locationName": "Peckham Rye",
                "st": "13:31",
              },
              Object {
                "at": "On time",
                "crs": "EDW",
                "locationName": "East Dulwich",
                "st": "13:34",
              },
              Object {
                "at": "On time",
                "crs": "NDL",
                "locationName": "North Dulwich",
                "st": "13:36",
              },
              Object {
                "at": "On time",
                "crs": "TUH",
                "locationName": "Tulse Hill",
                "st": "13:40",
              },
              Object {
                "at": "On time",
                "crs": "STE",
                "locationName": "Streatham",
                "st": "13:44",
              },
              Object {
                "at": "On time",
                "crs": "SRC",
                "locationName": "Streatham Common",
                "st": "13:47",
              },
              Object {
                "at": "On time",
                "crs": "NRB",
                "locationName": "Norbury",
                "st": "13:50",
              },
              Object {
                "at": "On time",
                "crs": "TTH",
                "locationName": "Thornton Heath",
                "st": "13:53",
              },
              Object {
                "at": "On time",
                "crs": "SRS",
                "locationName": "Selhurst",
                "st": "13:56",
              },
            ],
          },
        },
        "serviceID": "hCthuRaq4OnVdByqGoJVww==",
        "serviceType": "train",
        "sta": "13:59",
      },
      Object {
        "destination": Object {
          "location": Array [
            Object {
              "crs": "LBG",
              "locationName": "London Bridge",
              "via": "via Forest Hill",
            },
          ],
        },
        "eta": "On time",
        "length": "10",
        "operator": "Southern",
        "operatorCode": "SN",
        "origin": Object {
          "location": Array [
            Object {
              "crs": "CAT",
              "locationName": "Caterham",
            },
            Object {
              "crs": "TAT",
              "locationName": "Tattenham Corner",
            },
          ],
        },
        "platform": "4",
        "previousCallingPoints": Object {
          "callingPointList": Object {
            "callingPoint": Array [
              Object {
                "at": "On time",
                "crs": "CAT",
                "length": "5",
                "locationName": "Caterham",
                "st": "13:32",
              },
              Object {
                "at": "On time",
                "crs": "WHS",
                "length": "5",
                "locationName": "Whyteleafe South",
                "st": "13:35",
              },
              Object {
                "at": "13:41",
                "crs": "WHY",
                "length": "5",
                "locationName": "Whyteleafe",
                "st": "13:37",
              },
              Object {
                "at": "13:42",
                "crs": "KLY",
                "length": "5",
                "locationName": "Kenley",
                "st": "13:40",
              },
              Object {
                "at": "On time",
                "crs": "PUR",
                "length": "10",
                "locationName": "Purley",
                "st": "13:52",
              },
              Object {
                "at": "13:56",
                "crs": "PUO",
                "length": "10",
                "locationName": "Purley Oaks",
                "st": "13:54",
              },
              Object {
                "crs": "SCY",
                "et": "On time",
                "length": "10",
                "locationName": "South Croydon",
                "st": "13:57",
              },
            ],
          },
        },
        "serviceID": "Cw51+3CKU0TdJjZbIjTj3g==",
        "serviceType": "train",
        "sta": "14:00",
      },
      Object {
        "destination": Object {
          "location": Array [
            Object {
              "crs": "CBG",
              "locationName": "Cambridge",
            },
          ],
        },
        "eta": "On time",
        "length": "12",
        "operator": "Thameslink",
        "operatorCode": "TL",
        "origin": Object {
          "location": Array [
            Object {
              "crs": "GTW",
              "locationName": "Gatwick Airport",
            },
          ],
        },
        "platform": "4",
        "previousCallingPoints": Object {
          "callingPointList": Object {
            "callingPoint": Array [
              Object {
                "at": "On time",
                "crs": "GTW",
                "length": "12",
                "locationName": "Gatwick Airport",
                "st": "13:32",
              },
              Object {
                "at": "On time",
                "crs": "HOR",
                "length": "12",
                "locationName": "Horley",
                "st": "13:34",
              },
              Object {
                "at": "13:40",
                "crs": "SAF",
                "length": "12",
                "locationName": "Salfords",
                "st": "13:38",
              },
              Object {
                "at": "On time",
                "crs": "ELD",
                "length": "12",
                "locationName": "Earlswood (Surrey)",
                "st": "13:42",
              },
              Object {
                "at": "On time",
                "crs": "RDH",
                "length": "12",
                "locationName": "Redhill",
                "st": "13:46",
              },
              Object {
                "crs": "PUR",
                "et": "On time",
                "length": "12",
                "locationName": "Purley",
                "st": "13:57",
              },
            ],
          },
        },
        "serviceID": "I7lbgYlePQ8N38zoBmRXVQ==",
        "serviceType": "train",
        "sta": "14:03",
      },
      Object {
        "destination": Object {
          "location": Array [
            Object {
              "crs": "LWS",
              "locationName": "Lewes",
            },
          ],
        },
        "eta": "On time",
        "length": "8",
        "operator": "Southern",
        "operatorCode": "SN",
        "origin": Object {
          "location": Array [
            Object {
              "crs": "VIC",
              "locationName": "London Victoria",
            },
          ],
        },
        "platform": "3",
        "previousCallingPoints": Object {
          "callingPointList": Object {
            "callingPoint": Array [
              Object {
                "at": "On time",
                "crs": "VIC",
                "length": "8",
                "locationName": "London Victoria",
                "st": "13:46",
              },
              Object {
                "at": "On time",
                "crs": "CLJ",
                "length": "8",
                "locationName": "Clapham Junction",
                "st": "13:53",
              },
            ],
          },
        },
        "rsid": "SN377000",
        "serviceID": "a5ar7XL9XBf2EZuw4mOHpQ==",
        "serviceType": "train",
        "sta": "14:03",
      },
      Object {
        "destination": Object {
          "location": Array [
            Object {
              "crs": "BTN",
              "locationName": "Brighton",
            },
          ],
        },
        "eta": "On time",
        "length": "12",
        "operator": "Thameslink",
        "operatorCode": "TL",
        "origin": Object {
          "location": Array [
            Object {
              "crs": "BDM",
              "locationName": "Bedford",
            },
          ],
        },
        "platform": "6",
        "previousCallingPoints": Object {
          "callingPointList": Object {
            "callingPoint": Array [
              Object {
                "at": "On time",
                "crs": "BDM",
                "length": "12",
                "locationName": "Bedford",
                "st": "12:21",
              },
              Object {
                "at": "On time",
                "crs": "FLT",
                "length": "12",
                "locationName": "Flitwick",
                "st": "12:32",
              },
              Object {
                "at": "On time",
                "crs": "HLN",
                "length": "12",
                "locationName": "Harlington",
                "st": "12:36",
              },
              Object {
                "at": "On time",
                "crs": "LEA",
                "length": "12",
                "locationName": "Leagrave",
                "st": "12:41",
              },
              Object {
                "at": "On time",
                "crs": "LUT",
                "length": "12",
                "locationName": "Luton",
                "st": "12:46",
              },
              Object {
                "at": "On time",
                "crs": "LTN",
                "length": "12",
                "locationName": "Luton Airport Parkway",
                "st": "12:49",
              },
              Object {
                "at": "On time",
                "crs": "HPD",
                "length": "12",
                "locationName": "Harpenden",
                "st": "12:54",
              },
              Object {
                "at": "On time",
                "crs": "SAC",
                "length": "12",
                "locationName": "St Albans",
                "st": "13:00",
              },
              Object {
                "at": "On time",
                "crs": "WHP",
                "length": "12",
                "locationName": "West Hampstead Thameslink",
                "st": "13:15",
              },
              Object {
                "at": "On time",
                "crs": "STP",
                "length": "12",
                "locationName": "London St Pancras (Intl)",
                "st": "13:26",
              },
              Object {
                "at": "On time",
                "crs": "ZFD",
                "length": "12",
                "locationName": "Farringdon Underground",
                "st": "13:30",
              },
              Object {
                "at": "On time",
                "crs": "BFR",
                "length": "12",
                "locationName": "London Blackfriars",
                "st": "13:35",
              },
            ],
          },
        },
        "rsid": "TL017000",
        "serviceID": "AKqlFj5Qc0WnNXf/L80eFw==",
        "serviceType": "train",
        "sta": "14:06",
      },
      Object {
        "cancelReason": "This train has been cancelled because of earlier engineering works not being finished on time",
        "delayReason": "This train has been delayed by earlier engineering works not being finished on time",
        "destination": Object {
          "location": Array [
            Object {
              "crs": "VIC",
              "locationName": "London Victoria",
            },
          ],
        },
        "eta": "14:15",
        "length": "12",
        "operator": "Southern",
        "operatorCode": "SN",
        "origin": Object {
          "location": Array [
            Object {
              "crs": "BAA",
              "locationName": "Barnham",
            },
            Object {
              "crs": "HAV",
              "locationName": "Havant",
            },
          ],
        },
        "platform": "2",
        "previousCallingPoints": Object {
          "callingPointList": Object {
            "callingPoint": Array [
              Object {
                "at": "Cancelled",
                "crs": "BOG",
                "length": "4",
                "locationName": "Bognor Regis",
                "st": "12:31",
              },
              Object {
                "at": "12:51",
                "crs": "BAA",
                "length": "12",
                "locationName": "Barnham",
                "st": "12:45",
              },
              Object {
                "at": "12:57",
                "crs": "FOD",
                "length": "12",
                "locationName": "Ford",
                "st": "12:49",
              },
              Object {
                "at": "13:01",
                "crs": "ARU",
                "length": "12",
                "locationName": "Arundel",
                "st": "12:54",
              },
              Object {
                "at": "13:07",
                "crs": "AMY",
                "length": "12",
                "locationName": "Amberley",
                "st": "12:58",
              },
              Object {
                "at": "13:13",
                "crs": "PUL",
                "length": "12",
                "locationName": "Pulborough",
                "st": "13:04",
              },
              Object {
                "at": "13:21",
                "crs": "BIG",
                "length": "12",
                "locationName": "Billingshurst",
                "st": "13:11",
              },
              Object {
                "at": "13:27",
                "crs": "CHH",
                "length": "12",
                "locationName": "Christs Hospital",
                "st": "13:17",
              },
              Object {
                "at": "13:31",
                "crs": "HRH",
                "length": "12",
                "locationName": "Horsham",
                "st": "13:21",
              },
              Object {
                "at": "13:40",
                "crs": "CRW",
                "length": "12",
                "locationName": "Crawley",
                "st": "13:30",
              },
              Object {
                "at": "13:44",
                "crs": "TBD",
                "length": "12",
                "locationName": "Three Bridges",
                "st": "13:35",
              },
              Object {
                "at": "13:50",
                "crs": "GTW",
                "length": "12",
                "locationName": "Gatwick Airport",
                "st": "13:41",
              },
              Object {
                "crs": "RDH",
                "et": "14:02",
                "length": "12",
                "locationName": "Redhill",
                "st": "13:50",
              },
              Object {
                "crs": "CDS",
                "et": "14:09",
                "length": "12",
                "locationName": "Coulsdon South",
                "st": "13:57",
              },
            ],
          },
        },
        "serviceID": "MoV6UHw+KZoomovkR+1ugA==",
        "serviceType": "train",
        "sta": "14:06",
      },
      Object {
        "destination": Object {
          "location": Array [
            Object {
              "crs": "EGR",
              "locationName": "East Grinstead",
            },
          ],
        },
        "eta": "On time",
        "length": "10",
        "operator": "Southern",
        "operatorCode": "SN",
        "origin": Object {
          "location": Array [
            Object {
              "crs": "VIC",
              "locationName": "London Victoria",
            },
          ],
        },
        "platform": "4",
        "previousCallingPoints": Object {
          "callingPointList": Object {
            "callingPoint": Array [
              Object {
                "at": "13:54",
                "crs": "VIC",
                "length": "10",
                "locationName": "London Victoria",
                "st": "13:52",
              },
              Object {
                "crs": "CLJ",
                "et": "On time",
                "length": "10",
                "locationName": "Clapham Junction",
                "st": "13:59",
              },
            ],
          },
        },
        "serviceID": "53QvLeRfp5mbEXL/08Fw4Q==",
        "serviceType": "train",
        "sta": "14:10",
      },
    ],
  },
}
`;
